<html>
<body>
<pre>
<h1>µVision Build Log</h1>
<h2>Tool Versions:</h2>
IDE-Version: ¦ÌVision V5.37.0.0
Copyright (C) 2022 ARM Ltd and ARM Germany GmbH. All rights reserved.
License Information: h YH, HYH, LIC=IK1BF-62IZX-8TL3P-MX1H5-F78GV-N9R1Q
 
Tool Versions:
Toolchain:       MDK-ARM Plus  Version: 5.37.0.0
Toolchain Path:  C:\Keil_v5\ARM\ARMCLANG\Bin
C Compiler:      ArmClang.exe V6.18
Assembler:       Armasm.exe V6.18
Linker/Locator:  ArmLink.exe V6.18
Library Manager: ArmAr.exe V6.18
Hex Converter:   FromElf.exe V6.18
CPU DLL:         SARMCM3.DLL V5.37.0.0
Dialog DLL:      DCM.DLL V1.17.5.0
Target DLL:      CMSIS_AGDI.dll V1.33.12.0
Dialog DLL:      TCM.DLL V1.56.1.0
 
<h2>Project:</h2>
C:\Users\86189\Desktop\newest\OMNI_C\MDK-ARM\OMNI_C.uvprojx
Project File Date:  07/14/2024

<h2>Output:</h2>
*** Using Compiler 'V6.18', folder: 'C:\Keil_v5\ARM\ARMCLANG\Bin'
Rebuild target 'OMNI_C'
compiling gpio.c...
compiling stm32f4xx_hal_flash.c...
compiling can.c...
compiling spi.c...
compiling dma.c...
assembling startup_stm32f407xx.s...
compiling stm32f4xx_hal.c...
compiling tim.c...
compiling stm32f4xx_hal_can.c...
compiling stm32f4xx_hal_flash_ramfunc.c...
compiling stm32f4xx_hal_flash_ex.c...
compiling stm32f4xx_hal_pwr_ex.c...
compiling stm32f4xx_it.c...
compiling stm32f4xx_hal_rcc_ex.c...
compiling stm32f4xx_hal_msp.c...
compiling main.c...
compiling stm32f4xx_hal_cortex.c...
compiling usart.c...
compiling stm32f4xx_hal_pwr.c...
compiling stm32f4xx_hal_gpio.c...
compiling stm32f4xx_hal_exti.c...
compiling stm32f4xx_hal_dma.c...
compiling stm32f4xx_hal_rcc.c...
compiling stm32f4xx_hal_dma_ex.c...
compiling system_stm32f4xx.c...
compiling stm32f4xx_hal_spi.c...
compiling stm32f4xx_hal_tim_ex.c...
compiling CAP.c...
compiling stm32f4xx_hal_uart.c...
compiling ATTACK.c...
compiling DBUS.c...
compiling GIMBAL.c...
compiling MOTOR.c...
../Bsp/ctl/src/CHASSIS.c(13): warning: In file included from...
../CAP\superCap.h(5): warning: In file included from...
../CAP/judgeSystem.h(37): warning: 'packed' attribute ignored [-Wignored-attributes]
typedef __packed struct
        ^
../Drivers/STM32F4xx_HAL_Driver/Inc/stm32f4xx_hal_def.h(114): note: expanded from macro '__packed'
    #define __packed  __attribute__((packed))
                                     ^
../Bsp/ctl/src/CHASSIS.c(13): warning: In file included from...
../CAP\superCap.h(5): warning: In file included from...
../CAP/judgeSystem.h(45): warning: 'packed' attribute ignored [-Wignored-attributes]
typedef __packed struct
        ^
../Drivers/STM32F4xx_HAL_Driver/Inc/stm32f4xx_hal_def.h(114): note: expanded from macro '__packed'
    #define __packed  __attribute__((packed))
                                     ^
../Bsp/ctl/src/CHASSIS.c(13): warning: In file included from...
../CAP\superCap.h(5): warning: In file included from...
../CAP/judgeSystem.h(51): warning: 'packed' attribute ignored [-Wignored-attributes]
typedef __packed struct
        ^
../Drivers/STM32F4xx_HAL_Driver/Inc/stm32f4xx_hal_def.h(114): note: expanded from macro '__packed'
    #define __packed  __attribute__((packed))
                                     ^
../Bsp/ctl/src/CHASSIS.c(13): warning: In file included from...
../CAP\superCap.h(5): warning: In file included from...
../CAP/judgeSystem.h(75): warning: 'packed' attribute ignored [-Wignored-attributes]
typedef __packed struct
        ^
../Drivers/STM32F4xx_HAL_Driver/Inc/stm32f4xx_hal_def.h(114): note: expanded from macro '__packed'
    #define __packed  __attribute__((packed))
                                     ^
../Bsp/ctl/src/CHASSIS.c(13): warning: In file included from...
../CAP\superCap.h(5): warning: In file included from...
../CAP/judgeSystem.h(86): warning: 'packed' attribute ignored [-Wignored-attributes]
typedef __packed struct
        ^
../Drivers/STM32F4xx_HAL_Driver/Inc/stm32f4xx_hal_def.h(114): note: expanded from macro '__packed'
    #define __packed  __attribute__((packed))
                                     ^
../Bsp/ctl/src/CHASSIS.c(13): warning: In file included from...
../CAP\superCap.h(5): warning: In file included from...
../CAP/judgeSystem.h(186): warning: 'packed' attribute ignored [-Wignored-attributes]
typedef __packed struct
        ^
../Drivers/STM32F4xx_HAL_Driver/Inc/stm32f4xx_hal_def.h(114): note: expanded from macro '__packed'
    #define __packed  __attribute__((packed))
                                     ^
../Bsp/ctl/src/CHASSIS.c(13): warning: In file included from...
../CAP\superCap.h(5): warning: In file included from...
../CAP/judgeSystem.h(194): warning: 'packed' attribute ignored [-Wignored-attributes]
typedef __packed struct
        ^
../Drivers/STM32F4xx_HAL_Driver/Inc/stm32f4xx_hal_def.h(114): note: expanded from macro '__packed'
    #define __packed  __attribute__((packed))
                                     ^
../Bsp/ctl/src/CHASSIS.c(13): warning: In file included from...
../CAP\superCap.h(5): warning: In file included from...
../CAP/judgeSystem.h(211): warning: 'packed' attribute ignored [-Wignored-attributes]
typedef  __packed struct
         ^
../Drivers/STM32F4xx_HAL_Driver/Inc/stm32f4xx_hal_def.h(114): note: expanded from macro '__packed'
    #define __packed  __attribute__((packed))
                                     ^
../Bsp/ctl/src/CHASSIS.c(13): warning: In file included from...
../CAP\superCap.h(5): warning: In file included from...
../CAP/judgeSystem.h(217): warning: 'packed' attribute ignored [-Wignored-attributes]
typedef __packed struct
        ^
../Drivers/STM32F4xx_HAL_Driver/Inc/stm32f4xx_hal_def.h(114): note: expanded from macro '__packed'
    #define __packed  __attribute__((packed))
                                     ^
../Bsp/ctl/src/CHASSIS.c(13): warning: In file included from...
../CAP\superCap.h(5): warning: In file included from...
../CAP/judgeSystem.h(222): warning: 'packed' attribute ignored [-Wignored-attributes]
typedef __packed struct
        ^
../Drivers/STM32F4xx_HAL_Driver/Inc/stm32f4xx_hal_def.h(114): note: expanded from macro '__packed'
    #define __packed  __attribute__((packed))
                                     ^
../Bsp/ctl/src/CHASSIS.c(13): warning: In file included from...
../CAP\superCap.h(5): warning: In file included from...
../CAP/judgeSystem.h(227): warning: 'packed' attribute ignored [-Wignored-attributes]
typedef __packed struct
        ^
../Drivers/STM32F4xx_HAL_Driver/Inc/stm32f4xx_hal_def.h(114): note: expanded from macro '__packed'
    #define __packed  __attribute__((packed))
                                     ^
../Bsp/ctl/src/CHASSIS.c(13): warning: In file included from...
../CAP\superCap.h(5): warning: In file included from...
../CAP/judgeSystem.h(233): warning: 'packed' attribute ignored [-Wignored-attributes]
typedef __packed struct
        ^
../Drivers/STM32F4xx_HAL_Driver/Inc/stm32f4xx_hal_def.h(114): note: expanded from macro '__packed'
    #define __packed  __attribute__((packed))
                                     ^
../Bsp/ctl/src/CHASSIS.c(13): warning: In file included from...
../CAP\superCap.h(5): warning: In file included from...
../CAP/judgeSystem.h(240): warning: 'packed' attribute ignored [-Wignored-attributes]
typedef __packed struct
        ^
../Drivers/STM32F4xx_HAL_Driver/Inc/stm32f4xx_hal_def.h(114): note: expanded from macro '__packed'
    #define __packed  __attribute__((packed))
                                     ^
../Bsp/ctl/src/CHASSIS.c(13): warning: In file included from...
../CAP\superCap.h(5): warning: In file included from...
../CAP/judgeSystem.h(250): warning: 'packed' attribute ignored [-Wignored-attributes]
typedef __packed struct
        ^
../Drivers/STM32F4xx_HAL_Driver/Inc/stm32f4xx_hal_def.h(114): note: expanded from macro '__packed'
    #define __packed  __attribute__((packed))
                                     ^
../Bsp/ctl/src/CHASSIS.c(13): warning: In file included from...
../CAP\superCap.h(5): warning: In file included from...
../CAP/judgeSystem.h(260): warning: 'packed' attribute ignored [-Wignored-attributes]
typedef __packed struct
        ^
../Drivers/STM32F4xx_HAL_Driver/Inc/stm32f4xx_hal_def.h(114): note: expanded from macro '__packed'
    #define __packed  __attribute__((packed))
                                     ^
../Bsp/ctl/src/CHASSIS.c(13): warning: In file included from...
../CAP\superCap.h(5): warning: In file included from...
../CAP/judgeSystem.h(270): warning: 'packed' attribute ignored [-Wignored-attributes]
typedef __packed struct
        ^
../Drivers/STM32F4xx_HAL_Driver/Inc/stm32f4xx_hal_def.h(114): note: expanded from macro '__packed'
    #define __packed  __attribute__((packed))
                                     ^
../Bsp/ctl/src/CHASSIS.c(13): warning: In file included from...
../CAP\superCap.h(5): warning: In file included from...
../CAP/judgeSystem.h(280): warning: 'packed' attribute ignored [-Wignored-attributes]
typedef __packed struct
        ^
../Drivers/STM32F4xx_HAL_Driver/Inc/stm32f4xx_hal_def.h(114): note: expanded from macro '__packed'
    #define __packed  __attribute__((packed))
                                     ^
../Bsp/ctl/src/CHASSIS.c(13): warning: In file included from...
../CAP/superCap.h(6): warning: In file included from...
../CAP/CAN_receive.h(81): warning: attribute 'packed' is ignored, place it after "struct" to apply attribute to type declaration [-Wignored-attributes]
__packed struct canBoll_typedef
^
../Drivers/STM32F4xx_HAL_Driver/Inc/stm32f4xx_hal_def.h(114): note: expanded from macro '__packed'
    #define __packed  __attribute__((packed))
                                     ^
18 warnings generated.
compiling CHASSIS.c...
compiling stm32f4xx_hal_tim.c...
compiling PID.c...
compiling TOP.c...
compiling TIM_DEV.c...
compiling CAN_DEV.c...
compiling USART_DEV.c...
compiling JUDGEMENT.c...
compiling VISION.c...
compiling YU_MATH.c...
compiling VOFA.c...
compiling ROOT.c...
compiling bmi088.c...
compiling CRC_DJI.c...
compiling Read_Data.c...
compiling Anonymity_TX.c...
compiling shu_math.c...
compiling kalman_filter.c...
../CAP/superCap.c(1): warning: In file included from...
../CAP/superCap.h(5): warning: In file included from...
../CAP/judgeSystem.h(37): warning: 'packed' attribute ignored [-Wignored-attributes]
typedef __packed struct
        ^
../Drivers/STM32F4xx_HAL_Driver/Inc/stm32f4xx_hal_def.h(114): note: expanded from macro '__packed'
    #define __packed  __attribute__((packed))
                                     ^
../CAP/superCap.c(1): warning: In file included from...
../CAP/superCap.h(5): warning: In file included from...
../CAP/judgeSystem.h(45): warning: 'packed' attribute ignored [-Wignored-attributes]
typedef __packed struct
        ^
../Drivers/STM32F4xx_HAL_Driver/Inc/stm32f4xx_hal_def.h(114): note: expanded from macro '__packed'
    #define __packed  __attribute__((packed))
                                     ^
../CAP/superCap.c(1): warning: In file included from...
../CAP/superCap.h(5): warning: In file included from...
../CAP/judgeSystem.h(51): warning: 'packed' attribute ignored [-Wignored-attributes]
typedef __packed struct
        ^
../Drivers/STM32F4xx_HAL_Driver/Inc/stm32f4xx_hal_def.h(114): note: expanded from macro '__packed'
    #define __packed  __attribute__((packed))
                                     ^
../CAP/superCap.c(1): warning: In file included from...
../CAP/superCap.h(5): warning: In file included from...
../CAP/judgeSystem.h(75): warning: 'packed' attribute ignored [-Wignored-attributes]
typedef __packed struct
        ^
../Drivers/STM32F4xx_HAL_Driver/Inc/stm32f4xx_hal_def.h(114): note: expanded from macro '__packed'
    #define __packed  __attribute__((packed))
                                     ^
../CAP/superCap.c(1): warning: In file included from...
../CAP/superCap.h(5): warning: In file included from...
../CAP/judgeSystem.h(86): warning: 'packed' attribute ignored [-Wignored-attributes]
typedef __packed struct
        ^
../Drivers/STM32F4xx_HAL_Driver/Inc/stm32f4xx_hal_def.h(114): note: expanded from macro '__packed'
    #define __packed  __attribute__((packed))
                                     ^
../CAP/superCap.c(1): warning: In file included from...
../CAP/superCap.h(5): warning: In file included from...
../CAP/judgeSystem.h(186): warning: 'packed' attribute ignored [-Wignored-attributes]
typedef __packed struct
        ^
../Drivers/STM32F4xx_HAL_Driver/Inc/stm32f4xx_hal_def.h(114): note: expanded from macro '__packed'
    #define __packed  __attribute__((packed))
                                     ^
../CAP/superCap.c(1): warning: In file included from...
../CAP/superCap.h(5): warning: In file included from...
../CAP/judgeSystem.h(194): warning: 'packed' attribute ignored [-Wignored-attributes]
typedef __packed struct
        ^
../Drivers/STM32F4xx_HAL_Driver/Inc/stm32f4xx_hal_def.h(114): note: expanded from macro '__packed'
    #define __packed  __attribute__((packed))
                                     ^
../CAP/superCap.c(1): warning: In file included from...
../CAP/superCap.h(5): warning: In file included from...
../CAP/judgeSystem.h(211): warning: 'packed' attribute ignored [-Wignored-attributes]
typedef  __packed struct
         ^
../Drivers/STM32F4xx_HAL_Driver/Inc/stm32f4xx_hal_def.h(114): note: expanded from macro '__packed'
    #define __packed  __attribute__((packed))
                                     ^
../CAP/superCap.c(1): warning: In file included from...
../CAP/superCap.h(5): warning: In file included from...
../CAP/judgeSystem.h(217): warning: 'packed' attribute ignored [-Wignored-attributes]
typedef __packed struct
        ^
../Drivers/STM32F4xx_HAL_Driver/Inc/stm32f4xx_hal_def.h(114): note: expanded from macro '__packed'
    #define __packed  __attribute__((packed))
                                     ^
../CAP/superCap.c(1): warning: In file included from...
../CAP/superCap.h(5): warning: In file included from...
../CAP/judgeSystem.h(222): warning: 'packed' attribute ignored [-Wignored-attributes]
typedef __packed struct
        ^
../Drivers/STM32F4xx_HAL_Driver/Inc/stm32f4xx_hal_def.h(114): note: expanded from macro '__packed'
    #define __packed  __attribute__((packed))
                                     ^
../CAP/superCap.c(1): warning: In file included from...
../CAP/superCap.h(5): warning: In file included from...
../CAP/judgeSystem.h(227): warning: 'packed' attribute ignored [-Wignored-attributes]
typedef __packed struct
        ^
../Drivers/STM32F4xx_HAL_Driver/Inc/stm32f4xx_hal_def.h(114): note: expanded from macro '__packed'
    #define __packed  __attribute__((packed))
                                     ^
../CAP/superCap.c(1): warning: In file included from...
../CAP/superCap.h(5): warning: In file included from...
../CAP/judgeSystem.h(233): warning: 'packed' attribute ignored [-Wignored-attributes]
typedef __packed struct
        ^
../Drivers/STM32F4xx_HAL_Driver/Inc/stm32f4xx_hal_def.h(114): note: expanded from macro '__packed'
    #define __packed  __attribute__((packed))
                                     ^
../CAP/superCap.c(1): warning: In file included from...
../CAP/superCap.h(5): warning: In file included from...
../CAP/judgeSystem.h(240): warning: 'packed' attribute ignored [-Wignored-attributes]
typedef __packed struct
        ^
../Drivers/STM32F4xx_HAL_Driver/Inc/stm32f4xx_hal_def.h(114): note: expanded from macro '__packed'
    #define __packed  __attribute__((packed))
                                     ^
../CAP/superCap.c(1): warning: In file included from...
../CAP/superCap.h(5): warning: In file included from...
../CAP/judgeSystem.h(250): warning: 'packed' attribute ignored [-Wignored-attributes]
typedef __packed struct
        ^
../Drivers/STM32F4xx_HAL_Driver/Inc/stm32f4xx_hal_def.h(114): note: expanded from macro '__packed'
    #define __packed  __attribute__((packed))
                                     ^
../CAP/superCap.c(1): warning: In file included from...
../CAP/superCap.h(5): warning: In file included from...
../CAP/judgeSystem.h(260): warning: 'packed' attribute ignored [-Wignored-attributes]
typedef __packed struct
        ^
../Drivers/STM32F4xx_HAL_Driver/Inc/stm32f4xx_hal_def.h(114): note: expanded from macro '__packed'
    #define __packed  __attribute__((packed))
                                     ^
../CAP/superCap.c(1): warning: In file included from...
../CAP/superCap.h(5): warning: In file included from...
../CAP/judgeSystem.h(270): warning: 'packed' attribute ignored [-Wignored-attributes]
typedef __packed struct
        ^
../Drivers/STM32F4xx_HAL_Driver/Inc/stm32f4xx_hal_def.h(114): note: expanded from macro '__packed'
    #define __packed  __attribute__((packed))
                                     ^
../CAP/superCap.c(1): warning: In file included from...
../CAP/superCap.h(5): warning: In file included from...
../CAP/judgeSystem.h(280): warning: 'packed' attribute ignored [-Wignored-attributes]
typedef __packed struct
        ^
../Drivers/STM32F4xx_HAL_Driver/Inc/stm32f4xx_hal_def.h(114): note: expanded from macro '__packed'
    #define __packed  __attribute__((packed))
                                     ^
../CAP/superCap.c(1): warning: In file included from...
../CAP/superCap.h(6): warning: In file included from...
../CAP/CAN_receive.h(81): warning: attribute 'packed' is ignored, place it after "struct" to apply attribute to type declaration [-Wignored-attributes]
__packed struct canBoll_typedef
^
../Drivers/STM32F4xx_HAL_Driver/Inc/stm32f4xx_hal_def.h(114): note: expanded from macro '__packed'
    #define __packed  __attribute__((packed))
                                     ^
../CAP/superCap.c(2): warning: In file included from...
../CAP/user_define.h(3): warning: In file included from...
../CAP/remote_control.h(90): warning: 'packed' attribute ignored [-Wignored-attributes]
typedef __packed struct
        ^
../Drivers/STM32F4xx_HAL_Driver/Inc/stm32f4xx_hal_def.h(114): note: expanded from macro '__packed'
    #define __packed  __attribute__((packed))
                                     ^
19 warnings generated.
compiling superCap.c...
compiling Write_Data.c...
linking...
Program Size: Code=29828 RO-data=1472 RW-data=16 ZI-data=4424  
FromELF: creating hex file...
"OMNI_C\OMNI_C.axf" - 0 Error(s), 37 Warning(s).

<h2>Software Packages used:</h2>

Package Vendor: ARM
                http://www.keil.com/pack/ARM.CMSIS.5.9.0.pack
                ARM.CMSIS.5.9.0
                CMSIS (Common Microcontroller Software Interface Standard)
   * Component: CORE Version: 5.6.0

Package Vendor: Keil
                http://www.keil.com/pack/Keil.STM32F4xx_DFP.2.15.0.pack
                Keil.STM32F4xx_DFP.2.15.0
                STMicroelectronics STM32F4 Series Device Support, Drivers and Examples

<h2>Collection of Component include folders:</h2>
  ./RTE/_OMNI_C
  C:/Users/86189/AppData/Local/Arm/Packs/ARM/CMSIS/5.9.0/CMSIS/Core/Include
  C:/Users/86189/AppData/Local/Arm/Packs/Keil/STM32F4xx_DFP/2.15.0/Drivers/CMSIS/Device/ST/STM32F4xx/Include

<h2>Collection of Component Files used:</h2>

   * Component: ARM::CMSIS:CORE:5.6.0
      Include file:  CMSIS/Core/Include/tz_context.h
Build Time Elapsed:  00:00:03
</pre>
</body>
</html>
