Component: Arm Compiler for Embedded 6.18 Tool: armlink [5e4cc100]

==============================================================================

Section Cross References

    startup_stm32f407xx.o(RESET) refers to startup_stm32f407xx.o(STACK) for __initial_sp
    startup_stm32f407xx.o(RESET) refers to startup_stm32f407xx.o(.text) for Reset_Handler
    startup_stm32f407xx.o(RESET) refers to stm32f4xx_it.o(.text.NMI_Handler) for NMI_Handler
    startup_stm32f407xx.o(RESET) refers to stm32f4xx_it.o(.text.HardFault_Handler) for HardFault_Handler
    startup_stm32f407xx.o(RESET) refers to stm32f4xx_it.o(.text.MemManage_Handler) for MemManage_Handler
    startup_stm32f407xx.o(RESET) refers to stm32f4xx_it.o(.text.BusFault_Handler) for BusFault_Handler
    startup_stm32f407xx.o(RESET) refers to stm32f4xx_it.o(.text.UsageFault_Handler) for UsageFault_Handler
    startup_stm32f407xx.o(RESET) refers to stm32f4xx_it.o(.text.SVC_Handler) for SVC_Handler
    startup_stm32f407xx.o(RESET) refers to stm32f4xx_it.o(.text.DebugMon_Handler) for DebugMon_Handler
    startup_stm32f407xx.o(RESET) refers to stm32f4xx_it.o(.text.PendSV_Handler) for PendSV_Handler
    startup_stm32f407xx.o(RESET) refers to stm32f4xx_it.o(.text.SysTick_Handler) for SysTick_Handler
    startup_stm32f407xx.o(RESET) refers to stm32f4xx_it.o(.text.DMA1_Stream1_IRQHandler) for DMA1_Stream1_IRQHandler
    startup_stm32f407xx.o(RESET) refers to stm32f4xx_it.o(.text.CAN1_RX0_IRQHandler) for CAN1_RX0_IRQHandler
    startup_stm32f407xx.o(RESET) refers to stm32f4xx_it.o(.text.TIM1_BRK_TIM9_IRQHandler) for TIM1_BRK_TIM9_IRQHandler
    startup_stm32f407xx.o(RESET) refers to stm32f4xx_it.o(.text.TIM2_IRQHandler) for TIM2_IRQHandler
    startup_stm32f407xx.o(RESET) refers to stm32f4xx_it.o(.text.TIM4_IRQHandler) for TIM4_IRQHandler
    startup_stm32f407xx.o(RESET) refers to stm32f4xx_it.o(.text.USART1_IRQHandler) for USART1_IRQHandler
    startup_stm32f407xx.o(RESET) refers to stm32f4xx_it.o(.text.USART3_IRQHandler) for USART3_IRQHandler
    startup_stm32f407xx.o(RESET) refers to stm32f4xx_it.o(.text.TIM6_DAC_IRQHandler) for TIM6_DAC_IRQHandler
    startup_stm32f407xx.o(RESET) refers to stm32f4xx_it.o(.text.DMA2_Stream0_IRQHandler) for DMA2_Stream0_IRQHandler
    startup_stm32f407xx.o(RESET) refers to stm32f4xx_it.o(.text.DMA2_Stream2_IRQHandler) for DMA2_Stream2_IRQHandler
    startup_stm32f407xx.o(RESET) refers to stm32f4xx_it.o(.text.DMA2_Stream3_IRQHandler) for DMA2_Stream3_IRQHandler
    startup_stm32f407xx.o(RESET) refers to stm32f4xx_it.o(.text.CAN2_RX0_IRQHandler) for CAN2_RX0_IRQHandler
    startup_stm32f407xx.o(RESET) refers to stm32f4xx_it.o(.text.DMA2_Stream5_IRQHandler) for DMA2_Stream5_IRQHandler
    startup_stm32f407xx.o(RESET) refers to stm32f4xx_it.o(.text.DMA2_Stream6_IRQHandler) for DMA2_Stream6_IRQHandler
    startup_stm32f407xx.o(RESET) refers to stm32f4xx_it.o(.text.DMA2_Stream7_IRQHandler) for DMA2_Stream7_IRQHandler
    startup_stm32f407xx.o(RESET) refers to stm32f4xx_it.o(.text.USART6_IRQHandler) for USART6_IRQHandler
    startup_stm32f407xx.o(.text) refers to system_stm32f4xx.o(.text.SystemInit) for SystemInit
    startup_stm32f407xx.o(.text) refers to entry.o(.ARM.Collect$$$$00000000) for __main
    main.o(.text.main) refers to stm32f4xx_hal.o(.text.HAL_Init) for HAL_Init
    main.o(.text.main) refers to main.o(.text.SystemClock_Config) for SystemClock_Config
    main.o(.text.main) refers to gpio.o(.text.MX_GPIO_Init) for MX_GPIO_Init
    main.o(.text.main) refers to dma.o(.text.MX_DMA_Init) for MX_DMA_Init
    main.o(.text.main) refers to can.o(.text.MX_CAN1_Init) for MX_CAN1_Init
    main.o(.text.main) refers to can.o(.text.MX_CAN2_Init) for MX_CAN2_Init
    main.o(.text.main) refers to tim.o(.text.MX_TIM2_Init) for MX_TIM2_Init
    main.o(.text.main) refers to tim.o(.text.MX_TIM4_Init) for MX_TIM4_Init
    main.o(.text.main) refers to tim.o(.text.MX_TIM6_Init) for MX_TIM6_Init
    main.o(.text.main) refers to tim.o(.text.MX_TIM9_Init) for MX_TIM9_Init
    main.o(.text.main) refers to spi.o(.text.MX_SPI1_Init) for MX_SPI1_Init
    main.o(.text.main) refers to usart.o(.text.MX_USART3_UART_Init) for MX_USART3_UART_Init
    main.o(.text.main) refers to usart.o(.text.MX_USART1_UART_Init) for MX_USART1_UART_Init
    main.o(.text.main) refers to usart.o(.text.MX_USART6_UART_Init) for MX_USART6_UART_Init
    main.o(.text.main) refers to main.o(.text.MX_NVIC_Init) for MX_NVIC_Init
    main.o(.text.main) refers to root.o(.text.ROOT_F_Init) for ROOT_F_Init
    main.o(.text.main) refers to stm32f4xx_hal.o(.text.HAL_Delay) for HAL_Delay
    main.o(.text.main) refers to can_dev.o(.text.CAN_Filter_Init) for CAN_Filter_Init
    main.o(.text.main) refers to usart.o(.bss.huart6) for huart6
    main.o(.text.main) refers to read_data.o(.bss.ALL_RX) for ALL_RX
    main.o(.text.main) refers to stm32f4xx_hal_uart.o(.text.HAL_UART_Receive_DMA) for HAL_UART_Receive_DMA
    main.o(.text.main) refers to usart.o(.bss.huart3) for huart3
[...]
    UART_EndRxTransfer                       0x080085a5   Thumb Code   148  stm32f4xx_hal_uart.o(.text.UART_EndRxTransfer)
    [Anonymous Symbol]                       0x080085a4   Section        0  stm32f4xx_hal_uart.o(.text.UART_EndRxTransfer)
    UART_EndTransmit_IT                      0x08008639   Thumb Code    38  stm32f4xx_hal_uart.o(.text.UART_EndTransmit_IT)
    [Anonymous Symbol]                       0x08008638   Section        0  stm32f4xx_hal_uart.o(.text.UART_EndTransmit_IT)
    UART_EndTxTransfer                       0x08008661   Thumb Code    54  stm32f4xx_hal_uart.o(.text.UART_EndTxTransfer)
    [Anonymous Symbol]                       0x08008660   Section        0  stm32f4xx_hal_uart.o(.text.UART_EndTxTransfer)
    UART_Receive_IT                          0x08008699   Thumb Code   356  stm32f4xx_hal_uart.o(.text.UART_Receive_IT)
    [Anonymous Symbol]                       0x08008698   Section        0  stm32f4xx_hal_uart.o(.text.UART_Receive_IT)
    UART_SetConfig                           0x080087fd   Thumb Code   314  stm32f4xx_hal_uart.o(.text.UART_SetConfig)
    [Anonymous Symbol]                       0x080087fc   Section        0  stm32f4xx_hal_uart.o(.text.UART_SetConfig)
    [Anonymous Symbol]                       0x08008938   Section        0  stm32f4xx_hal_uart.o(.text.UART_Start_Receive_DMA)
    UART_Transmit_IT                         0x08008a51   Thumb Code   148  stm32f4xx_hal_uart.o(.text.UART_Transmit_IT)
    [Anonymous Symbol]                       0x08008a50   Section        0  stm32f4xx_hal_uart.o(.text.UART_Transmit_IT)
    [Anonymous Symbol]                       0x08008ae4   Section        0  stm32f4xx_it.o(.text.USART1_IRQHandler)
    [Anonymous Symbol]                       0x08008b00   Section        0  stm32f4xx_it.o(.text.USART3_IRQHandler)
    [Anonymous Symbol]                       0x08008b38   Section        0  stm32f4xx_it.o(.text.USART6_IRQHandler)
    [Anonymous Symbol]                       0x08008b54   Section        0  usart_dev.o(.text.USAR_UART_IDLECallback)
    [Anonymous Symbol]                       0x08008bbc   Section        0  usart_dev.o(.text.USER_UART_IRQHandler)
    [Anonymous Symbol]                       0x08008c98   Section        0  stm32f4xx_it.o(.text.UsageFault_Handler)
    [Anonymous Symbol]                       0x08008c9c   Section        0  vofa.o(.text.VOFA_F_Send)
    [Anonymous Symbol]                       0x08008d74   Section        0  bmi088.o(.text.VerifyAccChipID)
    [Anonymous Symbol]                       0x08008da8   Section        0  bmi088.o(.text.VerifyAccSelfTest)
    [Anonymous Symbol]                       0x08008f18   Section        0  bmi088.o(.text.VerifyGyroChipID)
    [Anonymous Symbol]                       0x08008f48   Section        0  bmi088.o(.text.VerifyGyroSelfTest)
    [Anonymous Symbol]                       0x08008fb4   Section        0  crc_dji.o(.text.Verify_CRC16_Check_Sum)
    [Anonymous Symbol]                       0x08009030   Section        0  crc_dji.o(.text.Verify_CRC8_Check_Sum)
    [Anonymous Symbol]                       0x0800908c   Section        0  bmi088.o(.text.WriteDataToAcc)
    [Anonymous Symbol]                       0x0800912c   Section        0  bmi088.o(.text.WriteDataToGyro)
    __NVIC_EnableIRQ                         0x080091d5   Thumb Code    48  stm32f4xx_hal_cortex.o(.text.__NVIC_EnableIRQ)
    [Anonymous Symbol]                       0x080091d4   Section        0  stm32f4xx_hal_cortex.o(.text.__NVIC_EnableIRQ)
    __NVIC_GetPriorityGrouping               0x08009205   Thumb Code    16  stm32f4xx_hal_cortex.o(.text.__NVIC_GetPriorityGrouping)
    [Anonymous Symbol]                       0x08009204   Section        0  stm32f4xx_hal_cortex.o(.text.__NVIC_GetPriorityGrouping)
    __NVIC_SetPriority                       0x08009215   Thumb Code    66  stm32f4xx_hal_cortex.o(.text.__NVIC_SetPriority)
    [Anonymous Symbol]                       0x08009214   Section        0  stm32f4xx_hal_cortex.o(.text.__NVIC_SetPriority)
    __NVIC_SetPriorityGrouping               0x08009259   Thumb Code    60  stm32f4xx_hal_cortex.o(.text.__NVIC_SetPriorityGrouping)
    [Anonymous Symbol]                       0x08009258   Section        0  stm32f4xx_hal_cortex.o(.text.__NVIC_SetPriorityGrouping)
    [Anonymous Symbol]                       0x08009294   Section        0  usart_dev.o(.text.fputc)
    [Anonymous Symbol]                       0x080092b4   Section        0  main.o(.text.main)
    i.__0printf                              0x080093bc   Section        0  printfa.o(i.__0printf)
    i.__hardfp_fmodf                         0x080093dc   Section        0  fmodf.o(i.__hardfp_fmodf)
    i.__mathlib_flt_invalid                  0x0800948c   Section        0  funder.o(i.__mathlib_flt_invalid)
    i.__scatterload_copy                     0x0800949c   Section       14  handlers.o(i.__scatterload_copy)
    i.__scatterload_null                     0x080094aa   Section        2  handlers.o(i.__scatterload_null)
    i.__scatterload_zeroinit                 0x080094ac   Section       14  handlers.o(i.__scatterload_zeroinit)
    i.__set_errno                            0x080094bc   Section        0  errno.o(i.__set_errno)
    _fp_digits                               0x080094c9   Thumb Code   366  printfa.o(i._fp_digits)
    i._fp_digits                             0x080094c8   Section        0  printfa.o(i._fp_digits)
    _printf_core                             0x0800964d   Thumb Code  1744  printfa.o(i._printf_core)
    i._printf_core                           0x0800964c   Section        0  printfa.o(i._printf_core)
    _printf_post_padding                     0x08009d29   Thumb Code    36  printfa.o(i._printf_post_padding)
    i._printf_post_padding                   0x08009d28   Section        0  printfa.o(i._printf_post_padding)
    _printf_pre_padding                      0x08009d4d   Thumb Code    46  printfa.o(i._printf_pre_padding)
    i._printf_pre_padding                    0x08009d4c   Section        0  printfa.o(i._printf_pre_padding)
    .L__const.ROOT_F_PIDinit.FOLLOW_PID_V    0x08009d7c   Data          20  root.o(.rodata..L__const.ROOT_F_PIDinit.FOLLOW_PID_V)
    .L__const.ROOT_F_PIDinit.PID_V_ATTACK_G_ANGLE 0x08009d90   Data          20  root.o(.rodata..L__const.ROOT_F_PIDinit.PID_V_ATTACK_G_ANGLE)
    .L__const.ROOT_F_PIDinit.PID_V_ATTACK_G_SPEED 0x08009da4   Data          20  root.o(.rodata..L__const.ROOT_F_PIDinit.PID_V_ATTACK_G_SPEED)
    .L__const.ROOT_F_PIDinit.PID_V_ATTACK_L_CURRENT 0x08009db8   Data          20  root.o(.rodata..L__const.ROOT_F_PIDinit.PID_V_ATTACK_L_CURRENT)
    .L__const.ROOT_F_PIDinit.PID_V_ATTACK_L_SPEED 0x08009dcc   Data          20  root.o(.rodata..L__const.ROOT_F_PIDinit.PID_V_ATTACK_L_SPEED)
    .L__const.ROOT_F_PIDinit.PID_V_ATTACK_R_CURRENT 0x08009de0   Data          20  root.o(.rodata..L__const.ROOT_F_PIDinit.PID_V_ATTACK_R_CURRENT)
    .L__const.ROOT_F_PIDinit.PID_V_ATTACK_R_SPEED 0x08009df4   Data          20  root.o(.rodata..L__const.ROOT_F_PIDinit.PID_V_ATTACK_R_SPEED)
    .L__const.ROOT_F_PIDinit.PID_V_CHASSIS_CURRENT 0x08009e08   Data          20  root.o(.rodata..L__const.ROOT_F_PIDinit.PID_V_CHASSIS_CURRENT)
    .L__const.ROOT_F_PIDinit.PID_V_CHASSIS_SPEED 0x08009e1c   Data          20  root.o(.rodata..L__const.ROOT_F_PIDinit.PID_V_CHASSIS_SPEED)
    .L__const.ROOT_F_PIDinit.PID_V_GIMBAL_PIT_ANGLE 0x08009e30   Data          20  root.o(.rodata..L__const.ROOT_F_PIDinit.PID_V_GIMBAL_PIT_ANGLE)
    .L__const.ROOT_F_PIDinit.PID_V_GIMBAL_PIT_SPEED 0x08009e44   Data          20  root.o(.rodata..L__const.ROOT_F_PIDinit.PID_V_GIMBAL_PIT_SPEED)
    .L__const.ROOT_F_PIDinit.PID_V_GIMBAL_YAW_ANGLE 0x08009e58   Data          20  root.o(.rodata..L__const.ROOT_F_PIDinit.PID_V_GIMBAL_YAW_ANGLE)
    .L__const.ROOT_F_PIDinit.PID_V_GIMBAL_YAW_SPEED 0x08009e6c   Data          20  root.o(.rodata..L__const.ROOT_F_PIDinit.PID_V_GIMBAL_YAW_SPEED)
    DMA_CalcBaseAndBitshift.flagBitshiftOffset 0x08009f98   Data           8  stm32f4xx_hal_dma.o(.rodata.DMA_CalcBaseAndBitshift.flagBitshiftOffset)
    [Anonymous Symbol]                       0x08009f98   Section        0  stm32f4xx_hal_dma.o(.rodata.DMA_CalcBaseAndBitshift.flagBitshiftOffset)
    .L__const.CHASSIS_F_Ctl.COMPONENT        0x08009fa0   Data           8  chassis.o(.rodata.cst8)
    .L.str                                   0x08009fa8   Data           5  main.o(.rodata.str1.1)
    [Anonymous Symbol]                       0x08009fa8   Section        0  main.o(.rodata.str1.1)
    .data                                    0x20000000   Section        4  stdout.o(.data)
    _errno                                   0x20000004   Data           4  errno.o(.data)
    .data                                    0x20000004   Section        4  errno.o(.data)
    HAL_RCC_CAN1_CLK_ENABLED                 0x200001c0   Data           4  can.o(.bss.HAL_RCC_CAN1_CLK_ENABLED)
    [Anonymous Symbol]                       0x200001c0   Section        0  can.o(.bss.HAL_RCC_CAN1_CLK_ENABLED)
    ReadAccData.filtered_x                   0x2000081c   Data           4  bmi088.o(.bss.ReadAccData.filtered_x)
    [Anonymous Symbol]                       0x2000081c   Section        0  bmi088.o(.bss.ReadAccData.filtered_x)
    ReadAccData.filtered_y                   0x20000820   Data           4  bmi088.o(.bss.ReadAccData.filtered_y)
    [Anonymous Symbol]                       0x20000820   Section        0  bmi088.o(.bss.ReadAccData.filtered_y)
    ReadAccData.filtered_z                   0x20000824   Data           4  bmi088.o(.bss.ReadAccData.filtered_z)
    [Anonymous Symbol]                       0x20000824   Section        0  bmi088.o(.bss.ReadAccData.filtered_z)
    ReadGyroData.filtered_pitch              0x20000828   Data           4  bmi088.o(.bss.ReadGyroData.filtered_pitch)
    [Anonymous Symbol]                       0x20000828   Section        0  bmi088.o(.bss.ReadGyroData.filtered_pitch)
    ReadGyroData.filtered_roll               0x2000082c   Data           4  bmi088.o(.bss.ReadGyroData.filtered_roll)
    [Anonymous Symbol]                       0x2000082c   Section        0  bmi088.o(.bss.ReadGyroData.filtered_roll)
    ReadGyroData.filtered_yaw                0x20000830   Data           4  bmi088.o(.bss.ReadGyroData.filtered_yaw)
    [Anonymous Symbol]                       0x20000830   Section        0  bmi088.o(.bss.ReadGyroData.filtered_yaw)
    ReadGyroData.filtered_yaw_a              0x20000834   Data           4  bmi088.o(.bss.ReadGyroData.filtered_yaw_a)
    [Anonymous Symbol]                       0x20000834   Section        0  bmi088.o(.bss.ReadGyroData.filtered_yaw_a)
    STACK                                    0x20000f90   Section     1024  startup_stm32f407xx.o(STACK)

    Global Symbols

    Symbol Name                              Value     Ov Type        Size  Object(Section)

    BuildAttributes$$THM_ISAv4$E$P$D$K$B$S$7EM$VFPi3$EXTD16$VFPS$VFMA$PE$A:L22UL41UL21$X:L11$S22US41US21$IEEE1$IW$~IW$USESV6$~STKCKD$USESV7$~SHL$OTIME$ROPI$IEEEX$EBA8$MICROLIB$REQ8$PRES8$EABIv2 0x00000000   Number         0  anon$$obj.o ABSOLUTE
    __cpp_initialize__aeabi_                  - Undefined Weak Reference
    __cxa_finalize                            - Undefined Weak Reference
    __decompress                              - Undefined Weak Reference
    _clock_init                               - Undefined Weak Reference
    _microlib_exit                            - Undefined Weak Reference
    __Vectors_Size                           0x00000188   Number         0  startup_stm32f407xx.o ABSOLUTE
    __Vectors                                0x08000000   Data           4  startup_stm32f407xx.o(RESET)
    __Vectors_End                            0x08000188   Data           0  startup_stm32f407xx.o(RESET)
    __main                                   0x08000189   Thumb Code     0  entry.o(.ARM.Collect$$$$00000000)
    _main_stk                                0x08000189   Thumb Code     0  entry2.o(.ARM.Collect$$$$00000001)
    _main_scatterload                        0x0800018d   Thumb Code     0  entry5.o(.ARM.Collect$$$$00000004)
    __main_after_scatterload                 0x08000191   Thumb Code     0  entry5.o(.ARM.Collect$$$$00000004)
    _main_clock                              0x08000191   Thumb Code     0  entry7b.o(.ARM.Collect$$$$00000008)
    _main_cpp_init                           0x08000191   Thumb Code     0  entry8b.o(.ARM.Collect$$$$0000000A)
    _main_init                               0x08000191   Thumb Code     0  entry9a.o(.ARM.Collect$$$$0000000B)
    __rt_final_cpp                           0x08000199   Thumb Code     0  entry10a.o(.ARM.Collect$$$$0000000D)
    __rt_final_exit                          0x08000199   Thumb Code     0  entry11a.o(.ARM.Collect$$$$0000000F)
    Reset_Handler                            0x0800019d   Thumb Code     8  startup_stm32f407xx.o(.text)
    ADC_IRQHandler                           0x080001b7   Thumb Code     0  startup_stm32f407xx.o(.text)
    CAN1_RX1_IRQHandler                      0x080001b7   Thumb Code     0  startup_stm32f407xx.o(.text)
    CAN1_SCE_IRQHandler                      0x080001b7   Thumb Code     0  startup_stm32f407xx.o(.text)
    CAN1_TX_IRQHandler                       0x080001b7   Thumb Code     0  startup_stm32f407xx.o(.text)
    CAN2_RX1_IRQHandler                      0x080001b7   Thumb Code     0  startup_stm32f407xx.o(.text)
    CAN2_SCE_IRQHandler                      0x080001b7   Thumb Code     0  startup_stm32f407xx.o(.text)
    CAN2_TX_IRQHandler                       0x080001b7   Thumb Code     0  startup_stm32f407xx.o(.text)
    DCMI_IRQHandler                          0x080001b7   Thumb Code     0  startup_stm32f407xx.o(.text)
    DMA1_Stream0_IRQHandler                  0x080001b7   Thumb Code     0  startup_stm32f407xx.o(.text)
    DMA1_Stream2_IRQHandler                  0x080001b7   Thumb Code     0  startup_stm32f407xx.o(.text)
    DMA1_Stream3_IRQHandler                  0x080001b7   Thumb Code     0  startup_stm32f407xx.o(.text)
    DMA1_Stream4_IRQHandler                  0x080001b7   Thumb Code     0  startup_stm32f407xx.o(.text)
    DMA1_Stream5_IRQHandler                  0x080001b7   Thumb Code     0  startup_stm32f407xx.o(.text)
    DMA1_Stream6_IRQHandler                  0x080001b7   Thumb Code     0  startup_stm32f407xx.o(.text)
    DMA1_Stream7_IRQHandler                  0x080001b7   Thumb Code     0  startup_stm32f407xx.o(.text)
    DMA2_Stream1_IRQHandler                  0x080001b7   Thumb Code     0  startup_stm32f407xx.o(.text)
    DMA2_Stream4_IRQHandler                  0x080001b7   Thumb Code     0  startup_stm32f407xx.o(.text)
    ETH_IRQHandler                           0x080001b7   Thumb Code     0  startup_stm32f407xx.o(.text)
    ETH_WKUP_IRQHandler                      0x080001b7   Thumb Code     0  startup_stm32f407xx.o(.text)
    EXTI0_IRQHandler                         0x080001b7   Thumb Code     0  startup_stm32f407xx.o(.text)
    EXTI15_10_IRQHandler                     0x080001b7   Thumb Code     0  startup_stm32f407xx.o(.text)
    EXTI1_IRQHandler                         0x080001b7   Thumb Code     0  startup_stm32f407xx.o(.text)
    EXTI2_IRQHandler                         0x080001b7   Thumb Code     0  startup_stm32f407xx.o(.text)
    EXTI3_IRQHandler                         0x080001b7   Thumb Code     0  startup_stm32f407xx.o(.text)
    EXTI4_IRQHandler                         0x080001b7   Thumb Code     0  startup_stm32f407xx.o(.text)
    EXTI9_5_IRQHandler                       0x080001b7   Thumb Code     0  startup_stm32f407xx.o(.text)
    FLASH_IRQHandler                         0x080001b7   Thumb Code     0  startup_stm32f407xx.o(.text)
    FMC_IRQHandler                           0x080001b7   Thumb Code     0  startup_stm32f407xx.o(.text)
    FPU_IRQHandler                           0x080001b7   Thumb Code     0  startup_stm32f407xx.o(.text)
    HASH_RNG_IRQHandler                      0x080001b7   Thumb Code     0  startup_stm32f407xx.o(.text)
    I2C1_ER_IRQHandler                       0x080001b7   Thumb Code     0  startup_stm32f407xx.o(.text)
    I2C1_EV_IRQHandler                       0x080001b7   Thumb Code     0  startup_stm32f407xx.o(.text)
    I2C2_ER_IRQHandler                       0x080001b7   Thumb Code     0  startup_stm32f407xx.o(.text)
    I2C2_EV_IRQHandler                       0x080001b7   Thumb Code     0  startup_stm32f407xx.o(.text)
    I2C3_ER_IRQHandler                       0x080001b7   Thumb Code     0  startup_stm32f407xx.o(.text)
    I2C3_EV_IRQHandler                       0x080001b7   Thumb Code     0  startup_stm32f407xx.o(.text)
    OTG_FS_IRQHandler                        0x080001b7   Thumb Code     0  startup_stm32f407xx.o(.text)
    OTG_FS_WKUP_IRQHandler                   0x080001b7   Thumb Code     0  startup_stm32f407xx.o(.text)
    OTG_HS_EP1_IN_IRQHandler                 0x080001b7   Thumb Code     0  startup_stm32f407xx.o(.text)
    OTG_HS_EP1_OUT_IRQHandler                0x080001b7   Thumb Code     0  startup_stm32f407xx.o(.text)
    OTG_HS_IRQHandler                        0x080001b7   Thumb Code     0  startup_stm32f407xx.o(.text)
    OTG_HS_WKUP_IRQHandler                   0x080001b7   Thumb Code     0  startup_stm32f407xx.o(.text)
    PVD_IRQHandler                           0x080001b7   Thumb Code     0  startup_stm32f407xx.o(.text)
    RCC_IRQHandler                           0x080001b7   Thumb Code     0  startup_stm32f407xx.o(.text)
    RTC_Alarm_IRQHandler                     0x080001b7   Thumb Code     0  startup_stm32f407xx.o(.text)
    RTC_WKUP_IRQHandler                      0x080001b7   Thumb Code     0  startup_stm32f407xx.o(.text)
    SDIO_IRQHandler                          0x080001b7   Thumb Code     0  startup_stm32f407xx.o(.text)
    SPI1_IRQHandler                          0x080001b7   Thumb Code     0  startup_stm32f407xx.o(.text)
    SPI2_IRQHandler                          0x080001b7   Thumb Code     0  startup_stm32f407xx.o(.text)
    SPI3_IRQHandler                          0x080001b7   Thumb Code     0  startup_stm32f407xx.o(.text)
    TAMP_STAMP_IRQHandler                    0x080001b7   Thumb Code     0  startup_stm32f407xx.o(.text)
    TIM1_CC_IRQHandler                       0x080001b7   Thumb Code     0  startup_stm32f407xx.o(.text)
    TIM1_TRG_COM_TIM11_IRQHandler            0x080001b7   Thumb Code     0  startup_stm32f407xx.o(.text)
    TIM1_UP_TIM10_IRQHandler                 0x080001b7   Thumb Code     0  startup_stm32f407xx.o(.text)
    TIM3_IRQHandler                          0x080001b7   Thumb Code     0  startup_stm32f407xx.o(.text)
    TIM5_IRQHandler                          0x080001b7   Thumb Code     0  startup_stm32f407xx.o(.text)
    TIM7_IRQHandler                          0x080001b7   Thumb Code     0  startup_stm32f407xx.o(.text)
    TIM8_BRK_TIM12_IRQHandler                0x080001b7   Thumb Code     0  startup_stm32f407xx.o(.text)
    TIM8_CC_IRQHandler                       0x080001b7   Thumb Code     0  startup_stm32f407xx.o(.text)
    TIM8_TRG_COM_TIM14_IRQHandler            0x080001b7   Thumb Code     0  startup_stm32f407xx.o(.text)
    TIM8_UP_TIM13_IRQHandler                 0x080001b7   Thumb Code     0  startup_stm32f407xx.o(.text)
    UART4_IRQHandler                         0x080001b7   Thumb Code     0  startup_stm32f407xx.o(.text)
    UART5_IRQHandler                         0x080001b7   Thumb Code     0  startup_stm32f407xx.o(.text)
    USART2_IRQHandler                        0x080001b7   Thumb Code     0  startup_stm32f407xx.o(.text)
    WWDG_IRQHandler                          0x080001b7   Thumb Code     0  startup_stm32f407xx.o(.text)
    __aeabi_uldivmod                         0x080001c1   Thumb Code    98  uldiv.o(.text)
    __aeabi_memcpy                           0x08000223   Thumb Code    36  memcpya.o(.text)
    __aeabi_memcpy4                          0x08000223   Thumb Code     0  memcpya.o(.text)
    __aeabi_memcpy8                          0x08000223   Thumb Code     0  memcpya.o(.text)
    __aeabi_memset                           0x08000247   Thumb Code    14  memseta.o(.text)
    __aeabi_memset4                          0x08000247   Thumb Code     0  memseta.o(.text)
    __aeabi_memset8                          0x08000247   Thumb Code     0  memseta.o(.text)
    __aeabi_memclr                           0x08000255   Thumb Code     4  memseta.o(.text)
    __aeabi_memclr4                          0x08000255   Thumb Code     0  memseta.o(.text)
    __aeabi_memclr8                          0x08000255   Thumb Code     0  memseta.o(.text)
    _memset$wrapper                          0x08000259   Thumb Code    18  memseta.o(.text)
    __aeabi_dadd                             0x0800026b   Thumb Code   322  dadd.o(.text)
    __aeabi_dsub                             0x080003ad   Thumb Code     6  dadd.o(.text)
    __aeabi_drsub                            0x080003b3   Thumb Code     6  dadd.o(.text)
    __aeabi_dmul                             0x080003b9   Thumb Code   228  dmul.o(.text)
    __aeabi_ddiv                             0x0800049d   Thumb Code   222  ddiv.o(.text)
    __aeabi_dcmple                           0x0800057b   Thumb Code    54  dcmple.o(.text)
    __aeabi_dcmpgt                           0x080005b1   Thumb Code    54  dcmpgt.o(.text)
    __aeabi_i2d                              0x080005e7   Thumb Code    34  dflti.o(.text)
    __aeabi_f2d                              0x08000609   Thumb Code    38  f2d.o(.text)
    __aeabi_d2f                              0x0800062f   Thumb Code    56  d2f.o(.text)
    __aeabi_uidiv                            0x08000667   Thumb Code     0  uidiv.o(.text)
    __aeabi_uidivmod                         0x08000667   Thumb Code    44  uidiv.o(.text)
    __aeabi_llsl                             0x08000693   Thumb Code    30  llshl.o(.text)
    _ll_shift_l                              0x08000693   Thumb Code     0  llshl.o(.text)
    __aeabi_llsr                             0x080006b1   Thumb Code    32  llushr.o(.text)
    _ll_ushift_r                             0x080006b1   Thumb Code     0  llushr.o(.text)
    __aeabi_lasr                             0x080006d1   Thumb Code    36  llsshr.o(.text)
    _ll_sshift_r                             0x080006d1   Thumb Code     0  llsshr.o(.text)
    __I$use$fp                               0x080006f5   Thumb Code     0  iusefp.o(.text)
    _float_round                             0x080006f5   Thumb Code    18  fepilogue.o(.text)
    _float_epilogue                          0x08000707   Thumb Code    92  fepilogue.o(.text)
    _frem                                    0x08000763   Thumb Code    82  frem.o(.text)
    _double_round                            0x080007b5   Thumb Code    30  depilogue.o(.text)
    _double_epilogue                         0x080007d3   Thumb Code   156  depilogue.o(.text)
    __aeabi_d2ulz                            0x0800086f   Thumb Code    48  dfixul.o(.text)
    __aeabi_cdrcmple                         0x080008a1   Thumb Code    48  cdrcmple.o(.text)
    __scatterload                            0x080008d1   Thumb Code    28  init.o(.text)
    __scatterload_rt2                        0x080008d1   Thumb Code     0  init.o(.text)
    BMI088_CONF_INIT                         0x080008f5   Thumb Code    98  bmi088.o(.text.BMI088_CONF_INIT)
    BMI088_INIT                              0x08000959   Thumb Code    86  bmi088.o(.text.BMI088_INIT)
    BusFault_Handler                         0x080009b1   Thumb Code     4  stm32f4xx_it.o(.text.BusFault_Handler)
    CAN1_RX0_IRQHandler                      0x080009b5   Thumb Code    16  stm32f4xx_it.o(.text.CAN1_RX0_IRQHandler)
    CAN2_RX0_IRQHandler                      0x080009c5   Thumb Code    16  stm32f4xx_it.o(.text.CAN2_RX0_IRQHandler)
    CAN_F_Recv                               0x080009d5   Thumb Code   406  can_dev.o(.text.CAN_F_Recv)
    CAN_F_Send                               0x08000b6d   Thumb Code   136  can_dev.o(.text.CAN_F_Send)
    CAN_Filter_Init                          0x08000bf5   Thumb Code   228  can_dev.o(.text.CAN_Filter_Init)
    CHASSIS_F_Ctl                            0x08000cd9   Thumb Code   740  chassis.o(.text.CHASSIS_F_Ctl)
    DBUS_F_Cal                               0x08000fbd   Thumb Code   414  dbus.o(.text.DBUS_F_Cal)
    DMA1_Stream1_IRQHandler                  0x0800115d   Thumb Code    16  stm32f4xx_it.o(.text.DMA1_Stream1_IRQHandler)
    DMA2_Stream0_IRQHandler                  0x0800116d   Thumb Code    16  stm32f4xx_it.o(.text.DMA2_Stream0_IRQHandler)
    DMA2_Stream2_IRQHandler                  0x0800117d   Thumb Code    16  stm32f4xx_it.o(.text.DMA2_Stream2_IRQHandler)
    DMA2_Stream3_IRQHandler                  0x0800118d   Thumb Code    16  stm32f4xx_it.o(.text.DMA2_Stream3_IRQHandler)
    DMA2_Stream5_IRQHandler                  0x0800119d   Thumb Code    16  stm32f4xx_it.o(.text.DMA2_Stream5_IRQHandler)
    DMA2_Stream6_IRQHandler                  0x080011ad   Thumb Code    16  stm32f4xx_it.o(.text.DMA2_Stream6_IRQHandler)
    DMA2_Stream7_IRQHandler                  0x080011bd   Thumb Code    16  stm32f4xx_it.o(.text.DMA2_Stream7_IRQHandler)
    DebugMon_Handler                         0x08001365   Thumb Code     2  stm32f4xx_it.o(.text.DebugMon_Handler)
    Error_Handler                            0x08001369   Thumb Code    14  main.o(.text.Error_Handler)
    GIMBAL_F_Ctl                             0x08001379   Thumb Code   192  gimbal.o(.text.GIMBAL_F_Ctl)
    Get_CRC16_Check_Sum                      0x08001439   Thumb Code   102  crc_dji.o(.text.Get_CRC16_Check_Sum)
    Get_CRC8_Check_Sum                       0x080014a1   Thumb Code    74  crc_dji.o(.text.Get_CRC8_Check_Sum)
    HAL_CAN_ActivateNotification             0x080014ed   Thumb Code    82  stm32f4xx_hal_can.o(.text.HAL_CAN_ActivateNotification)
    HAL_CAN_AddTxMessage                     0x08001541   Thumb Code   368  stm32f4xx_hal_can.o(.text.HAL_CAN_AddTxMessage)
    HAL_CAN_ConfigFilter                     0x080016b1   Thumb Code   420  stm32f4xx_hal_can.o(.text.HAL_CAN_ConfigFilter)
    HAL_CAN_ErrorCallback                    0x08001855   Thumb Code     8  stm32f4xx_hal_can.o(.text.HAL_CAN_ErrorCallback)
    HAL_CAN_GetRxMessage                     0x0800185d   Thumb Code   496  stm32f4xx_hal_can.o(.text.HAL_CAN_GetRxMessage)
    HAL_CAN_IRQHandler                       0x08001a4d   Thumb Code  1010  stm32f4xx_hal_can.o(.text.HAL_CAN_IRQHandler)
    HAL_CAN_Init                             0x08001e41   Thumb Code   478  stm32f4xx_hal_can.o(.text.HAL_CAN_Init)
    HAL_CAN_MspInit                          0x08002021   Thumb Code   392  can.o(.text.HAL_CAN_MspInit)
    HAL_CAN_RxFifo0FullCallback              0x080021a9   Thumb Code     8  stm32f4xx_hal_can.o(.text.HAL_CAN_RxFifo0FullCallback)
    HAL_CAN_RxFifo0MsgPendingCallback        0x080021b1   Thumb Code    46  can_dev.o(.text.HAL_CAN_RxFifo0MsgPendingCallback)
    HAL_CAN_RxFifo1FullCallback              0x080021e1   Thumb Code     8  stm32f4xx_hal_can.o(.text.HAL_CAN_RxFifo1FullCallback)
    HAL_CAN_RxFifo1MsgPendingCallback        0x080021e9   Thumb Code     8  stm32f4xx_hal_can.o(.text.HAL_CAN_RxFifo1MsgPendingCallback)
    HAL_CAN_SleepCallback                    0x080021f1   Thumb Code     8  stm32f4xx_hal_can.o(.text.HAL_CAN_SleepCallback)
    HAL_CAN_Start                            0x080021f9   Thumb Code   138  stm32f4xx_hal_can.o(.text.HAL_CAN_Start)
    HAL_CAN_TxMailbox0AbortCallback          0x08002285   Thumb Code     8  stm32f4xx_hal_can.o(.text.HAL_CAN_TxMailbox0AbortCallback)
    HAL_CAN_TxMailbox0CompleteCallback       0x0800228d   Thumb Code     8  stm32f4xx_hal_can.o(.text.HAL_CAN_TxMailbox0CompleteCallback)
    HAL_CAN_TxMailbox1AbortCallback          0x08002295   Thumb Code     8  stm32f4xx_hal_can.o(.text.HAL_CAN_TxMailbox1AbortCallback)
    HAL_CAN_TxMailbox1CompleteCallback       0x0800229d   Thumb Code     8  stm32f4xx_hal_can.o(.text.HAL_CAN_TxMailbox1CompleteCallback)
    HAL_CAN_TxMailbox2AbortCallback          0x080022a5   Thumb Code     8  stm32f4xx_hal_can.o(.text.HAL_CAN_TxMailbox2AbortCallback)
    HAL_CAN_TxMailbox2CompleteCallback       0x080022ad   Thumb Code     8  stm32f4xx_hal_can.o(.text.HAL_CAN_TxMailbox2CompleteCallback)
    HAL_CAN_WakeUpFromRxMsgCallback          0x080022b5   Thumb Code     8  stm32f4xx_hal_can.o(.text.HAL_CAN_WakeUpFromRxMsgCallback)
    HAL_DMA_Abort                            0x080022bd   Thumb Code   236  stm32f4xx_hal_dma.o(.text.HAL_DMA_Abort)
    HAL_DMA_Abort_IT                         0x080023a9   Thumb Code    68  stm32f4xx_hal_dma.o(.text.HAL_DMA_Abort_IT)
    HAL_DMA_IRQHandler                       0x080023ed   Thumb Code   798  stm32f4xx_hal_dma.o(.text.HAL_DMA_IRQHandler)
    HAL_DMA_Init                             0x0800270d   Thumb Code   366  stm32f4xx_hal_dma.o(.text.HAL_DMA_Init)
    HAL_DMA_Start_IT                         0x0800287d   Thumb Code   194  stm32f4xx_hal_dma.o(.text.HAL_DMA_Start_IT)
    HAL_Delay                                0x08002941   Thumb Code    66  stm32f4xx_hal.o(.text.HAL_Delay)
    HAL_GPIO_Init                            0x08002985   Thumb Code   950  stm32f4xx_hal_gpio.o(.text.HAL_GPIO_Init)
    HAL_GPIO_WritePin                        0x08002d3d   Thumb Code    46  stm32f4xx_hal_gpio.o(.text.HAL_GPIO_WritePin)
    HAL_GetTick                              0x08002d6d   Thumb Code    12  stm32f4xx_hal.o(.text.HAL_GetTick)
    HAL_IncTick                              0x08002d79   Thumb Code    26  stm32f4xx_hal.o(.text.HAL_IncTick)
    HAL_Init                                 0x08002d95   Thumb Code    54  stm32f4xx_hal.o(.text.HAL_Init)
    HAL_InitTick                             0x08002dcd   Thumb Code   112  stm32f4xx_hal.o(.text.HAL_InitTick)
    HAL_MspInit                              0x08002e3d   Thumb Code    74  stm32f4xx_hal_msp.o(.text.HAL_MspInit)
    HAL_NVIC_EnableIRQ                       0x08002e89   Thumb Code    20  stm32f4xx_hal_cortex.o(.text.HAL_NVIC_EnableIRQ)
    HAL_NVIC_SetPriority                     0x08002e9d   Thumb Code    50  stm32f4xx_hal_cortex.o(.text.HAL_NVIC_SetPriority)
    HAL_NVIC_SetPriorityGrouping             0x08002ed1   Thumb Code    16  stm32f4xx_hal_cortex.o(.text.HAL_NVIC_SetPriorityGrouping)
    HAL_RCC_ClockConfig                      0x08002ee1   Thumb Code   610  stm32f4xx_hal_rcc.o(.text.HAL_RCC_ClockConfig)
    HAL_RCC_GetHCLKFreq                      0x08003145   Thumb Code    12  stm32f4xx_hal_rcc.o(.text.HAL_RCC_GetHCLKFreq)
    HAL_RCC_GetPCLK1Freq                     0x08003151   Thumb Code    34  stm32f4xx_hal_rcc.o(.text.HAL_RCC_GetPCLK1Freq)
    HAL_RCC_GetPCLK2Freq                     0x08003175   Thumb Code    34  stm32f4xx_hal_rcc.o(.text.HAL_RCC_GetPCLK2Freq)
    HAL_RCC_GetSysClockFreq                  0x08003199   Thumb Code   230  stm32f4xx_hal_rcc.o(.text.HAL_RCC_GetSysClockFreq)
    HAL_RCC_OscConfig                        0x08003281   Thumb Code  1726  stm32f4xx_hal_rcc.o(.text.HAL_RCC_OscConfig)
    HAL_SPI_GetState                         0x08003941   Thumb Code    14  stm32f4xx_hal_spi.o(.text.HAL_SPI_GetState)
    HAL_SPI_Init                             0x08003951   Thumb Code   256  stm32f4xx_hal_spi.o(.text.HAL_SPI_Init)
    HAL_SPI_MspInit                          0x08003a51   Thumb Code   404  spi.o(.text.HAL_SPI_MspInit)
    HAL_SPI_Receive                          0x08003be5   Thumb Code   560  stm32f4xx_hal_spi.o(.text.HAL_SPI_Receive)
    HAL_SPI_Transmit                         0x08003e15   Thumb Code   644  stm32f4xx_hal_spi.o(.text.HAL_SPI_Transmit)
    HAL_SPI_TransmitReceive                  0x08004099   Thumb Code   870  stm32f4xx_hal_spi.o(.text.HAL_SPI_TransmitReceive)
    HAL_SYSTICK_Config                       0x08004401   Thumb Code    16  stm32f4xx_hal_cortex.o(.text.HAL_SYSTICK_Config)
    HAL_TIMEx_BreakCallback                  0x08004411   Thumb Code     8  stm32f4xx_hal_tim_ex.o(.text.HAL_TIMEx_BreakCallback)
    HAL_TIMEx_CommutCallback                 0x08004419   Thumb Code     8  stm32f4xx_hal_tim_ex.o(.text.HAL_TIMEx_CommutCallback)
    HAL_TIMEx_MasterConfigSynchronization    0x08004421   Thumb Code   290  stm32f4xx_hal_tim_ex.o(.text.HAL_TIMEx_MasterConfigSynchronization)
    HAL_TIM_Base_Init                        0x08004545   Thumb Code   156  stm32f4xx_hal_tim.o(.text.HAL_TIM_Base_Init)
    HAL_TIM_Base_MspInit                     0x080045e1   Thumb Code   298  tim.o(.text.HAL_TIM_Base_MspInit)
    HAL_TIM_Base_Start_IT                    0x0800470d   Thumb Code   246  stm32f4xx_hal_tim.o(.text.HAL_TIM_Base_Start_IT)
    HAL_TIM_ConfigClockSource                0x08004805   Thumb Code   388  stm32f4xx_hal_tim.o(.text.HAL_TIM_ConfigClockSource)
    HAL_TIM_IC_CaptureCallback               0x08004989   Thumb Code     8  stm32f4xx_hal_tim.o(.text.HAL_TIM_IC_CaptureCallback)
    HAL_TIM_IRQHandler                       0x08004991   Thumb Code   634  stm32f4xx_hal_tim.o(.text.HAL_TIM_IRQHandler)
    HAL_TIM_OC_DelayElapsedCallback          0x08004c0d   Thumb Code     8  stm32f4xx_hal_tim.o(.text.HAL_TIM_OC_DelayElapsedCallback)
    HAL_TIM_PWM_PulseFinishedCallback        0x08004c15   Thumb Code     8  stm32f4xx_hal_tim.o(.text.HAL_TIM_PWM_PulseFinishedCallback)
    HAL_TIM_PeriodElapsedCallback            0x08004c1d   Thumb Code   230  tim_dev.o(.text.HAL_TIM_PeriodElapsedCallback)
    HAL_TIM_TriggerCallback                  0x08004d05   Thumb Code     8  stm32f4xx_hal_tim.o(.text.HAL_TIM_TriggerCallback)
    HAL_UARTEx_RxEventCallback               0x08004d0d   Thumb Code    12  stm32f4xx_hal_uart.o(.text.HAL_UARTEx_RxEventCallback)
    HAL_UART_DMAStop                         0x08004d19   Thumb Code   204  stm32f4xx_hal_uart.o(.text.HAL_UART_DMAStop)
    HAL_UART_ErrorCallback                   0x08004de5   Thumb Code     8  stm32f4xx_hal_uart.o(.text.HAL_UART_ErrorCallback)
    HAL_UART_IRQHandler                      0x08004ded   Thumb Code  1054  stm32f4xx_hal_uart.o(.text.HAL_UART_IRQHandler)
    HAL_UART_Init                            0x0800520d   Thumb Code   154  stm32f4xx_hal_uart.o(.text.HAL_UART_Init)
    HAL_UART_MspInit                         0x080052a9   Thumb Code   944  usart.o(.text.HAL_UART_MspInit)
    HAL_UART_Receive_DMA                     0x08005659   Thumb Code   120  stm32f4xx_hal_uart.o(.text.HAL_UART_Receive_DMA)
    HAL_UART_RxCpltCallback                  0x080056d1   Thumb Code     8  stm32f4xx_hal_uart.o(.text.HAL_UART_RxCpltCallback)
    HAL_UART_RxHalfCpltCallback              0x080056d9   Thumb Code     8  stm32f4xx_hal_uart.o(.text.HAL_UART_RxHalfCpltCallback)
    HAL_UART_Transmit_DMA                    0x080056e1   Thumb Code   272  stm32f4xx_hal_uart.o(.text.HAL_UART_Transmit_DMA)
    HAL_UART_TxCpltCallback                  0x080057f1   Thumb Code     8  stm32f4xx_hal_uart.o(.text.HAL_UART_TxCpltCallback)
    HAL_UART_TxHalfCpltCallback              0x080057f9   Thumb Code     8  stm32f4xx_hal_uart.o(.text.HAL_UART_TxHalfCpltCallback)
    HardFault_Handler                        0x08005801   Thumb Code     4  stm32f4xx_it.o(.text.HardFault_Handler)
    LimitRange                               0x08005805   Thumb Code    78  yu_math.o(.text.LimitRange)
    LowPassFilter                            0x08005859   Thumb Code   144  bmi088.o(.text.LowPassFilter)
    MOTOR_F_Cal_Data                         0x080058e9   Thumb Code    72  motor.o(.text.MOTOR_F_Cal_Data)
    MOTOR_F_Cal_Round                        0x08005931   Thumb Code    88  motor.o(.text.MOTOR_F_Cal_Round)
    MX_CAN1_Init                             0x08005989   Thumb Code    78  can.o(.text.MX_CAN1_Init)
    MX_CAN2_Init                             0x080059d9   Thumb Code    78  can.o(.text.MX_CAN2_Init)
    MX_DMA_Init                              0x08005a29   Thumb Code   204  dma.o(.text.MX_DMA_Init)
    MX_GPIO_Init                             0x08005af5   Thumb Code   338  gpio.o(.text.MX_GPIO_Init)
    MX_SPI1_Init                             0x08005c79   Thumb Code    82  spi.o(.text.MX_SPI1_Init)
    MX_TIM2_Init                             0x08005ccd   Thumb Code   128  tim.o(.text.MX_TIM2_Init)
    MX_TIM4_Init                             0x08005d4d   Thumb Code   132  tim.o(.text.MX_TIM4_Init)
    MX_TIM6_Init                             0x08005dd1   Thumb Code    90  tim.o(.text.MX_TIM6_Init)
    MX_TIM9_Init                             0x08005e2d   Thumb Code    96  tim.o(.text.MX_TIM9_Init)
    MX_USART1_UART_Init                      0x08005e8d   Thumb Code    64  usart.o(.text.MX_USART1_UART_Init)
    MX_USART3_UART_Init                      0x08005ecd   Thumb Code    68  usart.o(.text.MX_USART3_UART_Init)
    MX_USART6_UART_Init                      0x08005f11   Thumb Code    64  usart.o(.text.MX_USART6_UART_Init)
    MemManage_Handler                        0x08005f51   Thumb Code     4  stm32f4xx_it.o(.text.MemManage_Handler)
    NMI_Handler                              0x08005f55   Thumb Code     4  stm32f4xx_it.o(.text.NMI_Handler)
    PID_F_AS                                 0x08005fc5   Thumb Code    78  pid.o(.text.PID_F_AS)
    PID_F_Cal                                0x08006015   Thumb Code   376  pid.o(.text.PID_F_Cal)
    PID_F_Init                               0x0800618d   Thumb Code    76  pid.o(.text.PID_F_Init)
    PID_F_S                                  0x080061d9   Thumb Code    60  pid.o(.text.PID_F_S)
    PendSV_Handler                           0x08006215   Thumb Code     2  stm32f4xx_it.o(.text.PendSV_Handler)
    ROOT_F_Init                              0x08006219   Thumb Code   126  root.o(.text.ROOT_F_Init)
    ROOT_F_MONITOR_DBUS                      0x08006299   Thumb Code    48  root.o(.text.ROOT_F_MONITOR_DBUS)
    ROOT_F_PIDinit                           0x080062c9   Thumb Code   774  root.o(.text.ROOT_F_PIDinit)
    ReadAccData                              0x080065d1   Thumb Code   240  bmi088.o(.text.ReadAccData)
    ReadAccSensorTime                        0x080066c1   Thumb Code   216  bmi088.o(.text.ReadAccSensorTime)
    ReadAccTemperature                       0x08006799   Thumb Code   110  bmi088.o(.text.ReadAccTemperature)
    ReadGyroData                             0x08006809   Thumb Code   916  bmi088.o(.text.ReadGyroData)
    ReadMultiDataFromAcc                     0x08006b9d   Thumb Code   228  bmi088.o(.text.ReadMultiDataFromAcc)
    ReadMultiDataFromGyro                    0x08006c81   Thumb Code   190  bmi088.o(.text.ReadMultiDataFromGyro)
    ReadSingleDataFromAcc                    0x08006d41   Thumb Code   182  bmi088.o(.text.ReadSingleDataFromAcc)
    ReadSingleDataFromGyro                   0x08006df9   Thumb Code   146  bmi088.o(.text.ReadSingleDataFromGyro)
    Read_Data_first                          0x08006e8d   Thumb Code   118  read_data.o(.text.Read_Data_first)
    Read_Data_system                         0x08006f05   Thumb Code  3466  read_data.o(.text.Read_Data_system)
    SVC_Handler                              0x08007f45   Thumb Code     2  stm32f4xx_it.o(.text.SVC_Handler)
    SysTick_Handler                          0x08007f9d   Thumb Code     8  stm32f4xx_it.o(.text.SysTick_Handler)
    SystemClock_Config                       0x08007fa5   Thumb Code   188  main.o(.text.SystemClock_Config)
    SystemInit                               0x08008061   Thumb Code    18  system_stm32f4xx.o(.text.SystemInit)
    TIM1_BRK_TIM9_IRQHandler                 0x08008075   Thumb Code    16  stm32f4xx_it.o(.text.TIM1_BRK_TIM9_IRQHandler)
    TIM2_IRQHandler                          0x08008085   Thumb Code    16  stm32f4xx_it.o(.text.TIM2_IRQHandler)
    TIM4_IRQHandler                          0x08008095   Thumb Code    16  stm32f4xx_it.o(.text.TIM4_IRQHandler)
    TIM6_DAC_IRQHandler                      0x080080a5   Thumb Code    16  stm32f4xx_it.o(.text.TIM6_DAC_IRQHandler)
    TIM_Base_SetConfig                       0x080080b5   Thumb Code   410  stm32f4xx_hal_tim.o(.text.TIM_Base_SetConfig)
    TIM_ETR_SetConfig                        0x08008251   Thumb Code    52  stm32f4xx_hal_tim.o(.text.TIM_ETR_SetConfig)
    UART_Start_Receive_DMA                   0x08008939   Thumb Code   280  stm32f4xx_hal_uart.o(.text.UART_Start_Receive_DMA)
    USART1_IRQHandler                        0x08008ae5   Thumb Code    28  stm32f4xx_it.o(.text.USART1_IRQHandler)
    USART3_IRQHandler                        0x08008b01   Thumb Code    56  stm32f4xx_it.o(.text.USART3_IRQHandler)
    USART6_IRQHandler                        0x08008b39   Thumb Code    28  stm32f4xx_it.o(.text.USART6_IRQHandler)
    USAR_UART_IDLECallback                   0x08008b55   Thumb Code   102  usart_dev.o(.text.USAR_UART_IDLECallback)
    USER_UART_IRQHandler                     0x08008bbd   Thumb Code   218  usart_dev.o(.text.USER_UART_IRQHandler)
    UsageFault_Handler                       0x08008c99   Thumb Code     4  stm32f4xx_it.o(.text.UsageFault_Handler)
    VOFA_F_Send                              0x08008c9d   Thumb Code   216  vofa.o(.text.VOFA_F_Send)
    VerifyAccChipID                          0x08008d75   Thumb Code    48  bmi088.o(.text.VerifyAccChipID)
    VerifyAccSelfTest                        0x08008da9   Thumb Code   368  bmi088.o(.text.VerifyAccSelfTest)
    VerifyGyroChipID                         0x08008f19   Thumb Code    48  bmi088.o(.text.VerifyGyroChipID)
    VerifyGyroSelfTest                       0x08008f49   Thumb Code   106  bmi088.o(.text.VerifyGyroSelfTest)
    Verify_CRC16_Check_Sum                   0x08008fb5   Thumb Code   124  crc_dji.o(.text.Verify_CRC16_Check_Sum)
    Verify_CRC8_Check_Sum                    0x08009031   Thumb Code    92  crc_dji.o(.text.Verify_CRC8_Check_Sum)
    WriteDataToAcc                           0x0800908d   Thumb Code   160  bmi088.o(.text.WriteDataToAcc)
    WriteDataToGyro                          0x0800912d   Thumb Code   166  bmi088.o(.text.WriteDataToGyro)
    fputc                                    0x08009295   Thumb Code    30  usart_dev.o(.text.fputc)
    main                                     0x080092b5   Thumb Code   262  main.o(.text.main)
    __0printf                                0x080093bd   Thumb Code    22  printfa.o(i.__0printf)
    __1printf                                0x080093bd   Thumb Code     0  printfa.o(i.__0printf)
    __2printf                                0x080093bd   Thumb Code     0  printfa.o(i.__0printf)
    __c89printf                              0x080093bd   Thumb Code     0  printfa.o(i.__0printf)
    printf                                   0x080093bd   Thumb Code     0  printfa.o(i.__0printf)
    __hardfp_fmodf                           0x080093dd   Thumb Code   176  fmodf.o(i.__hardfp_fmodf)
    __mathlib_flt_invalid                    0x0800948d   Thumb Code    10  funder.o(i.__mathlib_flt_invalid)
    __scatterload_copy                       0x0800949d   Thumb Code    14  handlers.o(i.__scatterload_copy)
    __scatterload_null                       0x080094ab   Thumb Code     2  handlers.o(i.__scatterload_null)
    __scatterload_zeroinit                   0x080094ad   Thumb Code    14  handlers.o(i.__scatterload_zeroinit)
    __set_errno                              0x080094bd   Thumb Code     6  errno.o(i.__set_errno)
    AHBPrescTable                            0x08009e80   Data          16  system_stm32f4xx.o(.rodata.AHBPrescTable)
    APBPrescTable                            0x08009e90   Data           8  system_stm32f4xx.o(.rodata.APBPrescTable)
    CRC8_TAB                                 0x08009e98   Data         256  crc_dji.o(.rodata.CRC8_TAB)
    wCRC_Table                               0x08009fae   Data         512  crc_dji.o(.rodata.wCRC_Table)
    Region$$Table$$Base                      0x0800a1b0   Number         0  anon$$obj.o(Region$$Table)
    Region$$Table$$Limit                     0x0800a1d0   Number         0  anon$$obj.o(Region$$Table)
    __stdout                                 0x20000000   Data           4  stdout.o(.data)
    CRC_INIT                                 0x20000008   Data           2  crc_dji.o(.data.CRC_INIT)
    SystemCoreClock                          0x2000000c   Data           4  system_stm32f4xx.o(.data.SystemCoreClock)
    uwTickFreq                               0x20000010   Data           1  stm32f4xx_hal.o(.data.uwTickFreq)
    uwTickPrio                               0x20000014   Data           4  stm32f4xx_hal.o(.data.uwTickPrio)
    ALL_RX                                   0x20000018   Data         255  read_data.o(.bss.ALL_RX)
    ANGLE_Rad                                0x20000118   Data           8  chassis.o(.bss.ANGLE_Rad)
    CANRxheader                              0x20000120   Data          28  can_dev.o(.bss.CANRxheader)
    CANRxmsg                                 0x2000013c   Data           8  can_dev.o(.bss.CANRxmsg)
    DBUS_V_DATA                              0x20000144   Data          56  dbus.o(.bss.DBUS_V_DATA)
    DBUS_V_UNION                             0x2000017c   Data          19  dbus.o(.bss.DBUS_V_UNION)
    Data_length                              0x20000190   Data           2  read_data.o(.bss.Data_length)
    FOLLOW_PID                               0x20000194   Data          44  root.o(.bss.FOLLOW_PID)
    MOTOR_V_ATTACK                           0x200001c4   Data         540  tim_dev.o(.bss.MOTOR_V_ATTACK)
    MOTOR_V_CHASSIS                          0x200003e0   Data         720  tim_dev.o(.bss.MOTOR_V_CHASSIS)
    MOTOR_V_GIMBAL                           0x200006b0   Data         360  tim_dev.o(.bss.MOTOR_V_GIMBAL)
    ROOT_V_MONITOR_DBUS                      0x20000818   Data           1  root.o(.bss.ROOT_V_MONITOR_DBUS)
    aa                                       0x20000838   Data         160  tim_dev.o(.bss.aa)
    cp                                       0x200008d8   Data         160  main.o(.bss.cp)
    data_length                              0x20000978   Data           1  usart_dev.o(.bss.data_length)
    hcan1                                    0x2000097c   Data          40  can.o(.bss.hcan1)
    hcan2                                    0x200009a4   Data          40  can.o(.bss.hcan2)
    hdma_spi1_rx                             0x200009cc   Data          96  spi.o(.bss.hdma_spi1_rx)
    hdma_spi1_tx                             0x20000a2c   Data          96  spi.o(.bss.hdma_spi1_tx)
    hdma_usart1_rx                           0x20000a8c   Data          96  usart.o(.bss.hdma_usart1_rx)
    hdma_usart1_tx                           0x20000aec   Data          96  usart.o(.bss.hdma_usart1_tx)
    hdma_usart3_rx                           0x20000b4c   Data          96  usart.o(.bss.hdma_usart3_rx)
    hdma_usart6_rx                           0x20000bac   Data          96  usart.o(.bss.hdma_usart6_rx)
    hdma_usart6_tx                           0x20000c0c   Data          96  usart.o(.bss.hdma_usart6_tx)
    hspi1                                    0x20000c6c   Data          88  spi.o(.bss.hspi1)
    htim2                                    0x20000cc4   Data          72  tim.o(.bss.htim2)
    htim4                                    0x20000d0c   Data          72  tim.o(.bss.htim4)
    htim6                                    0x20000d54   Data          72  tim.o(.bss.htim6)
    htim9                                    0x20000d9c   Data          72  tim.o(.bss.htim9)
    huart1                                   0x20000de4   Data          68  usart.o(.bss.huart1)
    huart3                                   0x20000e28   Data          68  usart.o(.bss.huart3)
    huart6                                   0x20000e6c   Data          68  usart.o(.bss.huart6)
    mm                                       0x20000eb0   Data           4  chassis.o(.bss.mm)
    nn                                       0x20000eb4   Data           4  chassis.o(.bss.nn)
    user_data                                0x20000eb8   Data         205  read_data.o(.bss.user_data)
    uwTick                                   0x20000f88   Data           4  stm32f4xx_hal.o(.bss.uwTick)
    __initial_sp                             0x20001390   Data           0  startup_stm32f407xx.o(STACK)



==============================================================================

Memory Map of the image

  Image Entry point : 0x08000189

  Load Region LR_IROM1 (Base: 0x08000000, Size: 0x0000a1e8, Max: 0x00100000, ABSOLUTE)

    Execution Region ER_IROM1 (Exec base: 0x08000000, Load base: 0x08000000, Size: 0x0000a1d0, Max: 0x00100000, ABSOLUTE)

    Exec Addr    Load Addr    Size         Type   Attr      Idx    E Section Name        Object

    0x08000000   0x08000000   0x00000188   Data   RO            3    RESET               startup_stm32f407xx.o
    0x08000188   0x08000188   0x00000000   Code   RO         1689  * .ARM.Collect$$$$00000000  mc_w.l(entry.o)
    0x08000188   0x08000188   0x00000004   Code   RO         1790    .ARM.Collect$$$$00000001  mc_w.l(entry2.o)
    0x0800018c   0x0800018c   0x00000004   Code   RO         1793    .ARM.Collect$$$$00000004  mc_w.l(entry5.o)
    0x08000190   0x08000190   0x00000000   Code   RO         1795    .ARM.Collect$$$$00000008  mc_w.l(entry7b.o)
    0x08000190   0x08000190   0x00000000   Code   RO         1797    .ARM.Collect$$$$0000000A  mc_w.l(entry8b.o)
    0x08000190   0x08000190   0x00000008   Code   RO         1798    .ARM.Collect$$$$0000000B  mc_w.l(entry9a.o)
    0x08000198   0x08000198   0x00000000   Code   RO         1800    .ARM.Collect$$$$0000000D  mc_w.l(entry10a.o)
    0x08000198   0x08000198   0x00000000   Code   RO         1802    .ARM.Collect$$$$0000000F  mc_w.l(entry11a.o)
    0x08000198   0x08000198   0x00000004   Code   RO         1791    .ARM.Collect$$$$00002712  mc_w.l(entry2.o)
    0x0800019c   0x0800019c   0x00000024   Code   RO            4    .text               startup_stm32f407xx.o
    0x080001c0   0x080001c0   0x00000062   Code   RO         1692    .text               mc_w.l(uldiv.o)
    0x08000222   0x08000222   0x00000024   Code   RO         1694    .text               mc_w.l(memcpya.o)
    0x08000246   0x08000246   0x00000024   Code   RO         1696    .text               mc_w.l(memseta.o)
    0x0800026a   0x0800026a   0x0000014e   Code   RO         1758    .text               mf_w.l(dadd.o)
    0x080003b8   0x080003b8   0x000000e4   Code   RO         1760    .text               mf_w.l(dmul.o)
    0x0800049c   0x0800049c   0x000000de   Code   RO         1762    .text               mf_w.l(ddiv.o)
    0x0800057a   0x0800057a   0x00000036   Code   RO         1764    .text               mf_w.l(dcmple.o)
    0x080005b0   0x080005b0   0x00000036   Code   RO         1766    .text               mf_w.l(dcmpgt.o)
    0x080005e6   0x080005e6   0x00000022   Code   RO         1770    .text               mf_w.l(dflti.o)
    0x08000608   0x08000608   0x00000026   Code   RO         1772    .text               mf_w.l(f2d.o)
    0x0800062e   0x0800062e   0x00000038   Code   RO         1774    .text               mf_w.l(d2f.o)
    0x08000666   0x08000666   0x0000002c   Code   RO         1814    .text               mc_w.l(uidiv.o)
    0x08000692   0x08000692   0x0000001e   Code   RO         1816    .text               mc_w.l(llshl.o)
    0x080006b0   0x080006b0   0x00000020   Code   RO         1818    .text               mc_w.l(llushr.o)
    0x080006d0   0x080006d0   0x00000024   Code   RO         1820    .text               mc_w.l(llsshr.o)
    0x080006f4   0x080006f4   0x00000000   Code   RO         1831    .text               mc_w.l(iusefp.o)
    0x080006f4   0x080006f4   0x0000006e   Code   RO         1832    .text               mf_w.l(fepilogue.o)
    0x08000762   0x08000762   0x00000052   Code   RO         1834    .text               mf_w.l(frem.o)
    0x080007b4   0x080007b4   0x000000ba   Code   RO         1836    .text               mf_w.l(depilogue.o)
    0x0800086e   0x0800086e   0x00000030   Code   RO         1840    .text               mf_w.l(dfixul.o)
    0x0800089e   0x0800089e   0x00000002   PAD
    0x080008a0   0x080008a0   0x00000030   Code   RO         1842    .text               mf_w.l(cdrcmple.o)
    0x080008d0   0x080008d0   0x00000024   Code   RO         1844    .text               mc_w.l(init.o)
    0x080008f4   0x080008f4   0x00000062   Code   RO         1522    .text.BMI088_CONF_INIT  bmi088.o
    0x08000956   0x08000956   0x00000002   PAD
    0x08000958   0x08000958   0x00000056   Code   RO         1520    .text.BMI088_INIT   bmi088.o
    0x080009ae   0x080009ae   0x00000002   PAD
    0x080009b0   0x080009b0   0x00000004   Code   RO          133    .text.BusFault_Handler  stm32f4xx_it.o
    0x080009b4   0x080009b4   0x00000010   Code   RO          147    .text.CAN1_RX0_IRQHandler  stm32f4xx_it.o
    0x080009c4   0x080009c4   0x00000010   Code   RO          167    .text.CAN2_RX0_IRQHandler  stm32f4xx_it.o
    0x080009d4   0x080009d4   0x00000196   Code   RO         1425    .text.CAN_F_Recv    can_dev.o
    0x08000b6a   0x08000b6a   0x00000002   PAD
    0x08000b6c   0x08000b6c   0x00000088   Code   RO         1427    .text.CAN_F_Send    can_dev.o
    0x08000bf4   0x08000bf4   0x000000e4   Code   RO         1429    .text.CAN_Filter_Init  can_dev.o
    0x08000cd8   0x08000cd8   0x000002e4   Code   RO         1326    .text.CHASSIS_F_Ctl  chassis.o
    0x08000fbc   0x08000fbc   0x0000019e   Code   RO         1350    .text.DBUS_F_Cal    dbus.o
    0x0800115a   0x0800115a   0x00000002   PAD
    0x0800115c   0x0800115c   0x00000010   Code   RO          145    .text.DMA1_Stream1_IRQHandler  stm32f4xx_it.o
    0x0800116c   0x0800116c   0x00000010   Code   RO          161    .text.DMA2_Stream0_IRQHandler  stm32f4xx_it.o
    0x0800117c   0x0800117c   0x00000010   Code   RO          163    .text.DMA2_Stream2_IRQHandler  stm32f4xx_it.o
    0x0800118c   0x0800118c   0x00000010   Code   RO          165    .text.DMA2_Stream3_IRQHandler  stm32f4xx_it.o
    0x0800119c   0x0800119c   0x00000010   Code   RO          169    .text.DMA2_Stream5_IRQHandler  stm32f4xx_it.o
    0x080011ac   0x080011ac   0x00000010   Code   RO          171    .text.DMA2_Stream6_IRQHandler  stm32f4xx_it.o
    0x080011bc   0x080011bc   0x00000010   Code   RO          173    .text.DMA2_Stream7_IRQHandler  stm32f4xx_it.o
    0x080011cc   0x080011cc   0x00000056   Code   RO          449    .text.DMA_CalcBaseAndBitshift  stm32f4xx_hal_dma.o
    0x08001222   0x08001222   0x00000002   PAD
    0x08001224   0x08001224   0x000000f0   Code   RO          447    .text.DMA_CheckFifoParam  stm32f4xx_hal_dma.o
    0x08001314   0x08001314   0x00000050   Code   RO          455    .text.DMA_SetConfig  stm32f4xx_hal_dma.o
    0x08001364   0x08001364   0x00000002   Code   RO          139    .text.DebugMon_Handler  stm32f4xx_it.o
    0x08001366   0x08001366   0x00000002   PAD
    0x08001368   0x08001368   0x0000000e   Code   RO           17    .text.Error_Handler  main.o
    0x08001376   0x08001376   0x00000002   PAD
    0x08001378   0x08001378   0x000000c0   Code   RO         1363    .text.GIMBAL_F_Ctl  gimbal.o
    0x08001438   0x08001438   0x00000066   Code   RO         1574    .text.Get_CRC16_Check_Sum  crc_dji.o
    0x0800149e   0x0800149e   0x00000002   PAD
    0x080014a0   0x080014a0   0x0000004a   Code   RO         1568    .text.Get_CRC8_Check_Sum  crc_dji.o
    0x080014ea   0x080014ea   0x00000002   PAD
    0x080014ec   0x080014ec   0x00000052   Code   RO          226    .text.HAL_CAN_ActivateNotification  stm32f4xx_hal_can.o
    0x0800153e   0x0800153e   0x00000002   PAD
    0x08001540   0x08001540   0x00000170   Code   RO          212    .text.HAL_CAN_AddTxMessage  stm32f4xx_hal_can.o
    0x080016b0   0x080016b0   0x000001a4   Code   RO          202    .text.HAL_CAN_ConfigFilter  stm32f4xx_hal_can.o
    0x08001854   0x08001854   0x00000008   Code   RO          256    .text.HAL_CAN_ErrorCallback  stm32f4xx_hal_can.o
    0x0800185c   0x0800185c   0x000001f0   Code   RO          222    .text.HAL_CAN_GetRxMessage  stm32f4xx_hal_can.o
    0x08001a4c   0x08001a4c   0x000003f2   Code   RO          230    .text.HAL_CAN_IRQHandler  stm32f4xx_hal_can.o
    0x08001e3e   0x08001e3e   0x00000002   PAD
    0x08001e40   0x08001e40   0x000001de   Code   RO          192    .text.HAL_CAN_Init  stm32f4xx_hal_can.o
    0x0800201e   0x0800201e   0x00000002   PAD
    0x08002020   0x08002020   0x00000188   Code   RO           41    .text.HAL_CAN_MspInit  can.o
    0x080021a8   0x080021a8   0x00000008   Code   RO          244    .text.HAL_CAN_RxFifo0FullCallback  stm32f4xx_hal_can.o
    0x080021b0   0x080021b0   0x0000002e   Code   RO         1423    .text.HAL_CAN_RxFifo0MsgPendingCallback  can_dev.o
    0x080021de   0x080021de   0x00000002   PAD
    0x080021e0   0x080021e0   0x00000008   Code   RO          248    .text.HAL_CAN_RxFifo1FullCallback  stm32f4xx_hal_can.o
    0x080021e8   0x080021e8   0x00000008   Code   RO          250    .text.HAL_CAN_RxFifo1MsgPendingCallback  stm32f4xx_hal_can.o
    0x080021f0   0x080021f0   0x00000008   Code   RO          252    .text.HAL_CAN_SleepCallback  stm32f4xx_hal_can.o
    0x080021f8   0x080021f8   0x0000008a   Code   RO          204    .text.HAL_CAN_Start  stm32f4xx_hal_can.o
    0x08002282   0x08002282   0x00000002   PAD
    0x08002284   0x08002284   0x00000008   Code   RO          234    .text.HAL_CAN_TxMailbox0AbortCallback  stm32f4xx_hal_can.o
    0x0800228c   0x0800228c   0x00000008   Code   RO          232    .text.HAL_CAN_TxMailbox0CompleteCallback  stm32f4xx_hal_can.o
    0x08002294   0x08002294   0x00000008   Code   RO          238    .text.HAL_CAN_TxMailbox1AbortCallback  stm32f4xx_hal_can.o
    0x0800229c   0x0800229c   0x00000008   Code   RO          236    .text.HAL_CAN_TxMailbox1CompleteCallback  stm32f4xx_hal_can.o
    0x080022a4   0x080022a4   0x00000008   Code   RO          242    .text.HAL_CAN_TxMailbox2AbortCallback  stm32f4xx_hal_can.o
    0x080022ac   0x080022ac   0x00000008   Code   RO          240    .text.HAL_CAN_TxMailbox2CompleteCallback  stm32f4xx_hal_can.o
    0x080022b4   0x080022b4   0x00000008   Code   RO          254    .text.HAL_CAN_WakeUpFromRxMsgCallback  stm32f4xx_hal_can.o
    0x080022bc   0x080022bc   0x000000ec   Code   RO          459    .text.HAL_DMA_Abort  stm32f4xx_hal_dma.o
    0x080023a8   0x080023a8   0x00000044   Code   RO          461    .text.HAL_DMA_Abort_IT  stm32f4xx_hal_dma.o
    0x080023ec   0x080023ec   0x0000031e   Code   RO          465    .text.HAL_DMA_IRQHandler  stm32f4xx_hal_dma.o
    0x0800270a   0x0800270a   0x00000002   PAD
    0x0800270c   0x0800270c   0x0000016e   Code   RO          445    .text.HAL_DMA_Init  stm32f4xx_hal_dma.o
    0x0800287a   0x0800287a   0x00000002   PAD
    0x0800287c   0x0800287c   0x000000c2   Code   RO          457    .text.HAL_DMA_Start_IT  stm32f4xx_hal_dma.o
    0x0800293e   0x0800293e   0x00000002   PAD
    0x08002940   0x08002940   0x00000042   Code   RO          634    .text.HAL_Delay     stm32f4xx_hal.o
    0x08002982   0x08002982   0x00000002   PAD
    0x08002984   0x08002984   0x000003b6   Code   RO          407    .text.HAL_GPIO_Init  stm32f4xx_hal_gpio.o
    0x08002d3a   0x08002d3a   0x00000002   PAD
    0x08002d3c   0x08002d3c   0x0000002e   Code   RO          413    .text.HAL_GPIO_WritePin  stm32f4xx_hal_gpio.o
    0x08002d6a   0x08002d6a   0x00000002   PAD
    0x08002d6c   0x08002d6c   0x0000000c   Code   RO          626    .text.HAL_GetTick   stm32f4xx_hal.o
    0x08002d78   0x08002d78   0x0000001a   Code   RO          624    .text.HAL_IncTick   stm32f4xx_hal.o
    0x08002d92   0x08002d92   0x00000002   PAD
    0x08002d94   0x08002d94   0x00000036   Code   RO          614    .text.HAL_Init      stm32f4xx_hal.o
    0x08002dca   0x08002dca   0x00000002   PAD
    0x08002dcc   0x08002dcc   0x00000070   Code   RO          616    .text.HAL_InitTick  stm32f4xx_hal.o
    0x08002e3c   0x08002e3c   0x0000004a   Code   RO          184    .text.HAL_MspInit   stm32f4xx_hal_msp.o
    0x08002e86   0x08002e86   0x00000002   PAD
    0x08002e88   0x08002e88   0x00000014   Code   RO          555    .text.HAL_NVIC_EnableIRQ  stm32f4xx_hal_cortex.o
    0x08002e9c   0x08002e9c   0x00000032   Code   RO          547    .text.HAL_NVIC_SetPriority  stm32f4xx_hal_cortex.o
    0x08002ece   0x08002ece   0x00000002   PAD
    0x08002ed0   0x08002ed0   0x00000010   Code   RO          543    .text.HAL_NVIC_SetPriorityGrouping  stm32f4xx_hal_cortex.o
    0x08002ee0   0x08002ee0   0x00000262   Code   RO          275    .text.HAL_RCC_ClockConfig  stm32f4xx_hal_rcc.o
    0x08003142   0x08003142   0x00000002   PAD
    0x08003144   0x08003144   0x0000000c   Code   RO          285    .text.HAL_RCC_GetHCLKFreq  stm32f4xx_hal_rcc.o
    0x08003150   0x08003150   0x00000022   Code   RO          287    .text.HAL_RCC_GetPCLK1Freq  stm32f4xx_hal_rcc.o
    0x08003172   0x08003172   0x00000002   PAD
    0x08003174   0x08003174   0x00000022   Code   RO          289    .text.HAL_RCC_GetPCLK2Freq  stm32f4xx_hal_rcc.o
    0x08003196   0x08003196   0x00000002   PAD
    0x08003198   0x08003198   0x000000e6   Code   RO          277    .text.HAL_RCC_GetSysClockFreq  stm32f4xx_hal_rcc.o
    0x0800327e   0x0800327e   0x00000002   PAD
    0x08003280   0x08003280   0x000006be   Code   RO          273    .text.HAL_RCC_OscConfig  stm32f4xx_hal_rcc.o
    0x0800393e   0x0800393e   0x00000002   PAD
    0x08003940   0x08003940   0x0000000e   Code   RO          801    .text.HAL_SPI_GetState  stm32f4xx_hal_spi.o
    0x0800394e   0x0800394e   0x00000002   PAD
    0x08003950   0x08003950   0x00000100   Code   RO          703    .text.HAL_SPI_Init  stm32f4xx_hal_spi.o
    0x08003a50   0x08003a50   0x00000194   Code   RO           65    .text.HAL_SPI_MspInit  spi.o
    0x08003be4   0x08003be4   0x00000230   Code   RO          715    .text.HAL_SPI_Receive  stm32f4xx_hal_spi.o
    0x08003e14   0x08003e14   0x00000284   Code   RO          711    .text.HAL_SPI_Transmit  stm32f4xx_hal_spi.o
    0x08004098   0x08004098   0x00000366   Code   RO          717    .text.HAL_SPI_TransmitReceive  stm32f4xx_hal_spi.o
    0x080043fe   0x080043fe   0x00000002   PAD
    0x08004400   0x08004400   0x00000010   Code   RO          567    .text.HAL_SYSTICK_Config  stm32f4xx_hal_cortex.o
    0x08004410   0x08004410   0x00000008   Code   RO         1143    .text.HAL_TIMEx_BreakCallback  stm32f4xx_hal_tim_ex.o
    0x08004418   0x08004418   0x00000008   Code   RO         1139    .text.HAL_TIMEx_CommutCallback  stm32f4xx_hal_tim_ex.o
    0x08004420   0x08004420   0x00000122   Code   RO         1133    .text.HAL_TIMEx_MasterConfigSynchronization  stm32f4xx_hal_tim_ex.o
    0x08004542   0x08004542   0x00000002   PAD
    0x08004544   0x08004544   0x0000009c   Code   RO          820    .text.HAL_TIM_Base_Init  stm32f4xx_hal_tim.o
    0x080045e0   0x080045e0   0x0000012a   Code   RO           87    .text.HAL_TIM_Base_MspInit  tim.o
    0x0800470a   0x0800470a   0x00000002   PAD
    0x0800470c   0x0800470c   0x000000f6   Code   RO          834    .text.HAL_TIM_Base_Start_IT  stm32f4xx_hal_tim.o
    0x08004802   0x08004802   0x00000002   PAD
    0x08004804   0x08004804   0x00000184   Code   RO         1012    .text.HAL_TIM_ConfigClockSource  stm32f4xx_hal_tim.o
    0x08004988   0x08004988   0x00000008   Code   RO          956    .text.HAL_TIM_IC_CaptureCallback  stm32f4xx_hal_tim.o
    0x08004990   0x08004990   0x0000027a   Code   RO          954    .text.HAL_TIM_IRQHandler  stm32f4xx_hal_tim.o
    0x08004c0a   0x08004c0a   0x00000002   PAD
    0x08004c0c   0x08004c0c   0x00000008   Code   RO          958    .text.HAL_TIM_OC_DelayElapsedCallback  stm32f4xx_hal_tim.o
    0x08004c14   0x08004c14   0x00000008   Code   RO          960    .text.HAL_TIM_PWM_PulseFinishedCallback  stm32f4xx_hal_tim.o
    0x08004c1c   0x08004c1c   0x000000e6   Code   RO         1411    .text.HAL_TIM_PeriodElapsedCallback  tim_dev.o
    0x08004d02   0x08004d02   0x00000002   PAD
    0x08004d04   0x08004d04   0x00000008   Code   RO          964    .text.HAL_TIM_TriggerCallback  stm32f4xx_hal_tim.o
    0x08004d0c   0x08004d0c   0x0000000c   Code   RO         1246    .text.HAL_UARTEx_RxEventCallback  stm32f4xx_hal_uart.o
    0x08004d18   0x08004d18   0x000000cc   Code   RO         1200    .text.HAL_UART_DMAStop  stm32f4xx_hal_uart.o
    0x08004de4   0x08004de4   0x00000008   Code   RO         1244    .text.HAL_UART_ErrorCallback  stm32f4xx_hal_uart.o
    0x08004dec   0x08004dec   0x0000041e   Code   RO         1238    .text.HAL_UART_IRQHandler  stm32f4xx_hal_uart.o
    0x0800520a   0x0800520a   0x00000002   PAD
    0x0800520c   0x0800520c   0x0000009a   Code   RO         1156    .text.HAL_UART_Init  stm32f4xx_hal_uart.o
    0x080052a6   0x080052a6   0x00000002   PAD
    0x080052a8   0x080052a8   0x000003b0   Code   RO          108    .text.HAL_UART_MspInit  usart.o
    0x08005658   0x08005658   0x00000078   Code   RO         1192    .text.HAL_UART_Receive_DMA  stm32f4xx_hal_uart.o
    0x080056d0   0x080056d0   0x00000008   Code   RO         1256    .text.HAL_UART_RxCpltCallback  stm32f4xx_hal_uart.o
    0x080056d8   0x080056d8   0x00000008   Code   RO         1258    .text.HAL_UART_RxHalfCpltCallback  stm32f4xx_hal_uart.o
    0x080056e0   0x080056e0   0x00000110   Code   RO         1184    .text.HAL_UART_Transmit_DMA  stm32f4xx_hal_uart.o
    0x080057f0   0x080057f0   0x00000008   Code   RO         1252    .text.HAL_UART_TxCpltCallback  stm32f4xx_hal_uart.o
    0x080057f8   0x080057f8   0x00000008   Code   RO         1254    .text.HAL_UART_TxHalfCpltCallback  stm32f4xx_hal_uart.o
    0x08005800   0x08005800   0x00000004   Code   RO          129    .text.HardFault_Handler  stm32f4xx_it.o
    0x08005804   0x08005804   0x0000004e   Code   RO         1483    .text.LimitRange    yu_math.o
    0x08005852   0x08005852   0x00000006   PAD
    0x08005858   0x08005858   0x00000090   Code   RO         1546    .text.LowPassFilter  bmi088.o
    0x080058e8   0x080058e8   0x00000048   Code   RO         1371    .text.MOTOR_F_Cal_Data  motor.o
    0x08005930   0x08005930   0x00000058   Code   RO         1373    .text.MOTOR_F_Cal_Round  motor.o
    0x08005988   0x08005988   0x0000004e   Code   RO           37    .text.MX_CAN1_Init  can.o
    0x080059d6   0x080059d6   0x00000002   PAD
    0x080059d8   0x080059d8   0x0000004e   Code   RO           39    .text.MX_CAN2_Init  can.o
    0x08005a26   0x08005a26   0x00000002   PAD
    0x08005a28   0x08005a28   0x000000cc   Code   RO           55    .text.MX_DMA_Init   dma.o
    0x08005af4   0x08005af4   0x00000152   Code   RO           29    .text.MX_GPIO_Init  gpio.o
    0x08005c46   0x08005c46   0x00000002   PAD
    0x08005c48   0x08005c48   0x0000002e   Code   RO           15    .text.MX_NVIC_Init  main.o
    0x08005c76   0x08005c76   0x00000002   PAD
    0x08005c78   0x08005c78   0x00000052   Code   RO           63    .text.MX_SPI1_Init  spi.o
    0x08005cca   0x08005cca   0x00000002   PAD
    0x08005ccc   0x08005ccc   0x00000080   Code   RO           79    .text.MX_TIM2_Init  tim.o
    0x08005d4c   0x08005d4c   0x00000084   Code   RO           81    .text.MX_TIM4_Init  tim.o
    0x08005dd0   0x08005dd0   0x0000005a   Code   RO           83    .text.MX_TIM6_Init  tim.o
    0x08005e2a   0x08005e2a   0x00000002   PAD
    0x08005e2c   0x08005e2c   0x00000060   Code   RO           85    .text.MX_TIM9_Init  tim.o
    0x08005e8c   0x08005e8c   0x00000040   Code   RO          102    .text.MX_USART1_UART_Init  usart.o
    0x08005ecc   0x08005ecc   0x00000044   Code   RO          104    .text.MX_USART3_UART_Init  usart.o
    0x08005f10   0x08005f10   0x00000040   Code   RO          106    .text.MX_USART6_UART_Init  usart.o
    0x08005f50   0x08005f50   0x00000004   Code   RO          131    .text.MemManage_Handler  stm32f4xx_it.o
    0x08005f54   0x08005f54   0x00000004   Code   RO          127    .text.NMI_Handler   stm32f4xx_it.o
    0x08005f58   0x08005f58   0x0000006c   Code   RO          553    .text.NVIC_EncodePriority  stm32f4xx_hal_cortex.o
    0x08005fc4   0x08005fc4   0x0000004e   Code   RO         1388    .text.PID_F_AS      pid.o
    0x08006012   0x08006012   0x00000002   PAD
    0x08006014   0x08006014   0x00000178   Code   RO         1384    .text.PID_F_Cal     pid.o
    0x0800618c   0x0800618c   0x0000004c   Code   RO         1382    .text.PID_F_Init    pid.o
    0x080061d8   0x080061d8   0x0000003c   Code   RO         1392    .text.PID_F_S       pid.o
    0x08006214   0x08006214   0x00000002   Code   RO          141    .text.PendSV_Handler  stm32f4xx_it.o
    0x08006216   0x08006216   0x00000002   PAD
    0x08006218   0x08006218   0x0000007e   Code   RO         1496    .text.ROOT_F_Init   root.o
    0x08006296   0x08006296   0x00000002   PAD
    0x08006298   0x08006298   0x00000030   Code   RO         1492    .text.ROOT_F_MONITOR_DBUS  root.o
    0x080062c8   0x080062c8   0x00000306   Code   RO         1494    .text.ROOT_F_PIDinit  root.o
    0x080065ce   0x080065ce   0x00000002   PAD
    0x080065d0   0x080065d0   0x000000f0   Code   RO         1544    .text.ReadAccData   bmi088.o
    0x080066c0   0x080066c0   0x000000d8   Code   RO         1550    .text.ReadAccSensorTime  bmi088.o
    0x08006798   0x08006798   0x0000006e   Code   RO         1552    .text.ReadAccTemperature  bmi088.o
    0x08006806   0x08006806   0x00000002   PAD
    0x08006808   0x08006808   0x00000394   Code   RO         1548    .text.ReadGyroData  bmi088.o
    0x08006b9c   0x08006b9c   0x000000e4   Code   RO         1540    .text.ReadMultiDataFromAcc  bmi088.o
    0x08006c80   0x08006c80   0x000000be   Code   RO         1542    .text.ReadMultiDataFromGyro  bmi088.o
    0x08006d3e   0x08006d3e   0x00000002   PAD
    0x08006d40   0x08006d40   0x000000b6   Code   RO         1536    .text.ReadSingleDataFromAcc  bmi088.o
    0x08006df6   0x08006df6   0x00000002   PAD
    0x08006df8   0x08006df8   0x00000092   Code   RO         1538    .text.ReadSingleDataFromGyro  bmi088.o
    0x08006e8a   0x08006e8a   0x00000002   PAD
    0x08006e8c   0x08006e8c   0x00000076   Code   RO         1592    .text.Read_Data_first  read_data.o
    0x08006f02   0x08006f02   0x00000002   PAD
    0x08006f04   0x08006f04   0x00000d8a   Code   RO         1594    .text.Read_Data_system  read_data.o
    0x08007c8e   0x08007c8e   0x00000002   PAD
    0x08007c90   0x08007c90   0x000000e4   Code   RO          719    .text.SPI_EndRxTransaction  stm32f4xx_hal_spi.o
    0x08007d74   0x08007d74   0x000000a4   Code   RO          713    .text.SPI_EndRxTxTransaction  stm32f4xx_hal_spi.o
    0x08007e18   0x08007e18   0x0000012a   Code   RO          811    .text.SPI_WaitFlagStateUntilTimeout  stm32f4xx_hal_spi.o
    0x08007f42   0x08007f42   0x00000002   PAD
    0x08007f44   0x08007f44   0x00000002   Code   RO          137    .text.SVC_Handler   stm32f4xx_it.o
    0x08007f46   0x08007f46   0x00000002   PAD
    0x08007f48   0x08007f48   0x00000052   Code   RO          569    .text.SysTick_Config  stm32f4xx_hal_cortex.o
    0x08007f9a   0x08007f9a   0x00000002   PAD
    0x08007f9c   0x08007f9c   0x00000008   Code   RO          143    .text.SysTick_Handler  stm32f4xx_it.o
    0x08007fa4   0x08007fa4   0x000000bc   Code   RO           13    .text.SystemClock_Config  main.o
    0x08008060   0x08008060   0x00000012   Code   RO         1285    .text.SystemInit    system_stm32f4xx.o
    0x08008072   0x08008072   0x00000002   PAD
    0x08008074   0x08008074   0x00000010   Code   RO          149    .text.TIM1_BRK_TIM9_IRQHandler  stm32f4xx_it.o
    0x08008084   0x08008084   0x00000010   Code   RO          151    .text.TIM2_IRQHandler  stm32f4xx_it.o
    0x08008094   0x08008094   0x00000010   Code   RO          153    .text.TIM4_IRQHandler  stm32f4xx_it.o
    0x080080a4   0x080080a4   0x00000010   Code   RO          159    .text.TIM6_DAC_IRQHandler  stm32f4xx_it.o
    0x080080b4   0x080080b4   0x0000019a   Code   RO          824    .text.TIM_Base_SetConfig  stm32f4xx_hal_tim.o
    0x0800824e   0x0800824e   0x00000002   PAD
    0x08008250   0x08008250   0x00000034   Code   RO         1010    .text.TIM_ETR_SetConfig  stm32f4xx_hal_tim.o
    0x08008284   0x08008284   0x0000002a   Code   RO         1016    .text.TIM_ITRx_SetConfig  stm32f4xx_hal_tim.o
    0x080082ae   0x080082ae   0x00000002   PAD
    0x080082b0   0x080082b0   0x00000050   Code   RO         1014    .text.TIM_TI1_ConfigInputStage  stm32f4xx_hal_tim.o
    0x08008300   0x08008300   0x00000052   Code   RO         1018    .text.TIM_TI2_ConfigInputStage  stm32f4xx_hal_tim.o
    0x08008352   0x08008352   0x00000002   PAD
    0x08008354   0x08008354   0x00000020   Code   RO         1242    .text.UART_DMAAbortOnError  stm32f4xx_hal_uart.o
    0x08008374   0x08008374   0x0000007c   Code   RO         1190    .text.UART_DMAError  stm32f4xx_hal_uart.o
    0x080083f0   0x080083f0   0x000000ee   Code   RO         1274    .text.UART_DMAReceiveCplt  stm32f4xx_hal_uart.o
    0x080084de   0x080084de   0x00000002   PAD
    0x080084e0   0x080084e0   0x0000002e   Code   RO         1276    .text.UART_DMARxHalfCplt  stm32f4xx_hal_uart.o
    0x0800850e   0x0800850e   0x00000002   PAD
    0x08008510   0x08008510   0x0000007a   Code   RO         1186    .text.UART_DMATransmitCplt  stm32f4xx_hal_uart.o
    0x0800858a   0x0800858a   0x00000002   PAD
    0x0800858c   0x0800858c   0x00000016   Code   RO         1188    .text.UART_DMATxHalfCplt  stm32f4xx_hal_uart.o
    0x080085a2   0x080085a2   0x00000002   PAD
    0x080085a4   0x080085a4   0x00000094   Code   RO         1204    .text.UART_EndRxTransfer  stm32f4xx_hal_uart.o
    0x08008638   0x08008638   0x00000026   Code   RO         1250    .text.UART_EndTransmit_IT  stm32f4xx_hal_uart.o
    0x0800865e   0x0800865e   0x00000002   PAD
    0x08008660   0x08008660   0x00000036   Code   RO         1202    .text.UART_EndTxTransfer  stm32f4xx_hal_uart.o
    0x08008696   0x08008696   0x00000002   PAD
    0x08008698   0x08008698   0x00000164   Code   RO         1240    .text.UART_Receive_IT  stm32f4xx_hal_uart.o
    0x080087fc   0x080087fc   0x0000013a   Code   RO         1160    .text.UART_SetConfig  stm32f4xx_hal_uart.o
    0x08008936   0x08008936   0x00000002   PAD
    0x08008938   0x08008938   0x00000118   Code   RO         1194    .text.UART_Start_Receive_DMA  stm32f4xx_hal_uart.o
    0x08008a50   0x08008a50   0x00000094   Code   RO         1248    .text.UART_Transmit_IT  stm32f4xx_hal_uart.o
    0x08008ae4   0x08008ae4   0x0000001c   Code   RO          155    .text.USART1_IRQHandler  stm32f4xx_it.o
    0x08008b00   0x08008b00   0x00000038   Code   RO          157    .text.USART3_IRQHandler  stm32f4xx_it.o
    0x08008b38   0x08008b38   0x0000001c   Code   RO          175    .text.USART6_IRQHandler  stm32f4xx_it.o
    0x08008b54   0x08008b54   0x00000066   Code   RO         1442    .text.USAR_UART_IDLECallback  usart_dev.o
    0x08008bba   0x08008bba   0x00000002   PAD
    0x08008bbc   0x08008bbc   0x000000da   Code   RO         1444    .text.USER_UART_IRQHandler  usart_dev.o
    0x08008c96   0x08008c96   0x00000002   PAD
    0x08008c98   0x08008c98   0x00000004   Code   RO          135    .text.UsageFault_Handler  stm32f4xx_it.o
    0x08008c9c   0x08008c9c   0x000000d8   Code   RO         1470    .text.VOFA_F_Send   vofa.o
    0x08008d74   0x08008d74   0x00000030   Code   RO         1524    .text.VerifyAccChipID  bmi088.o
    0x08008da4   0x08008da4   0x00000004   PAD
    0x08008da8   0x08008da8   0x00000170   Code   RO         1528    .text.VerifyAccSelfTest  bmi088.o
    0x08008f18   0x08008f18   0x00000030   Code   RO         1526    .text.VerifyGyroChipID  bmi088.o
    0x08008f48   0x08008f48   0x0000006a   Code   RO         1530    .text.VerifyGyroSelfTest  bmi088.o
    0x08008fb2   0x08008fb2   0x00000002   PAD
    0x08008fb4   0x08008fb4   0x0000007c   Code   RO         1576    .text.Verify_CRC16_Check_Sum  crc_dji.o
    0x08009030   0x08009030   0x0000005c   Code   RO         1570    .text.Verify_CRC8_Check_Sum  crc_dji.o
    0x0800908c   0x0800908c   0x000000a0   Code   RO         1532    .text.WriteDataToAcc  bmi088.o
    0x0800912c   0x0800912c   0x000000a6   Code   RO         1534    .text.WriteDataToGyro  bmi088.o
    0x080091d2   0x080091d2   0x00000002   PAD
    0x080091d4   0x080091d4   0x00000030   Code   RO          557    .text.__NVIC_EnableIRQ  stm32f4xx_hal_cortex.o
    0x08009204   0x08009204   0x00000010   Code   RO          549    .text.__NVIC_GetPriorityGrouping  stm32f4xx_hal_cortex.o
    0x08009214   0x08009214   0x00000042   Code   RO          551    .text.__NVIC_SetPriority  stm32f4xx_hal_cortex.o
    0x08009256   0x08009256   0x00000002   PAD
    0x08009258   0x08009258   0x0000003c   Code   RO          545    .text.__NVIC_SetPriorityGrouping  stm32f4xx_hal_cortex.o
    0x08009294   0x08009294   0x0000001e   Code   RO         1440    .text.fputc         usart_dev.o
    0x080092b2   0x080092b2   0x00000002   PAD
    0x080092b4   0x080092b4   0x00000106   Code   RO           11    .text.main          main.o
    0x080093ba   0x080093ba   0x00000002   PAD
    0x080093bc   0x080093bc   0x00000020   Code   RO         1701    i.__0printf         mc_w.l(printfa.o)
    0x080093dc   0x080093dc   0x000000b0   Code   RO         1677    i.__hardfp_fmodf    m_wm.l(fmodf.o)
    0x0800948c   0x0800948c   0x00000010   Code   RO         1779    i.__mathlib_flt_invalid  m_wm.l(funder.o)
    0x0800949c   0x0800949c   0x0000000e   Code   RO         1848    i.__scatterload_copy  mc_w.l(handlers.o)
    0x080094aa   0x080094aa   0x00000002   Code   RO         1849    i.__scatterload_null  mc_w.l(handlers.o)
    0x080094ac   0x080094ac   0x0000000e   Code   RO         1850    i.__scatterload_zeroinit  mc_w.l(handlers.o)
    0x080094ba   0x080094ba   0x00000002   PAD
    0x080094bc   0x080094bc   0x0000000c   Code   RO         1826    i.__set_errno       mc_w.l(errno.o)
    0x080094c8   0x080094c8   0x00000184   Code   RO         1708    i._fp_digits        mc_w.l(printfa.o)
    0x0800964c   0x0800964c   0x000006dc   Code   RO         1709    i._printf_core      mc_w.l(printfa.o)
    0x08009d28   0x08009d28   0x00000024   Code   RO         1710    i._printf_post_padding  mc_w.l(printfa.o)
    0x08009d4c   0x08009d4c   0x0000002e   Code   RO         1711    i._printf_pre_padding  mc_w.l(printfa.o)
    0x08009d7a   0x08009d7a   0x00000002   PAD
    0x08009d7c   0x08009d7c   0x00000014   Data   RO         1512    .rodata..L__const.ROOT_F_PIDinit.FOLLOW_PID_V  root.o
    0x08009d90   0x08009d90   0x00000014   Data   RO         1509    .rodata..L__const.ROOT_F_PIDinit.PID_V_ATTACK_G_ANGLE  root.o
    0x08009da4   0x08009da4   0x00000014   Data   RO         1508    .rodata..L__const.ROOT_F_PIDinit.PID_V_ATTACK_G_SPEED  root.o
    0x08009db8   0x08009db8   0x00000014   Data   RO         1510    .rodata..L__const.ROOT_F_PIDinit.PID_V_ATTACK_L_CURRENT  root.o
    0x08009dcc   0x08009dcc   0x00000014   Data   RO         1506    .rodata..L__const.ROOT_F_PIDinit.PID_V_ATTACK_L_SPEED  root.o
    0x08009de0   0x08009de0   0x00000014   Data   RO         1511    .rodata..L__const.ROOT_F_PIDinit.PID_V_ATTACK_R_CURRENT  root.o
    0x08009df4   0x08009df4   0x00000014   Data   RO         1507    .rodata..L__const.ROOT_F_PIDinit.PID_V_ATTACK_R_SPEED  root.o
    0x08009e08   0x08009e08   0x00000014   Data   RO         1501    .rodata..L__const.ROOT_F_PIDinit.PID_V_CHASSIS_CURRENT  root.o
    0x08009e1c   0x08009e1c   0x00000014   Data   RO         1500    .rodata..L__const.ROOT_F_PIDinit.PID_V_CHASSIS_SPEED  root.o
    0x08009e30   0x08009e30   0x00000014   Data   RO         1505    .rodata..L__const.ROOT_F_PIDinit.PID_V_GIMBAL_PIT_ANGLE  root.o
    0x08009e44   0x08009e44   0x00000014   Data   RO         1504    .rodata..L__const.ROOT_F_PIDinit.PID_V_GIMBAL_PIT_SPEED  root.o
    0x08009e58   0x08009e58   0x00000014   Data   RO         1503    .rodata..L__const.ROOT_F_PIDinit.PID_V_GIMBAL_YAW_ANGLE  root.o
    0x08009e6c   0x08009e6c   0x00000014   Data   RO         1502    .rodata..L__const.ROOT_F_PIDinit.PID_V_GIMBAL_YAW_SPEED  root.o
    0x08009e80   0x08009e80   0x00000010   Data   RO         1290    .rodata.AHBPrescTable  system_stm32f4xx.o
    0x08009e90   0x08009e90   0x00000008   Data   RO         1291    .rodata.APBPrescTable  system_stm32f4xx.o
    0x08009e98   0x08009e98   0x00000100   Data   RO         1581    .rodata.CRC8_TAB    crc_dji.o
    0x08009f98   0x08009f98   0x00000008   Data   RO          475    .rodata.DMA_CalcBaseAndBitshift.flagBitshiftOffset  stm32f4xx_hal_dma.o
    0x08009fa0   0x08009fa0   0x00000008   Data   RO         1341    .rodata.cst8        chassis.o
    0x08009fa8   0x08009fa8   0x00000005   Data   RO           20    .rodata.str1.1      main.o
    0x08009fad   0x08009fad   0x00000001   PAD
    0x08009fae   0x08009fae   0x00000200   Data   RO         1584    .rodata.wCRC_Table  crc_dji.o
    0x0800a1ae   0x0800a1ae   0x00000002   PAD
    0x0800a1b0   0x0800a1b0   0x00000020   Data   RO         1847    Region$$Table       anon$$obj.o


    Execution Region RW_IRAM1 (Exec base: 0x20000000, Load base: 0x0800a1d0, Size: 0x00001390, Max: 0x0001c000, ABSOLUTE)

    Exec Addr    Load Addr    Size         Type   Attr      Idx    E Section Name        Object

    0x20000000   0x0800a1d0   0x00000004   Data   RW         1804    .data               mc_w.l(stdout.o)
    0x20000004   0x0800a1d4   0x00000004   Data   RW         1827    .data               mc_w.l(errno.o)
    0x20000008   0x0800a1d8   0x00000002   Data   RW         1583    .data.CRC_INIT      crc_dji.o
    0x2000000a   0x0800a1da   0x00000002   PAD
    0x2000000c   0x0800a1dc   0x00000004   Data   RW         1289    .data.SystemCoreClock  system_stm32f4xx.o
    0x20000010   0x0800a1e0   0x00000001   Data   RW          669    .data.uwTickFreq    stm32f4xx_hal.o
    0x20000011   0x0800a1e1   0x00000003   PAD
    0x20000014   0x0800a1e4   0x00000004   Data   RW          668    .data.uwTickPrio    stm32f4xx_hal.o
    0x20000018        -       0x000000ff   Zero   RW         1596    .bss.ALL_RX         read_data.o
    0x20000117   0x0800a1e8   0x00000001   PAD
    0x20000118        -       0x00000008   Zero   RW         1340    .bss.ANGLE_Rad      chassis.o
    0x20000120        -       0x0000001c   Zero   RW         1432    .bss.CANRxheader    can_dev.o
    0x2000013c        -       0x00000008   Zero   RW         1431    .bss.CANRxmsg       can_dev.o
    0x20000144        -       0x00000038   Zero   RW         1354    .bss.DBUS_V_DATA    dbus.o
    0x2000017c        -       0x00000013   Zero   RW         1355    .bss.DBUS_V_UNION   dbus.o
    0x2000018f   0x0800a1e8   0x00000001   PAD
    0x20000190        -       0x00000002   Zero   RW         1598    .bss.Data_length    read_data.o
    0x20000192   0x0800a1e8   0x00000002   PAD
    0x20000194        -       0x0000002c   Zero   RW         1499    .bss.FOLLOW_PID     root.o
    0x200001c0        -       0x00000004   Zero   RW           47    .bss.HAL_RCC_CAN1_CLK_ENABLED  can.o
    0x200001c4        -       0x0000021c   Zero   RW         1415    .bss.MOTOR_V_ATTACK  tim_dev.o
    0x200003e0        -       0x000002d0   Zero   RW         1413    .bss.MOTOR_V_CHASSIS  tim_dev.o
    0x200006b0        -       0x00000168   Zero   RW         1414    .bss.MOTOR_V_GIMBAL  tim_dev.o
    0x20000818        -       0x00000001   Zero   RW         1498    .bss.ROOT_V_MONITOR_DBUS  root.o
    0x20000819   0x0800a1e8   0x00000003   PAD
    0x2000081c        -       0x00000004   Zero   RW         1554    .bss.ReadAccData.filtered_x  bmi088.o
    0x20000820        -       0x00000004   Zero   RW         1555    .bss.ReadAccData.filtered_y  bmi088.o
    0x20000824        -       0x00000004   Zero   RW         1556    .bss.ReadAccData.filtered_z  bmi088.o
    0x20000828        -       0x00000004   Zero   RW         1558    .bss.ReadGyroData.filtered_pitch  bmi088.o
    0x2000082c        -       0x00000004   Zero   RW         1557    .bss.ReadGyroData.filtered_roll  bmi088.o
    0x20000830        -       0x00000004   Zero   RW         1559    .bss.ReadGyroData.filtered_yaw  bmi088.o
    0x20000834        -       0x00000004   Zero   RW         1560    .bss.ReadGyroData.filtered_yaw_a  bmi088.o
    0x20000838        -       0x000000a0   Zero   RW         1416    .bss.aa             tim_dev.o
    0x200008d8        -       0x000000a0   Zero   RW           19    .bss.cp             main.o
    0x20000978        -       0x00000001   Zero   RW         1448    .bss.data_length    usart_dev.o
    0x20000979   0x0800a1e8   0x00000003   PAD
    0x2000097c        -       0x00000028   Zero   RW           45    .bss.hcan1          can.o
    0x200009a4        -       0x00000028   Zero   RW           46    .bss.hcan2          can.o
    0x200009cc        -       0x00000060   Zero   RW           70    .bss.hdma_spi1_rx   spi.o
    0x20000a2c        -       0x00000060   Zero   RW           71    .bss.hdma_spi1_tx   spi.o
    0x20000a8c        -       0x00000060   Zero   RW          116    .bss.hdma_usart1_rx  usart.o
    0x20000aec        -       0x00000060   Zero   RW          115    .bss.hdma_usart1_tx  usart.o
    0x20000b4c        -       0x00000060   Zero   RW          117    .bss.hdma_usart3_rx  usart.o
    0x20000bac        -       0x00000060   Zero   RW          118    .bss.hdma_usart6_rx  usart.o
    0x20000c0c        -       0x00000060   Zero   RW          119    .bss.hdma_usart6_tx  usart.o
    0x20000c6c        -       0x00000058   Zero   RW           69    .bss.hspi1          spi.o
    0x20000cc4        -       0x00000048   Zero   RW           91    .bss.htim2          tim.o
    0x20000d0c        -       0x00000048   Zero   RW           92    .bss.htim4          tim.o
    0x20000d54        -       0x00000048   Zero   RW           93    .bss.htim6          tim.o
    0x20000d9c        -       0x00000048   Zero   RW           94    .bss.htim9          tim.o
    0x20000de4        -       0x00000044   Zero   RW          112    .bss.huart1         usart.o
    0x20000e28        -       0x00000044   Zero   RW          113    .bss.huart3         usart.o
    0x20000e6c        -       0x00000044   Zero   RW          114    .bss.huart6         usart.o
    0x20000eb0        -       0x00000004   Zero   RW         1332    .bss.mm             chassis.o
    0x20000eb4        -       0x00000004   Zero   RW         1333    .bss.nn             chassis.o
    0x20000eb8        -       0x000000cd   Zero   RW         1597    .bss.user_data      read_data.o
    0x20000f85   0x0800a1e8   0x00000003   PAD
    0x20000f88        -       0x00000004   Zero   RW          670    .bss.uwTick         stm32f4xx_hal.o
    0x20000f8c   0x0800a1e8   0x00000004   PAD
    0x20000f90        -       0x00000400   Zero   RW            1    STACK               startup_stm32f407xx.o


    Execution Region RW_IRAM2 (Exec base: 0x2001c000, Load base: 0x0800a1e8, Size: 0x00000000, Max: 0x00004000, ABSOLUTE)

    **** No section assigned to this execution region ****


==============================================================================

Image component sizes


      Code (inc. data)   RO Data    RW Data    ZI Data      Debug   Object Name

      3452         78          0          0         28       6088   bmi088.o
       548          0          0          0         84       6491   can.o
       816         10          0          0         36       4241   can_dev.o
       740         12          8          0         16       4389   chassis.o
       392          0        768          2          0       2136   crc_dji.o
       414          0          0          0         75       3260   dbus.o
       204          0          0          0          0       3358   dma.o
       192         16          0          0          0       2978   gimbal.o
       338          0          0          0          0       2249   gpio.o
       510          0          5          0        160       5580   main.o
       160          0          0          0          0       1925   motor.o
       590          0          0          0          0       3539   pid.o
      3584          0          0          0        462      12495   read_data.o
       948          0        260          0         45       3232   root.o
       486          0          0          0        280       5109   spi.o
        36          8        392          0       1024        848   startup_stm32f407xx.o
       270          0          0          5          4       7131   stm32f4xx_hal.o
      3088          0          0          0          0      11337   stm32f4xx_hal_can.o
       482          0          0          0          0       9450   stm32f4xx_hal_cortex.o
      2068          8          8          0          0       8491   stm32f4xx_hal_dma.o
       996          0          0          0          0       5119   stm32f4xx_hal_gpio.o
        74          0          0          0          0       1500   stm32f4xx_hal_msp.o
      2646          0          0          0          0       7597   stm32f4xx_hal_rcc.o
      3034          0          0          0          0      19687   stm32f4xx_hal_spi.o
      2122          0          0          0          0      35775   stm32f4xx_hal_tim.o
       306          0          0          0          0      15279   stm32f4xx_hal_tim_ex.o
      3778          0          0          0          0      20133   stm32f4xx_hal_uart.o
       354          0          0          0          0       2898   stm32f4xx_it.o
        18          0         24          4          0       2547   system_stm32f4xx.o
       744          0          0          0        288       7870   tim.o
       230          0          0          0       1780       5241   tim_dev.o
      1140          0          0          0        684       7833   usart.o
       350          0          0          0          1       4134   usart_dev.o
       216          0          0          0          0       2822   vofa.o
        78          0          0          0          0        690   yu_math.o

    ----------------------------------------------------------------------
     35564        132       1500         16       4984     243452   Object Totals
         0          0         32          0          0          0   (incl. Generated)
       160          0          3          5         17          0   (incl. Padding)

    ----------------------------------------------------------------------

      Code (inc. data)   RO Data    RW Data    ZI Data      Debug   Library Member Name

       176          0          0          0          0        168   fmodf.o
        16          6          0          0          0        116   funder.o
         0          0          0          0          0          0   entry.o
         0          0          0          0          0          0   entry10a.o
         0          0          0          0          0          0   entry11a.o
         8          4          0          0          0          0   entry2.o
         4          0          0          0          0          0   entry5.o
         0          0          0          0          0          0   entry7b.o
         0          0          0          0          0          0   entry8b.o
         8          4          0          0          0          0   entry9a.o
        12          6          0          4          0         68   errno.o
        30          0          0          0          0          0   handlers.o
        36          8          0          0          0         68   init.o
         0          0          0          0          0          0   iusefp.o
        30          0          0          0          0         68   llshl.o
        36          0          0          0          0         68   llsshr.o
        32          0          0          0          0         68   llushr.o
        36          0          0          0          0         68   memcpya.o
        36          0          0          0          0        108   memseta.o
      2258         90          0          0          0        452   printfa.o
         0          0          0          4          0          0   stdout.o
        44          0          0          0          0         80   uidiv.o
        98          0          0          0          0         92   uldiv.o
        48          0          0          0          0         68   cdrcmple.o
        56          0          0          0          0         88   d2f.o
       334          0          0          0          0        148   dadd.o
        54          0          0          0          0         80   dcmpgt.o
        54          0          0          0          0         80   dcmple.o
       222          0          0          0          0        100   ddiv.o
       186          0          0          0          0        176   depilogue.o
        48          0          0          0          0         68   dfixul.o
        34          0          0          0          0         76   dflti.o
       228          0          0          0          0         96   dmul.o
        38          0          0          0          0         68   f2d.o
       110          0          0          0          0        168   fepilogue.o
        82          0          0          0          0         96   frem.o

    ----------------------------------------------------------------------
      4360        118          0          8          0       2736   Library Totals
         6          0          0          0          0          0   (incl. Padding)

    ----------------------------------------------------------------------

      Code (inc. data)   RO Data    RW Data    ZI Data      Debug   Library Name

       192          6          0          0          0        284   m_wm.l
      2668        112          0          8          0       1140   mc_w.l
      1494          0          0          0          0       1312   mf_w.l

    ----------------------------------------------------------------------
      4360        118          0          8          0       2736   Library Totals

    ----------------------------------------------------------------------

==============================================================================


      Code (inc. data)   RO Data    RW Data    ZI Data      Debug   

     39924        250       1500         24       4984     244384   Grand Totals
     39924        250       1500         24       4984     244384   ELF Image Totals
     39924        250       1500         24          0          0   ROM Totals

==============================================================================

    Total RO  Size (Code + RO Data)                41424 (  40.45kB)
    Total RW  Size (RW Data + ZI Data)              5008 (   4.89kB)
    Total ROM Size (Code + RO Data + RW Data)      41448 (  40.48kB)

==============================================================================

