<html>
<body>
<pre>
<h1>µVision Build Log</h1>
<h2>Tool Versions:</h2>
IDE-Version: µVision V5.37.0.0
Copyright (C) 2022 ARM Ltd and ARM Germany GmbH. All rights reserved.
License Information: liang qiu, qiu, LIC=ZB4EI-TJLRG-KP0ZY-ISTJK-4NU06-AHAQE
 
Tool Versions:
Toolchain:       MDK-ARM Plus  Version: 5.37.0.0
Toolchain Path:  D:\RoboMaster\SoftWare\MDK537\ARM\ARMCLANG\Bin
C Compiler:      ArmClang.exe V6.18
Assembler:       Armasm.exe V6.18
Linker/Locator:  ArmLink.exe V6.18
Library Manager: ArmAr.exe V6.18
Hex Converter:   FromElf.exe V6.18
CPU DLL:         SARMCM3.DLL V5.37.0.0
Dialog DLL:      DCM.DLL V1.17.5.0
Target DLL:      CMSIS_AGDI.dll V1.33.12.0
Dialog DLL:      TCM.DLL V1.56.1.0
 
<h2>Project:</h2>
D:\RoboMaster\SoftWare\New_CubeMXCode\OMNI_KEIL\debug\OMNI_C\MDK-ARM\OMNI_C.uvprojx
Project File Date:  09/22/2024

<h2>Output:</h2>
*** Using Compiler 'V6.18', folder: 'D:\RoboMaster\SoftWare\MDK537\ARM\ARMCLANG\Bin'
Rebuild target 'OMNI_C'
Note: source file '..\LIB\pid.c' - object file renamed from 'OMNI_C\pid.o' to 'OMNI_C\pid_1.o'.
compiling can.c...
compiling gpio.c...
compiling stm32f4xx_hal_msp.c...
compiling usart.c...
compiling stm32f4xx_hal_pcd_ex.c...
compiling main.c...
compiling dma.c...
compiling freertos.c...
compiling spi.c...
compiling stm32f4xx_it.c...
assembling startup_stm32f407xx.s...
compiling stm32f4xx_ll_usb.c...
compiling stm32f4xx_hal_flash.c...
compiling stm32f4xx_hal_pcd.c...
compiling tim.c...
compiling stm32f4xx_hal_rcc.c...
compiling stm32f4xx_hal_rcc_ex.c...
compiling stm32f4xx_hal_flash_ramfunc.c...
compiling stm32f4xx_hal_flash_ex.c...
compiling stm32f4xx_hal_pwr.c...
compiling stm32f4xx_hal_dma.c...
compiling stm32f4xx_hal_cortex.c...
compiling stm32f4xx_hal_pwr_ex.c...
compiling stm32f4xx_hal_gpio.c...
compiling stm32f4xx_hal.c...
compiling stm32f4xx_hal_dma_ex.c...
compiling stm32f4xx_hal_exti.c...
compiling CAP.c...
compiling stm32f4xx_hal_can.c...
compiling DBUS.c...
compiling TOP.c...
compiling MOTOR.c...
compiling ATTACK.c...
compiling CHASSIS.c...
compiling stm32f4xx_hal_tim_ex.c...
compiling system_stm32f4xx.c...
compiling YU_PID.c...
compiling stm32f4xx_hal_uart.c...
compiling stm32f4xx_hal_spi.c...
compiling GIMBAL.c...
compiling stm32f4xx_hal_tim.c...
compiling TIM_DEV.c...
compiling CAN_DEV.c...
compiling YU_MATH.c...
compiling JUDGEMENT.c...
compiling kalman_filter.c...
compiling USART_DEV.c...
compiling VISION.c...
compiling VOFA.c...
compiling BMI088Middleware.c...
compiling ROOT.c...
compiling QuaternionEKF.c...
compiling BMI088driver.c...
compiling bsp_imu_pwm.c...
compiling imu_temp_control_task.c...
compiling user_lib.c...
compiling pid.c...
compiling CRC_DJI.c...
compiling Anonymity_TX.c...
compiling BayesFunctions.c...
compiling ComplexMathFunctions.c...
compiling BasicMathFunctions.c...
compiling ControllerFunctions.c...
compiling QuaternionMathFunctions.c...
compiling DistanceFunctions.c...
compiling Read_Data.c...
compiling FastMathFunctions.c...
compiling StatisticsFunctions.c...
compiling MatrixFunctions.c...
compiling InterpolationFunctions.c...
compiling Write_Data.c...
compiling SVMFunctions.c...
compiling FilteringFunctions.c...
compiling SupportFunctions.c...
compiling CommonTables.c...
compiling croutine.c...
compiling timers.c...
compiling queue.c...
compiling tasks.c...
compiling WindowFunctions.c...
compiling list.c...
compiling stream_buffer.c...
compiling TransformFunctions.c...
compiling usb_device.c...
compiling usbd_desc.c...
compiling cmsis_os.c...
compiling usbd_cdc_if.c...
compiling usbd_conf.c...
compiling event_groups.c...
compiling port.c...
compiling heap_4.c...
compiling usbd_cdc.c...
compiling usbd_core.c...
compiling usbd_ctlreq.c...
compiling usbd_ioreq.c...
linking...
Program Size: Code=83216 RO-data=4148 RW-data=452 ZI-data=29044  
FromELF: creating hex file...
"OMNI_C\OMNI_C.axf" - 0 Error(s), 0 Warning(s).

<h2>Software Packages used:</h2>

Package Vendor: Keil
                http://www.keil.com/pack/Keil.STM32F4xx_DFP.2.15.0.pack
                Keil.STM32F4xx_DFP.2.15.0
                STMicroelectronics STM32F4 Series Device Support, Drivers and Examples

<h2>Collection of Component include folders:</h2>
  D:/RoboMaster/SoftWare/MDK537/Package/Keil/STM32F4xx_DFP/2.15.0/Drivers/CMSIS/Device/ST/STM32F4xx/Include

<h2>Collection of Component Files used:</h2>
Build Time Elapsed:  00:00:07
</pre>
</body>
</html>
