Component: Arm Compiler for Embedded 6.18 Tool: armlink [5e4cc100]

==============================================================================

Section Cross References

    startup_stm32f407xx.o(RESET) refers to startup_stm32f407xx.o(STACK) for __initial_sp
    startup_stm32f407xx.o(RESET) refers to startup_stm32f407xx.o(.text) for Reset_Handler
    startup_stm32f407xx.o(RESET) refers to stm32f4xx_it.o(.text.NMI_Handler) for NMI_Handler
    startup_stm32f407xx.o(RESET) refers to stm32f4xx_it.o(.text.HardFault_Handler) for HardFault_Handler
    startup_stm32f407xx.o(RESET) refers to stm32f4xx_it.o(.text.MemManage_Handler) for MemManage_Handler
    startup_stm32f407xx.o(RESET) refers to stm32f4xx_it.o(.text.BusFault_Handler) for BusFault_Handler
    startup_stm32f407xx.o(RESET) refers to stm32f4xx_it.o(.text.UsageFault_Handler) for UsageFault_Handler
    startup_stm32f407xx.o(RESET) refers to stm32f4xx_it.o(.text.SVC_Handler) for SVC_Handler
    startup_stm32f407xx.o(RESET) refers to stm32f4xx_it.o(.text.DebugMon_Handler) for DebugMon_Handler
    startup_stm32f407xx.o(RESET) refers to stm32f4xx_it.o(.text.PendSV_Handler) for PendSV_Handler
    startup_stm32f407xx.o(RESET) refers to stm32f4xx_it.o(.text.SysTick_Handler) for SysTick_Handler
    startup_stm32f407xx.o(RESET) refers to stm32f4xx_it.o(.text.DMA1_Stream1_IRQHandler) for DMA1_Stream1_IRQHandler
    startup_stm32f407xx.o(RESET) refers to stm32f4xx_it.o(.text.CAN1_RX0_IRQHandler) for CAN1_RX0_IRQHandler
    startup_stm32f407xx.o(RESET) refers to stm32f4xx_it.o(.text.TIM1_BRK_TIM9_IRQHandler) for TIM1_BRK_TIM9_IRQHandler
    startup_stm32f407xx.o(RESET) refers to stm32f4xx_it.o(.text.TIM2_IRQHandler) for TIM2_IRQHandler
    startup_stm32f407xx.o(RESET) refers to stm32f4xx_it.o(.text.TIM4_IRQHandler) for TIM4_IRQHandler
    startup_stm32f407xx.o(RESET) refers to stm32f4xx_it.o(.text.USART1_IRQHandler) for USART1_IRQHandler
    startup_stm32f407xx.o(RESET) refers to stm32f4xx_it.o(.text.USART3_IRQHandler) for USART3_IRQHandler
    startup_stm32f407xx.o(RESET) refers to stm32f4xx_it.o(.text.TIM6_DAC_IRQHandler) for TIM6_DAC_IRQHandler
    startup_stm32f407xx.o(RESET) refers to stm32f4xx_it.o(.text.DMA2_Stream0_IRQHandler) for DMA2_Stream0_IRQHandler
    startup_stm32f407xx.o(RESET) refers to stm32f4xx_it.o(.text.DMA2_Stream2_IRQHandler) for DMA2_Stream2_IRQHandler
    startup_stm32f407xx.o(RESET) refers to stm32f4xx_it.o(.text.DMA2_Stream3_IRQHandler) for DMA2_Stream3_IRQHandler
    startup_stm32f407xx.o(RESET) refers to stm32f4xx_it.o(.text.CAN2_RX0_IRQHandler) for CAN2_RX0_IRQHandler
    startup_stm32f407xx.o(RESET) refers to stm32f4xx_it.o(.text.DMA2_Stream6_IRQHandler) for DMA2_Stream6_IRQHandler
    startup_stm32f407xx.o(RESET) refers to stm32f4xx_it.o(.text.USART6_IRQHandler) for USART6_IRQHandler
    startup_stm32f407xx.o(.text) refers to system_stm32f4xx.o(.text.SystemInit) for SystemInit
    startup_stm32f407xx.o(.text) refers to entry.o(.ARM.Collect$$$$00000000) for __main
    main.o(.text.main) refers to stm32f4xx_hal.o(.text.HAL_Init) for HAL_Init
    main.o(.text.main) refers to main.o(.text.SystemClock_Config) for SystemClock_Config
    main.o(.text.main) refers to gpio.o(.text.MX_GPIO_Init) for MX_GPIO_Init
    main.o(.text.main) refers to dma.o(.text.MX_DMA_Init) for MX_DMA_Init
    main.o(.text.main) refers to can.o(.text.MX_CAN1_Init) for MX_CAN1_Init
    main.o(.text.main) refers to can.o(.text.MX_CAN2_Init) for MX_CAN2_Init
    main.o(.text.main) refers to tim.o(.text.MX_TIM2_Init) for MX_TIM2_Init
    main.o(.text.main) refers to tim.o(.text.MX_TIM4_Init) for MX_TIM4_Init
    main.o(.text.main) refers to tim.o(.text.MX_TIM6_Init) for MX_TIM6_Init
    main.o(.text.main) refers to tim.o(.text.MX_TIM9_Init) for MX_TIM9_Init
    main.o(.text.main) refers to spi.o(.text.MX_SPI1_Init) for MX_SPI1_Init
    main.o(.text.main) refers to usart.o(.text.MX_USART3_UART_Init) for MX_USART3_UART_Init
    main.o(.text.main) refers to usart.o(.text.MX_USART1_UART_Init) for MX_USART1_UART_Init
    main.o(.text.main) refers to usart.o(.text.MX_USART6_UART_Init) for MX_USART6_UART_Init
    main.o(.text.main) refers to main.o(.text.MX_NVIC_Init) for MX_NVIC_Init
    main.o(.text.main) refers to root.o(.text.ROOT_F_Init) for ROOT_F_Init
    main.o(.text.main) refers to stm32f4xx_hal.o(.text.HAL_Delay) for HAL_Delay
    main.o(.text.main) refers to can_dev.o(.text.CAN_Filter_Init) for CAN_Filter_Init
    main.o(.text.main) refers to usart.o(.bss.huart6) for huart6
    main.o(.text.main) refers to read_data.o(.bss.ALL_RX) for ALL_RX
    main.o(.text.main) refers to stm32f4xx_hal_uart.o(.text.HAL_UART_Receive_DMA) for HAL_UART_Receive_DMA
    main.o(.text.main) refers to usart.o(.bss.huart3) for huart3
    main.o(.text.main) refers to dbus.o(.bss.DBUS_V_UNION) for DBUS_V_UNION
    main.o(.text.main) refers to tim.o(.bss.htim2) for htim2
    main.o(.text.main) refers to stm32f4xx_hal_tim.o(.text.HAL_TIM_Base_Start_IT) for HAL_TIM_Base_Start_IT
[...]
    [Anonymous Symbol]                       0x08007e10   Section        0  stm32f4xx_hal_tim.o(.text.TIM_ITRx_SetConfig)
    TIM_TI1_ConfigInputStage                 0x08007e3d   Thumb Code    80  stm32f4xx_hal_tim.o(.text.TIM_TI1_ConfigInputStage)
    [Anonymous Symbol]                       0x08007e3c   Section        0  stm32f4xx_hal_tim.o(.text.TIM_TI1_ConfigInputStage)
    TIM_TI2_ConfigInputStage                 0x08007e8d   Thumb Code    82  stm32f4xx_hal_tim.o(.text.TIM_TI2_ConfigInputStage)
    [Anonymous Symbol]                       0x08007e8c   Section        0  stm32f4xx_hal_tim.o(.text.TIM_TI2_ConfigInputStage)
    UART_DMAAbortOnError                     0x08007ee1   Thumb Code    32  stm32f4xx_hal_uart.o(.text.UART_DMAAbortOnError)
    [Anonymous Symbol]                       0x08007ee0   Section        0  stm32f4xx_hal_uart.o(.text.UART_DMAAbortOnError)
    UART_DMAError                            0x08007f01   Thumb Code   124  stm32f4xx_hal_uart.o(.text.UART_DMAError)
    [Anonymous Symbol]                       0x08007f00   Section        0  stm32f4xx_hal_uart.o(.text.UART_DMAError)
    UART_DMAReceiveCplt                      0x08007f7d   Thumb Code   238  stm32f4xx_hal_uart.o(.text.UART_DMAReceiveCplt)
    [Anonymous Symbol]                       0x08007f7c   Section        0  stm32f4xx_hal_uart.o(.text.UART_DMAReceiveCplt)
    UART_DMARxHalfCplt                       0x0800806d   Thumb Code    46  stm32f4xx_hal_uart.o(.text.UART_DMARxHalfCplt)
    [Anonymous Symbol]                       0x0800806c   Section        0  stm32f4xx_hal_uart.o(.text.UART_DMARxHalfCplt)
    UART_EndRxTransfer                       0x0800809d   Thumb Code   148  stm32f4xx_hal_uart.o(.text.UART_EndRxTransfer)
    [Anonymous Symbol]                       0x0800809c   Section        0  stm32f4xx_hal_uart.o(.text.UART_EndRxTransfer)
    UART_EndTransmit_IT                      0x08008131   Thumb Code    38  stm32f4xx_hal_uart.o(.text.UART_EndTransmit_IT)
    [Anonymous Symbol]                       0x08008130   Section        0  stm32f4xx_hal_uart.o(.text.UART_EndTransmit_IT)
    UART_EndTxTransfer                       0x08008159   Thumb Code    54  stm32f4xx_hal_uart.o(.text.UART_EndTxTransfer)
    [Anonymous Symbol]                       0x08008158   Section        0  stm32f4xx_hal_uart.o(.text.UART_EndTxTransfer)
    UART_Receive_IT                          0x08008191   Thumb Code   356  stm32f4xx_hal_uart.o(.text.UART_Receive_IT)
    [Anonymous Symbol]                       0x08008190   Section        0  stm32f4xx_hal_uart.o(.text.UART_Receive_IT)
    UART_SetConfig                           0x080082f5   Thumb Code   314  stm32f4xx_hal_uart.o(.text.UART_SetConfig)
    [Anonymous Symbol]                       0x080082f4   Section        0  stm32f4xx_hal_uart.o(.text.UART_SetConfig)
    [Anonymous Symbol]                       0x08008430   Section        0  stm32f4xx_hal_uart.o(.text.UART_Start_Receive_DMA)
    UART_Transmit_IT                         0x08008549   Thumb Code   148  stm32f4xx_hal_uart.o(.text.UART_Transmit_IT)
    [Anonymous Symbol]                       0x08008548   Section        0  stm32f4xx_hal_uart.o(.text.UART_Transmit_IT)
    [Anonymous Symbol]                       0x080085dc   Section        0  stm32f4xx_it.o(.text.USART1_IRQHandler)
    [Anonymous Symbol]                       0x080085f8   Section        0  stm32f4xx_it.o(.text.USART3_IRQHandler)
    [Anonymous Symbol]                       0x08008630   Section        0  stm32f4xx_it.o(.text.USART6_IRQHandler)
    [Anonymous Symbol]                       0x0800864c   Section        0  usart_dev.o(.text.USAR_UART_IDLECallback)
    [Anonymous Symbol]                       0x080086b4   Section        0  usart_dev.o(.text.USER_UART_IRQHandler)
    [Anonymous Symbol]                       0x08008790   Section        0  stm32f4xx_it.o(.text.UsageFault_Handler)
    [Anonymous Symbol]                       0x08008794   Section        0  bmi088.o(.text.VerifyAccChipID)
    [Anonymous Symbol]                       0x080087c8   Section        0  bmi088.o(.text.VerifyAccSelfTest)
    [Anonymous Symbol]                       0x08008938   Section        0  bmi088.o(.text.VerifyGyroChipID)
    [Anonymous Symbol]                       0x08008968   Section        0  bmi088.o(.text.VerifyGyroSelfTest)
    [Anonymous Symbol]                       0x080089d4   Section        0  crc_dji.o(.text.Verify_CRC16_Check_Sum)
    [Anonymous Symbol]                       0x08008a50   Section        0  crc_dji.o(.text.Verify_CRC8_Check_Sum)
    [Anonymous Symbol]                       0x08008aac   Section        0  bmi088.o(.text.WriteDataToAcc)
    [Anonymous Symbol]                       0x08008b4c   Section        0  bmi088.o(.text.WriteDataToGyro)
    __NVIC_EnableIRQ                         0x08008bf5   Thumb Code    48  stm32f4xx_hal_cortex.o(.text.__NVIC_EnableIRQ)
    [Anonymous Symbol]                       0x08008bf4   Section        0  stm32f4xx_hal_cortex.o(.text.__NVIC_EnableIRQ)
    __NVIC_GetPriorityGrouping               0x08008c25   Thumb Code    16  stm32f4xx_hal_cortex.o(.text.__NVIC_GetPriorityGrouping)
    [Anonymous Symbol]                       0x08008c24   Section        0  stm32f4xx_hal_cortex.o(.text.__NVIC_GetPriorityGrouping)
    __NVIC_SetPriority                       0x08008c35   Thumb Code    66  stm32f4xx_hal_cortex.o(.text.__NVIC_SetPriority)
    [Anonymous Symbol]                       0x08008c34   Section        0  stm32f4xx_hal_cortex.o(.text.__NVIC_SetPriority)
    __NVIC_SetPriorityGrouping               0x08008c79   Thumb Code    60  stm32f4xx_hal_cortex.o(.text.__NVIC_SetPriorityGrouping)
    [Anonymous Symbol]                       0x08008c78   Section        0  stm32f4xx_hal_cortex.o(.text.__NVIC_SetPriorityGrouping)
    [Anonymous Symbol]                       0x08008cb4   Section        0  main.o(.text.main)
    i.__ARM_fpclassify                       0x08008dae   Section        0  fpclassify.o(i.__ARM_fpclassify)
    i.__hardfp_cos                           0x08008de0   Section        0  cos.o(i.__hardfp_cos)
    i.__hardfp_sin                           0x08008ea8   Section        0  sin.o(i.__hardfp_sin)
    i.__ieee754_rem_pio2                     0x08008f70   Section        0  rred.o(i.__ieee754_rem_pio2)
    i.__kernel_cos                           0x080093a8   Section        0  cos_i.o(i.__kernel_cos)
    i.__kernel_poly                          0x08009518   Section        0  poly.o(i.__kernel_poly)
    i.__kernel_sin                           0x08009610   Section        0  sin_i.o(i.__kernel_sin)
    i.__mathlib_dbl_infnan                   0x08009740   Section        0  dunder.o(i.__mathlib_dbl_infnan)
    i.__mathlib_dbl_invalid                  0x08009758   Section        0  dunder.o(i.__mathlib_dbl_invalid)
    i.__mathlib_dbl_underflow                0x08009778   Section        0  dunder.o(i.__mathlib_dbl_underflow)
    i.__scatterload_copy                     0x08009798   Section       14  handlers.o(i.__scatterload_copy)
    i.__scatterload_null                     0x080097a6   Section        2  handlers.o(i.__scatterload_null)
    i.__scatterload_zeroinit                 0x080097a8   Section       14  handlers.o(i.__scatterload_zeroinit)
    i.__set_errno                            0x080097b8   Section        0  errno.o(i.__set_errno)
    i.fabs                                   0x080097c4   Section        0  fabs.o(i.fabs)
    C                                        0x080097e0   Data          48  cos_i.o(.constdata)
    .constdata                               0x080097e0   Section       48  cos_i.o(.constdata)
    pio2s                                    0x08009810   Data          48  rred.o(.constdata)
    .constdata                               0x08009810   Section      204  rred.o(.constdata)
    twooverpi                                0x08009840   Data         156  rred.o(.constdata)
    S                                        0x080098e0   Data          40  sin_i.o(.constdata)
    .constdata                               0x080098e0   Section       40  sin_i.o(.constdata)
    .L__const.ROOT_F_PIDinit.PID_V_ATTACK_G_ANGLE 0x08009908   Data          20  root.o(.rodata..L__const.ROOT_F_PIDinit.PID_V_ATTACK_G_ANGLE)
    .L__const.ROOT_F_PIDinit.PID_V_ATTACK_G_SPEED 0x0800991c   Data          20  root.o(.rodata..L__const.ROOT_F_PIDinit.PID_V_ATTACK_G_SPEED)
    .L__const.ROOT_F_PIDinit.PID_V_ATTACK_L_CURRENT 0x08009930   Data          20  root.o(.rodata..L__const.ROOT_F_PIDinit.PID_V_ATTACK_L_CURRENT)
    .L__const.ROOT_F_PIDinit.PID_V_ATTACK_L_SPEED 0x08009944   Data          20  root.o(.rodata..L__const.ROOT_F_PIDinit.PID_V_ATTACK_L_SPEED)
    .L__const.ROOT_F_PIDinit.PID_V_ATTACK_R_CURRENT 0x08009958   Data          20  root.o(.rodata..L__const.ROOT_F_PIDinit.PID_V_ATTACK_R_CURRENT)
    .L__const.ROOT_F_PIDinit.PID_V_ATTACK_R_SPEED 0x0800996c   Data          20  root.o(.rodata..L__const.ROOT_F_PIDinit.PID_V_ATTACK_R_SPEED)
    .L__const.ROOT_F_PIDinit.PID_V_CHASSIS_CURRENT 0x08009980   Data          20  root.o(.rodata..L__const.ROOT_F_PIDinit.PID_V_CHASSIS_CURRENT)
    .L__const.ROOT_F_PIDinit.PID_V_CHASSIS_SPEED 0x08009994   Data          20  root.o(.rodata..L__const.ROOT_F_PIDinit.PID_V_CHASSIS_SPEED)
    .L__const.ROOT_F_PIDinit.PID_V_GIMBAL_PIT_ANGLE 0x080099a8   Data          20  root.o(.rodata..L__const.ROOT_F_PIDinit.PID_V_GIMBAL_PIT_ANGLE)
    .L__const.ROOT_F_PIDinit.PID_V_GIMBAL_PIT_SPEED 0x080099bc   Data          20  root.o(.rodata..L__const.ROOT_F_PIDinit.PID_V_GIMBAL_PIT_SPEED)
    .L__const.ROOT_F_PIDinit.PID_V_GIMBAL_YAW_ANGLE 0x080099d0   Data          20  root.o(.rodata..L__const.ROOT_F_PIDinit.PID_V_GIMBAL_YAW_ANGLE)
    .L__const.ROOT_F_PIDinit.PID_V_GIMBAL_YAW_SPEED 0x080099e4   Data          20  root.o(.rodata..L__const.ROOT_F_PIDinit.PID_V_GIMBAL_YAW_SPEED)
    DMA_CalcBaseAndBitshift.flagBitshiftOffset 0x08009b10   Data           8  stm32f4xx_hal_dma.o(.rodata.DMA_CalcBaseAndBitshift.flagBitshiftOffset)
    [Anonymous Symbol]                       0x08009b10   Section        0  stm32f4xx_hal_dma.o(.rodata.DMA_CalcBaseAndBitshift.flagBitshiftOffset)
    .L__const.CHASSIS_F_Ctl.COMPONENT        0x08009b18   Data           8  chassis.o(.rodata.cst8)
    _errno                                   0x20000000   Data           4  errno.o(.data)
    .data                                    0x20000000   Section        4  errno.o(.data)
    HAL_RCC_CAN1_CLK_ENABLED                 0x20000194   Data           4  can.o(.bss.HAL_RCC_CAN1_CLK_ENABLED)
    [Anonymous Symbol]                       0x20000194   Section        0  can.o(.bss.HAL_RCC_CAN1_CLK_ENABLED)
    ReadAccData.filtered_x                   0x200007f0   Data           4  bmi088.o(.bss.ReadAccData.filtered_x)
    [Anonymous Symbol]                       0x200007f0   Section        0  bmi088.o(.bss.ReadAccData.filtered_x)
    ReadAccData.filtered_y                   0x200007f4   Data           4  bmi088.o(.bss.ReadAccData.filtered_y)
    [Anonymous Symbol]                       0x200007f4   Section        0  bmi088.o(.bss.ReadAccData.filtered_y)
    ReadAccData.filtered_z                   0x200007f8   Data           4  bmi088.o(.bss.ReadAccData.filtered_z)
    [Anonymous Symbol]                       0x200007f8   Section        0  bmi088.o(.bss.ReadAccData.filtered_z)
    ReadGyroData.filtered_pitch              0x200007fc   Data           4  bmi088.o(.bss.ReadGyroData.filtered_pitch)
    [Anonymous Symbol]                       0x200007fc   Section        0  bmi088.o(.bss.ReadGyroData.filtered_pitch)
    ReadGyroData.filtered_roll               0x20000800   Data           4  bmi088.o(.bss.ReadGyroData.filtered_roll)
    [Anonymous Symbol]                       0x20000800   Section        0  bmi088.o(.bss.ReadGyroData.filtered_roll)
    ReadGyroData.filtered_yaw                0x20000804   Data           4  bmi088.o(.bss.ReadGyroData.filtered_yaw)
    [Anonymous Symbol]                       0x20000804   Section        0  bmi088.o(.bss.ReadGyroData.filtered_yaw)
    STACK                                    0x20000da0   Section     1024  startup_stm32f407xx.o(STACK)

    Global Symbols

    Symbol Name                              Value     Ov Type        Size  Object(Section)

    BuildAttributes$$THM_ISAv4$E$P$D$K$B$S$7EM$VFPi3$EXTD16$VFPS$VFMA$PE$A:L22UL41UL21$X:L11$S22US41US21$IEEE1$IW$~IW$USESV6$~STKCKD$USESV7$~SHL$OTIME$ROPI$IEEEX$EBA8$MICROLIB$REQ8$PRES8$EABIv2 0x00000000   Number         0  anon$$obj.o ABSOLUTE
    __cpp_initialize__aeabi_                  - Undefined Weak Reference
    __cxa_finalize                            - Undefined Weak Reference
    __decompress                              - Undefined Weak Reference
    _clock_init                               - Undefined Weak Reference
    _microlib_exit                            - Undefined Weak Reference
    __Vectors_Size                           0x00000188   Number         0  startup_stm32f407xx.o ABSOLUTE
    __Vectors                                0x08000000   Data           4  startup_stm32f407xx.o(RESET)
    __Vectors_End                            0x08000188   Data           0  startup_stm32f407xx.o(RESET)
    __main                                   0x08000189   Thumb Code     0  entry.o(.ARM.Collect$$$$00000000)
    _main_stk                                0x08000189   Thumb Code     0  entry2.o(.ARM.Collect$$$$00000001)
    _main_scatterload                        0x0800018d   Thumb Code     0  entry5.o(.ARM.Collect$$$$00000004)
    __main_after_scatterload                 0x08000191   Thumb Code     0  entry5.o(.ARM.Collect$$$$00000004)
    _main_clock                              0x08000191   Thumb Code     0  entry7b.o(.ARM.Collect$$$$00000008)
    _main_cpp_init                           0x08000191   Thumb Code     0  entry8b.o(.ARM.Collect$$$$0000000A)
    _main_init                               0x08000191   Thumb Code     0  entry9a.o(.ARM.Collect$$$$0000000B)
    __rt_final_cpp                           0x08000199   Thumb Code     0  entry10a.o(.ARM.Collect$$$$0000000D)
    __rt_final_exit                          0x08000199   Thumb Code     0  entry11a.o(.ARM.Collect$$$$0000000F)
    Reset_Handler                            0x0800019d   Thumb Code     8  startup_stm32f407xx.o(.text)
    ADC_IRQHandler                           0x080001b7   Thumb Code     0  startup_stm32f407xx.o(.text)
    CAN1_RX1_IRQHandler                      0x080001b7   Thumb Code     0  startup_stm32f407xx.o(.text)
    CAN1_SCE_IRQHandler                      0x080001b7   Thumb Code     0  startup_stm32f407xx.o(.text)
    CAN1_TX_IRQHandler                       0x080001b7   Thumb Code     0  startup_stm32f407xx.o(.text)
    CAN2_RX1_IRQHandler                      0x080001b7   Thumb Code     0  startup_stm32f407xx.o(.text)
    CAN2_SCE_IRQHandler                      0x080001b7   Thumb Code     0  startup_stm32f407xx.o(.text)
    CAN2_TX_IRQHandler                       0x080001b7   Thumb Code     0  startup_stm32f407xx.o(.text)
    DCMI_IRQHandler                          0x080001b7   Thumb Code     0  startup_stm32f407xx.o(.text)
    DMA1_Stream0_IRQHandler                  0x080001b7   Thumb Code     0  startup_stm32f407xx.o(.text)
    DMA1_Stream2_IRQHandler                  0x080001b7   Thumb Code     0  startup_stm32f407xx.o(.text)
    DMA1_Stream3_IRQHandler                  0x080001b7   Thumb Code     0  startup_stm32f407xx.o(.text)
    DMA1_Stream4_IRQHandler                  0x080001b7   Thumb Code     0  startup_stm32f407xx.o(.text)
    DMA1_Stream5_IRQHandler                  0x080001b7   Thumb Code     0  startup_stm32f407xx.o(.text)
    DMA1_Stream6_IRQHandler                  0x080001b7   Thumb Code     0  startup_stm32f407xx.o(.text)
    DMA1_Stream7_IRQHandler                  0x080001b7   Thumb Code     0  startup_stm32f407xx.o(.text)
    DMA2_Stream1_IRQHandler                  0x080001b7   Thumb Code     0  startup_stm32f407xx.o(.text)
    DMA2_Stream4_IRQHandler                  0x080001b7   Thumb Code     0  startup_stm32f407xx.o(.text)
    DMA2_Stream5_IRQHandler                  0x080001b7   Thumb Code     0  startup_stm32f407xx.o(.text)
    DMA2_Stream7_IRQHandler                  0x080001b7   Thumb Code     0  startup_stm32f407xx.o(.text)
    ETH_IRQHandler                           0x080001b7   Thumb Code     0  startup_stm32f407xx.o(.text)
    ETH_WKUP_IRQHandler                      0x080001b7   Thumb Code     0  startup_stm32f407xx.o(.text)
    EXTI0_IRQHandler                         0x080001b7   Thumb Code     0  startup_stm32f407xx.o(.text)
    EXTI15_10_IRQHandler                     0x080001b7   Thumb Code     0  startup_stm32f407xx.o(.text)
    EXTI1_IRQHandler                         0x080001b7   Thumb Code     0  startup_stm32f407xx.o(.text)
    EXTI2_IRQHandler                         0x080001b7   Thumb Code     0  startup_stm32f407xx.o(.text)
    EXTI3_IRQHandler                         0x080001b7   Thumb Code     0  startup_stm32f407xx.o(.text)
    EXTI4_IRQHandler                         0x080001b7   Thumb Code     0  startup_stm32f407xx.o(.text)
    EXTI9_5_IRQHandler                       0x080001b7   Thumb Code     0  startup_stm32f407xx.o(.text)
    FLASH_IRQHandler                         0x080001b7   Thumb Code     0  startup_stm32f407xx.o(.text)
    FMC_IRQHandler                           0x080001b7   Thumb Code     0  startup_stm32f407xx.o(.text)
    FPU_IRQHandler                           0x080001b7   Thumb Code     0  startup_stm32f407xx.o(.text)
    HASH_RNG_IRQHandler                      0x080001b7   Thumb Code     0  startup_stm32f407xx.o(.text)
    I2C1_ER_IRQHandler                       0x080001b7   Thumb Code     0  startup_stm32f407xx.o(.text)
    I2C1_EV_IRQHandler                       0x080001b7   Thumb Code     0  startup_stm32f407xx.o(.text)
    I2C2_ER_IRQHandler                       0x080001b7   Thumb Code     0  startup_stm32f407xx.o(.text)
    I2C2_EV_IRQHandler                       0x080001b7   Thumb Code     0  startup_stm32f407xx.o(.text)
    I2C3_ER_IRQHandler                       0x080001b7   Thumb Code     0  startup_stm32f407xx.o(.text)
    I2C3_EV_IRQHandler                       0x080001b7   Thumb Code     0  startup_stm32f407xx.o(.text)
    OTG_FS_IRQHandler                        0x080001b7   Thumb Code     0  startup_stm32f407xx.o(.text)
    OTG_FS_WKUP_IRQHandler                   0x080001b7   Thumb Code     0  startup_stm32f407xx.o(.text)
    OTG_HS_EP1_IN_IRQHandler                 0x080001b7   Thumb Code     0  startup_stm32f407xx.o(.text)
    OTG_HS_EP1_OUT_IRQHandler                0x080001b7   Thumb Code     0  startup_stm32f407xx.o(.text)
    OTG_HS_IRQHandler                        0x080001b7   Thumb Code     0  startup_stm32f407xx.o(.text)
    OTG_HS_WKUP_IRQHandler                   0x080001b7   Thumb Code     0  startup_stm32f407xx.o(.text)
    PVD_IRQHandler                           0x080001b7   Thumb Code     0  startup_stm32f407xx.o(.text)
    RCC_IRQHandler                           0x080001b7   Thumb Code     0  startup_stm32f407xx.o(.text)
    RTC_Alarm_IRQHandler                     0x080001b7   Thumb Code     0  startup_stm32f407xx.o(.text)
    RTC_WKUP_IRQHandler                      0x080001b7   Thumb Code     0  startup_stm32f407xx.o(.text)
    SDIO_IRQHandler                          0x080001b7   Thumb Code     0  startup_stm32f407xx.o(.text)
    SPI1_IRQHandler                          0x080001b7   Thumb Code     0  startup_stm32f407xx.o(.text)
    SPI2_IRQHandler                          0x080001b7   Thumb Code     0  startup_stm32f407xx.o(.text)
    SPI3_IRQHandler                          0x080001b7   Thumb Code     0  startup_stm32f407xx.o(.text)
    TAMP_STAMP_IRQHandler                    0x080001b7   Thumb Code     0  startup_stm32f407xx.o(.text)
    TIM1_CC_IRQHandler                       0x080001b7   Thumb Code     0  startup_stm32f407xx.o(.text)
    TIM1_TRG_COM_TIM11_IRQHandler            0x080001b7   Thumb Code     0  startup_stm32f407xx.o(.text)
    TIM1_UP_TIM10_IRQHandler                 0x080001b7   Thumb Code     0  startup_stm32f407xx.o(.text)
    TIM3_IRQHandler                          0x080001b7   Thumb Code     0  startup_stm32f407xx.o(.text)
    TIM5_IRQHandler                          0x080001b7   Thumb Code     0  startup_stm32f407xx.o(.text)
    TIM7_IRQHandler                          0x080001b7   Thumb Code     0  startup_stm32f407xx.o(.text)
    TIM8_BRK_TIM12_IRQHandler                0x080001b7   Thumb Code     0  startup_stm32f407xx.o(.text)
    TIM8_CC_IRQHandler                       0x080001b7   Thumb Code     0  startup_stm32f407xx.o(.text)
    TIM8_TRG_COM_TIM14_IRQHandler            0x080001b7   Thumb Code     0  startup_stm32f407xx.o(.text)
    TIM8_UP_TIM13_IRQHandler                 0x080001b7   Thumb Code     0  startup_stm32f407xx.o(.text)
    UART4_IRQHandler                         0x080001b7   Thumb Code     0  startup_stm32f407xx.o(.text)
    UART5_IRQHandler                         0x080001b7   Thumb Code     0  startup_stm32f407xx.o(.text)
    USART2_IRQHandler                        0x080001b7   Thumb Code     0  startup_stm32f407xx.o(.text)
    WWDG_IRQHandler                          0x080001b7   Thumb Code     0  startup_stm32f407xx.o(.text)
    __aeabi_uldivmod                         0x080001c1   Thumb Code    98  uldiv.o(.text)
    __aeabi_memcpy                           0x08000223   Thumb Code    36  memcpya.o(.text)
    __aeabi_memcpy4                          0x08000223   Thumb Code     0  memcpya.o(.text)
    __aeabi_memcpy8                          0x08000223   Thumb Code     0  memcpya.o(.text)
    __aeabi_memset                           0x08000247   Thumb Code    14  memseta.o(.text)
    __aeabi_memset4                          0x08000247   Thumb Code     0  memseta.o(.text)
    __aeabi_memset8                          0x08000247   Thumb Code     0  memseta.o(.text)
    __aeabi_memclr                           0x08000255   Thumb Code     4  memseta.o(.text)
    __aeabi_memclr4                          0x08000255   Thumb Code     0  memseta.o(.text)
    __aeabi_memclr8                          0x08000255   Thumb Code     0  memseta.o(.text)
    _memset$wrapper                          0x08000259   Thumb Code    18  memseta.o(.text)
    __aeabi_dadd                             0x0800026b   Thumb Code   322  dadd.o(.text)
    __aeabi_dsub                             0x080003ad   Thumb Code     6  dadd.o(.text)
    __aeabi_drsub                            0x080003b3   Thumb Code     6  dadd.o(.text)
    __aeabi_dmul                             0x080003b9   Thumb Code   228  dmul.o(.text)
    __aeabi_ddiv                             0x0800049d   Thumb Code   222  ddiv.o(.text)
    __aeabi_dcmple                           0x0800057b   Thumb Code    54  dcmple.o(.text)
    __aeabi_dcmpgt                           0x080005b1   Thumb Code    54  dcmpgt.o(.text)
    __aeabi_i2d                              0x080005e7   Thumb Code    34  dflti.o(.text)
    __aeabi_f2d                              0x08000609   Thumb Code    38  f2d.o(.text)
    __aeabi_d2f                              0x0800062f   Thumb Code    56  d2f.o(.text)
    __aeabi_llsl                             0x08000667   Thumb Code    30  llshl.o(.text)
    _ll_shift_l                              0x08000667   Thumb Code     0  llshl.o(.text)
    __aeabi_llsr                             0x08000685   Thumb Code    32  llushr.o(.text)
    _ll_ushift_r                             0x08000685   Thumb Code     0  llushr.o(.text)
    __aeabi_lasr                             0x080006a5   Thumb Code    36  llsshr.o(.text)
    _ll_sshift_r                             0x080006a5   Thumb Code     0  llsshr.o(.text)
    __I$use$fp                               0x080006c9   Thumb Code     0  iusefp.o(.text)
    _float_round                             0x080006c9   Thumb Code    18  fepilogue.o(.text)
    _float_epilogue                          0x080006db   Thumb Code    92  fepilogue.o(.text)
    _double_round                            0x08000737   Thumb Code    30  depilogue.o(.text)
    _double_epilogue                         0x08000755   Thumb Code   156  depilogue.o(.text)
    __scatterload                            0x080007f1   Thumb Code    28  init.o(.text)
    __scatterload_rt2                        0x080007f1   Thumb Code     0  init.o(.text)
    __aeabi_ui2d                             0x08000815   Thumb Code    26  dfltui.o(.text)
    __aeabi_d2iz                             0x0800082f   Thumb Code    62  dfixi.o(.text)
    BMI088_CONF_INIT                         0x0800086d   Thumb Code    98  bmi088.o(.text.BMI088_CONF_INIT)
    BMI088_INIT                              0x080008d1   Thumb Code    86  bmi088.o(.text.BMI088_INIT)
    BusFault_Handler                         0x08000929   Thumb Code     4  stm32f4xx_it.o(.text.BusFault_Handler)
    CAN1_RX0_IRQHandler                      0x0800092d   Thumb Code    16  stm32f4xx_it.o(.text.CAN1_RX0_IRQHandler)
    CAN2_RX0_IRQHandler                      0x0800093d   Thumb Code    16  stm32f4xx_it.o(.text.CAN2_RX0_IRQHandler)
    CAN_F_Recv                               0x0800094d   Thumb Code   346  can_dev.o(.text.CAN_F_Recv)
    CAN_F_Send                               0x08000aa9   Thumb Code   136  can_dev.o(.text.CAN_F_Send)
    CAN_Filter_Init                          0x08000b31   Thumb Code   228  can_dev.o(.text.CAN_Filter_Init)
    CHASSIS_F_Ctl                            0x08000c19   Thumb Code  1112  chassis.o(.text.CHASSIS_F_Ctl)
    DBUS_F_Cal                               0x08001071   Thumb Code   414  dbus.o(.text.DBUS_F_Cal)
    DMA1_Stream1_IRQHandler                  0x08001211   Thumb Code    16  stm32f4xx_it.o(.text.DMA1_Stream1_IRQHandler)
    DMA2_Stream0_IRQHandler                  0x08001221   Thumb Code    16  stm32f4xx_it.o(.text.DMA2_Stream0_IRQHandler)
    DMA2_Stream2_IRQHandler                  0x08001231   Thumb Code    16  stm32f4xx_it.o(.text.DMA2_Stream2_IRQHandler)
    DMA2_Stream3_IRQHandler                  0x08001241   Thumb Code    16  stm32f4xx_it.o(.text.DMA2_Stream3_IRQHandler)
    DMA2_Stream6_IRQHandler                  0x08001251   Thumb Code    16  stm32f4xx_it.o(.text.DMA2_Stream6_IRQHandler)
    DebugMon_Handler                         0x080013f9   Thumb Code     2  stm32f4xx_it.o(.text.DebugMon_Handler)
    Error_Handler                            0x080013fd   Thumb Code    14  main.o(.text.Error_Handler)
    GIMBAL_F_Ctl                             0x0800140d   Thumb Code   192  gimbal.o(.text.GIMBAL_F_Ctl)
    Get_CRC16_Check_Sum                      0x080014cd   Thumb Code   102  crc_dji.o(.text.Get_CRC16_Check_Sum)
    Get_CRC8_Check_Sum                       0x08001535   Thumb Code    74  crc_dji.o(.text.Get_CRC8_Check_Sum)
    HAL_CAN_ActivateNotification             0x08001581   Thumb Code    82  stm32f4xx_hal_can.o(.text.HAL_CAN_ActivateNotification)
    HAL_CAN_AddTxMessage                     0x080015d5   Thumb Code   368  stm32f4xx_hal_can.o(.text.HAL_CAN_AddTxMessage)
    HAL_CAN_ConfigFilter                     0x08001745   Thumb Code   420  stm32f4xx_hal_can.o(.text.HAL_CAN_ConfigFilter)
    HAL_CAN_ErrorCallback                    0x080018e9   Thumb Code     8  stm32f4xx_hal_can.o(.text.HAL_CAN_ErrorCallback)
    HAL_CAN_GetRxMessage                     0x080018f1   Thumb Code   496  stm32f4xx_hal_can.o(.text.HAL_CAN_GetRxMessage)
    HAL_CAN_IRQHandler                       0x08001ae1   Thumb Code  1010  stm32f4xx_hal_can.o(.text.HAL_CAN_IRQHandler)
    HAL_CAN_Init                             0x08001ed5   Thumb Code   478  stm32f4xx_hal_can.o(.text.HAL_CAN_Init)
    HAL_CAN_MspInit                          0x080020b5   Thumb Code   392  can.o(.text.HAL_CAN_MspInit)
    HAL_CAN_RxFifo0FullCallback              0x0800223d   Thumb Code     8  stm32f4xx_hal_can.o(.text.HAL_CAN_RxFifo0FullCallback)
    HAL_CAN_RxFifo0MsgPendingCallback        0x08002245   Thumb Code    46  can_dev.o(.text.HAL_CAN_RxFifo0MsgPendingCallback)
    HAL_CAN_RxFifo1FullCallback              0x08002275   Thumb Code     8  stm32f4xx_hal_can.o(.text.HAL_CAN_RxFifo1FullCallback)
    HAL_CAN_RxFifo1MsgPendingCallback        0x0800227d   Thumb Code     8  stm32f4xx_hal_can.o(.text.HAL_CAN_RxFifo1MsgPendingCallback)
    HAL_CAN_SleepCallback                    0x08002285   Thumb Code     8  stm32f4xx_hal_can.o(.text.HAL_CAN_SleepCallback)
    HAL_CAN_Start                            0x0800228d   Thumb Code   138  stm32f4xx_hal_can.o(.text.HAL_CAN_Start)
    HAL_CAN_TxMailbox0AbortCallback          0x08002319   Thumb Code     8  stm32f4xx_hal_can.o(.text.HAL_CAN_TxMailbox0AbortCallback)
    HAL_CAN_TxMailbox0CompleteCallback       0x08002321   Thumb Code     8  stm32f4xx_hal_can.o(.text.HAL_CAN_TxMailbox0CompleteCallback)
    HAL_CAN_TxMailbox1AbortCallback          0x08002329   Thumb Code     8  stm32f4xx_hal_can.o(.text.HAL_CAN_TxMailbox1AbortCallback)
    HAL_CAN_TxMailbox1CompleteCallback       0x08002331   Thumb Code     8  stm32f4xx_hal_can.o(.text.HAL_CAN_TxMailbox1CompleteCallback)
    HAL_CAN_TxMailbox2AbortCallback          0x08002339   Thumb Code     8  stm32f4xx_hal_can.o(.text.HAL_CAN_TxMailbox2AbortCallback)
    HAL_CAN_TxMailbox2CompleteCallback       0x08002341   Thumb Code     8  stm32f4xx_hal_can.o(.text.HAL_CAN_TxMailbox2CompleteCallback)
    HAL_CAN_WakeUpFromRxMsgCallback          0x08002349   Thumb Code     8  stm32f4xx_hal_can.o(.text.HAL_CAN_WakeUpFromRxMsgCallback)
    HAL_DMA_Abort                            0x08002351   Thumb Code   236  stm32f4xx_hal_dma.o(.text.HAL_DMA_Abort)
    HAL_DMA_Abort_IT                         0x0800243d   Thumb Code    68  stm32f4xx_hal_dma.o(.text.HAL_DMA_Abort_IT)
    HAL_DMA_IRQHandler                       0x08002481   Thumb Code   798  stm32f4xx_hal_dma.o(.text.HAL_DMA_IRQHandler)
    HAL_DMA_Init                             0x080027a1   Thumb Code   366  stm32f4xx_hal_dma.o(.text.HAL_DMA_Init)
    HAL_DMA_Start_IT                         0x08002911   Thumb Code   194  stm32f4xx_hal_dma.o(.text.HAL_DMA_Start_IT)
    HAL_Delay                                0x080029d5   Thumb Code    66  stm32f4xx_hal.o(.text.HAL_Delay)
    HAL_GPIO_Init                            0x08002a19   Thumb Code   950  stm32f4xx_hal_gpio.o(.text.HAL_GPIO_Init)
    HAL_GPIO_WritePin                        0x08002dd1   Thumb Code    46  stm32f4xx_hal_gpio.o(.text.HAL_GPIO_WritePin)
    HAL_GetTick                              0x08002e01   Thumb Code    12  stm32f4xx_hal.o(.text.HAL_GetTick)
    HAL_IncTick                              0x08002e0d   Thumb Code    26  stm32f4xx_hal.o(.text.HAL_IncTick)
    HAL_Init                                 0x08002e29   Thumb Code    54  stm32f4xx_hal.o(.text.HAL_Init)
    HAL_InitTick                             0x08002e61   Thumb Code   112  stm32f4xx_hal.o(.text.HAL_InitTick)
    HAL_MspInit                              0x08002ed1   Thumb Code    74  stm32f4xx_hal_msp.o(.text.HAL_MspInit)
    HAL_NVIC_EnableIRQ                       0x08002f1d   Thumb Code    20  stm32f4xx_hal_cortex.o(.text.HAL_NVIC_EnableIRQ)
    HAL_NVIC_SetPriority                     0x08002f31   Thumb Code    50  stm32f4xx_hal_cortex.o(.text.HAL_NVIC_SetPriority)
    HAL_NVIC_SetPriorityGrouping             0x08002f65   Thumb Code    16  stm32f4xx_hal_cortex.o(.text.HAL_NVIC_SetPriorityGrouping)
    HAL_RCC_ClockConfig                      0x08002f75   Thumb Code   610  stm32f4xx_hal_rcc.o(.text.HAL_RCC_ClockConfig)
    HAL_RCC_GetHCLKFreq                      0x080031d9   Thumb Code    12  stm32f4xx_hal_rcc.o(.text.HAL_RCC_GetHCLKFreq)
    HAL_RCC_GetPCLK1Freq                     0x080031e5   Thumb Code    34  stm32f4xx_hal_rcc.o(.text.HAL_RCC_GetPCLK1Freq)
    HAL_RCC_GetPCLK2Freq                     0x08003209   Thumb Code    34  stm32f4xx_hal_rcc.o(.text.HAL_RCC_GetPCLK2Freq)
    HAL_RCC_GetSysClockFreq                  0x0800322d   Thumb Code   230  stm32f4xx_hal_rcc.o(.text.HAL_RCC_GetSysClockFreq)
    HAL_RCC_OscConfig                        0x08003315   Thumb Code  1726  stm32f4xx_hal_rcc.o(.text.HAL_RCC_OscConfig)
    HAL_SPI_GetState                         0x080039d5   Thumb Code    14  stm32f4xx_hal_spi.o(.text.HAL_SPI_GetState)
    HAL_SPI_Init                             0x080039e5   Thumb Code   256  stm32f4xx_hal_spi.o(.text.HAL_SPI_Init)
    HAL_SPI_MspInit                          0x08003ae5   Thumb Code   404  spi.o(.text.HAL_SPI_MspInit)
    HAL_SPI_Receive                          0x08003c79   Thumb Code   560  stm32f4xx_hal_spi.o(.text.HAL_SPI_Receive)
    HAL_SPI_Transmit                         0x08003ea9   Thumb Code   644  stm32f4xx_hal_spi.o(.text.HAL_SPI_Transmit)
    HAL_SPI_TransmitReceive                  0x0800412d   Thumb Code   870  stm32f4xx_hal_spi.o(.text.HAL_SPI_TransmitReceive)
    HAL_SYSTICK_Config                       0x08004495   Thumb Code    16  stm32f4xx_hal_cortex.o(.text.HAL_SYSTICK_Config)
    HAL_TIMEx_BreakCallback                  0x080044a5   Thumb Code     8  stm32f4xx_hal_tim_ex.o(.text.HAL_TIMEx_BreakCallback)
    HAL_TIMEx_CommutCallback                 0x080044ad   Thumb Code     8  stm32f4xx_hal_tim_ex.o(.text.HAL_TIMEx_CommutCallback)
    HAL_TIMEx_MasterConfigSynchronization    0x080044b5   Thumb Code   290  stm32f4xx_hal_tim_ex.o(.text.HAL_TIMEx_MasterConfigSynchronization)
    HAL_TIM_Base_Init                        0x080045d9   Thumb Code   156  stm32f4xx_hal_tim.o(.text.HAL_TIM_Base_Init)
    HAL_TIM_Base_MspInit                     0x08004675   Thumb Code   298  tim.o(.text.HAL_TIM_Base_MspInit)
    HAL_TIM_Base_Start_IT                    0x080047a1   Thumb Code   246  stm32f4xx_hal_tim.o(.text.HAL_TIM_Base_Start_IT)
    HAL_TIM_ConfigClockSource                0x08004899   Thumb Code   388  stm32f4xx_hal_tim.o(.text.HAL_TIM_ConfigClockSource)
    HAL_TIM_IC_CaptureCallback               0x08004a1d   Thumb Code     8  stm32f4xx_hal_tim.o(.text.HAL_TIM_IC_CaptureCallback)
    HAL_TIM_IRQHandler                       0x08004a25   Thumb Code   634  stm32f4xx_hal_tim.o(.text.HAL_TIM_IRQHandler)
    HAL_TIM_OC_DelayElapsedCallback          0x08004ca1   Thumb Code     8  stm32f4xx_hal_tim.o(.text.HAL_TIM_OC_DelayElapsedCallback)
    HAL_TIM_PWM_PulseFinishedCallback        0x08004ca9   Thumb Code     8  stm32f4xx_hal_tim.o(.text.HAL_TIM_PWM_PulseFinishedCallback)
    HAL_TIM_PeriodElapsedCallback            0x08004cb1   Thumb Code   180  tim_dev.o(.text.HAL_TIM_PeriodElapsedCallback)
    HAL_TIM_TriggerCallback                  0x08004d65   Thumb Code     8  stm32f4xx_hal_tim.o(.text.HAL_TIM_TriggerCallback)
    HAL_UARTEx_RxEventCallback               0x08004d6d   Thumb Code    12  stm32f4xx_hal_uart.o(.text.HAL_UARTEx_RxEventCallback)
    HAL_UART_DMAStop                         0x08004d79   Thumb Code   204  stm32f4xx_hal_uart.o(.text.HAL_UART_DMAStop)
    HAL_UART_ErrorCallback                   0x08004e45   Thumb Code     8  stm32f4xx_hal_uart.o(.text.HAL_UART_ErrorCallback)
    HAL_UART_IRQHandler                      0x08004e4d   Thumb Code  1054  stm32f4xx_hal_uart.o(.text.HAL_UART_IRQHandler)
    HAL_UART_Init                            0x0800526d   Thumb Code   154  stm32f4xx_hal_uart.o(.text.HAL_UART_Init)
    HAL_UART_MspInit                         0x08005309   Thumb Code   768  usart.o(.text.HAL_UART_MspInit)
    HAL_UART_Receive_DMA                     0x08005609   Thumb Code   120  stm32f4xx_hal_uart.o(.text.HAL_UART_Receive_DMA)
    HAL_UART_RxCpltCallback                  0x08005681   Thumb Code     8  stm32f4xx_hal_uart.o(.text.HAL_UART_RxCpltCallback)
    HAL_UART_RxHalfCpltCallback              0x08005689   Thumb Code     8  stm32f4xx_hal_uart.o(.text.HAL_UART_RxHalfCpltCallback)
    HAL_UART_TxCpltCallback                  0x08005691   Thumb Code     8  stm32f4xx_hal_uart.o(.text.HAL_UART_TxCpltCallback)
    HardFault_Handler                        0x08005699   Thumb Code     4  stm32f4xx_it.o(.text.HardFault_Handler)
    LowPassFilter                            0x080056a1   Thumb Code   136  bmi088.o(.text.LowPassFilter)
    MOTOR_F_Cal_Data                         0x08005729   Thumb Code    72  motor.o(.text.MOTOR_F_Cal_Data)
    MOTOR_F_Cal_Round                        0x08005771   Thumb Code    88  motor.o(.text.MOTOR_F_Cal_Round)
    MX_CAN1_Init                             0x080057c9   Thumb Code    78  can.o(.text.MX_CAN1_Init)
    MX_CAN2_Init                             0x08005819   Thumb Code    78  can.o(.text.MX_CAN2_Init)
    MX_DMA_Init                              0x08005869   Thumb Code   168  dma.o(.text.MX_DMA_Init)
    MX_GPIO_Init                             0x08005911   Thumb Code   338  gpio.o(.text.MX_GPIO_Init)
    MX_SPI1_Init                             0x08005a95   Thumb Code    82  spi.o(.text.MX_SPI1_Init)
    MX_TIM2_Init                             0x08005ae9   Thumb Code   128  tim.o(.text.MX_TIM2_Init)
    MX_TIM4_Init                             0x08005b69   Thumb Code   132  tim.o(.text.MX_TIM4_Init)
    MX_TIM6_Init                             0x08005bed   Thumb Code    90  tim.o(.text.MX_TIM6_Init)
    MX_TIM9_Init                             0x08005c49   Thumb Code    96  tim.o(.text.MX_TIM9_Init)
    MX_USART1_UART_Init                      0x08005ca9   Thumb Code    64  usart.o(.text.MX_USART1_UART_Init)
    MX_USART3_UART_Init                      0x08005ce9   Thumb Code    68  usart.o(.text.MX_USART3_UART_Init)
    MX_USART6_UART_Init                      0x08005d2d   Thumb Code    64  usart.o(.text.MX_USART6_UART_Init)
    MemManage_Handler                        0x08005d6d   Thumb Code     4  stm32f4xx_it.o(.text.MemManage_Handler)
    NMI_Handler                              0x08005d71   Thumb Code     4  stm32f4xx_it.o(.text.NMI_Handler)
    PID_F_AS                                 0x08005de1   Thumb Code    78  pid.o(.text.PID_F_AS)
    PID_F_Cal                                0x08005e31   Thumb Code   376  pid.o(.text.PID_F_Cal)
    PID_F_Init                               0x08005fa9   Thumb Code    76  pid.o(.text.PID_F_Init)
    PID_F_S                                  0x08005ff5   Thumb Code    60  pid.o(.text.PID_F_S)
    PendSV_Handler                           0x08006031   Thumb Code     2  stm32f4xx_it.o(.text.PendSV_Handler)
    ROOT_F_Init                              0x08006035   Thumb Code    74  root.o(.text.ROOT_F_Init)
    ROOT_F_MONITOR_DBUS                      0x08006081   Thumb Code    48  root.o(.text.ROOT_F_MONITOR_DBUS)
    ROOT_F_PIDinit                           0x080060b1   Thumb Code   720  root.o(.text.ROOT_F_PIDinit)
    ReadAccData                              0x08006381   Thumb Code   240  bmi088.o(.text.ReadAccData)
    ReadAccSensorTime                        0x08006471   Thumb Code   224  bmi088.o(.text.ReadAccSensorTime)
    ReadAccTemperature                       0x08006551   Thumb Code   110  bmi088.o(.text.ReadAccTemperature)
    ReadGyroData                             0x080065c1   Thumb Code   360  bmi088.o(.text.ReadGyroData)
    ReadMultiDataFromAcc                     0x08006729   Thumb Code   228  bmi088.o(.text.ReadMultiDataFromAcc)
    ReadMultiDataFromGyro                    0x0800680d   Thumb Code   190  bmi088.o(.text.ReadMultiDataFromGyro)
    ReadSingleDataFromAcc                    0x080068cd   Thumb Code   182  bmi088.o(.text.ReadSingleDataFromAcc)
    ReadSingleDataFromGyro                   0x08006985   Thumb Code   146  bmi088.o(.text.ReadSingleDataFromGyro)
    Read_Data_first                          0x08006a19   Thumb Code   118  read_data.o(.text.Read_Data_first)
    Read_Data_system                         0x08006a91   Thumb Code  3466  read_data.o(.text.Read_Data_system)
    SVC_Handler                              0x08007ad1   Thumb Code     2  stm32f4xx_it.o(.text.SVC_Handler)
    SysTick_Handler                          0x08007b29   Thumb Code     8  stm32f4xx_it.o(.text.SysTick_Handler)
    SystemClock_Config                       0x08007b31   Thumb Code   188  main.o(.text.SystemClock_Config)
    SystemInit                               0x08007bed   Thumb Code    18  system_stm32f4xx.o(.text.SystemInit)
    TIM1_BRK_TIM9_IRQHandler                 0x08007c01   Thumb Code    16  stm32f4xx_it.o(.text.TIM1_BRK_TIM9_IRQHandler)
    TIM2_IRQHandler                          0x08007c11   Thumb Code    16  stm32f4xx_it.o(.text.TIM2_IRQHandler)
    TIM4_IRQHandler                          0x08007c21   Thumb Code    16  stm32f4xx_it.o(.text.TIM4_IRQHandler)
    TIM6_DAC_IRQHandler                      0x08007c31   Thumb Code    16  stm32f4xx_it.o(.text.TIM6_DAC_IRQHandler)
    TIM_Base_SetConfig                       0x08007c41   Thumb Code   410  stm32f4xx_hal_tim.o(.text.TIM_Base_SetConfig)
    TIM_ETR_SetConfig                        0x08007ddd   Thumb Code    52  stm32f4xx_hal_tim.o(.text.TIM_ETR_SetConfig)
    UART_Start_Receive_DMA                   0x08008431   Thumb Code   280  stm32f4xx_hal_uart.o(.text.UART_Start_Receive_DMA)
    USART1_IRQHandler                        0x080085dd   Thumb Code    28  stm32f4xx_it.o(.text.USART1_IRQHandler)
    USART3_IRQHandler                        0x080085f9   Thumb Code    56  stm32f4xx_it.o(.text.USART3_IRQHandler)
    USART6_IRQHandler                        0x08008631   Thumb Code    28  stm32f4xx_it.o(.text.USART6_IRQHandler)
    USAR_UART_IDLECallback                   0x0800864d   Thumb Code   102  usart_dev.o(.text.USAR_UART_IDLECallback)
    USER_UART_IRQHandler                     0x080086b5   Thumb Code   218  usart_dev.o(.text.USER_UART_IRQHandler)
    UsageFault_Handler                       0x08008791   Thumb Code     4  stm32f4xx_it.o(.text.UsageFault_Handler)
    VerifyAccChipID                          0x08008795   Thumb Code    48  bmi088.o(.text.VerifyAccChipID)
    VerifyAccSelfTest                        0x080087c9   Thumb Code   368  bmi088.o(.text.VerifyAccSelfTest)
    VerifyGyroChipID                         0x08008939   Thumb Code    48  bmi088.o(.text.VerifyGyroChipID)
    VerifyGyroSelfTest                       0x08008969   Thumb Code   106  bmi088.o(.text.VerifyGyroSelfTest)
    Verify_CRC16_Check_Sum                   0x080089d5   Thumb Code   124  crc_dji.o(.text.Verify_CRC16_Check_Sum)
    Verify_CRC8_Check_Sum                    0x08008a51   Thumb Code    92  crc_dji.o(.text.Verify_CRC8_Check_Sum)
    WriteDataToAcc                           0x08008aad   Thumb Code   160  bmi088.o(.text.WriteDataToAcc)
    WriteDataToGyro                          0x08008b4d   Thumb Code   166  bmi088.o(.text.WriteDataToGyro)
    main                                     0x08008cb5   Thumb Code   250  main.o(.text.main)
    __ARM_fpclassify                         0x08008daf   Thumb Code    48  fpclassify.o(i.__ARM_fpclassify)
    __hardfp_cos                             0x08008de1   Thumb Code   180  cos.o(i.__hardfp_cos)
    __hardfp_sin                             0x08008ea9   Thumb Code   180  sin.o(i.__hardfp_sin)
    __ieee754_rem_pio2                       0x08008f71   Thumb Code   938  rred.o(i.__ieee754_rem_pio2)
    __kernel_cos                             0x080093a9   Thumb Code   322  cos_i.o(i.__kernel_cos)
    __kernel_poly                            0x08009519   Thumb Code   248  poly.o(i.__kernel_poly)
    __kernel_sin                             0x08009611   Thumb Code   280  sin_i.o(i.__kernel_sin)
    __mathlib_dbl_infnan                     0x08009741   Thumb Code    20  dunder.o(i.__mathlib_dbl_infnan)
    __mathlib_dbl_invalid                    0x08009759   Thumb Code    24  dunder.o(i.__mathlib_dbl_invalid)
    __mathlib_dbl_underflow                  0x08009779   Thumb Code    24  dunder.o(i.__mathlib_dbl_underflow)
    __scatterload_copy                       0x08009799   Thumb Code    14  handlers.o(i.__scatterload_copy)
    __scatterload_null                       0x080097a7   Thumb Code     2  handlers.o(i.__scatterload_null)
    __scatterload_zeroinit                   0x080097a9   Thumb Code    14  handlers.o(i.__scatterload_zeroinit)
    __set_errno                              0x080097b9   Thumb Code     6  errno.o(i.__set_errno)
    fabs                                     0x080097c5   Thumb Code    24  fabs.o(i.fabs)
    AHBPrescTable                            0x080099f8   Data          16  system_stm32f4xx.o(.rodata.AHBPrescTable)
    APBPrescTable                            0x08009a08   Data           8  system_stm32f4xx.o(.rodata.APBPrescTable)
    CRC8_TAB                                 0x08009a10   Data         256  crc_dji.o(.rodata.CRC8_TAB)
    wCRC_Table                               0x08009b20   Data         512  crc_dji.o(.rodata.wCRC_Table)
    Region$$Table$$Base                      0x08009d20   Number         0  anon$$obj.o(Region$$Table)
    Region$$Table$$Limit                     0x08009d40   Number         0  anon$$obj.o(Region$$Table)
    CRC_INIT                                 0x20000004   Data           2  crc_dji.o(.data.CRC_INIT)
    SystemCoreClock                          0x20000008   Data           4  system_stm32f4xx.o(.data.SystemCoreClock)
    uwTickFreq                               0x2000000c   Data           1  stm32f4xx_hal.o(.data.uwTickFreq)
    uwTickPrio                               0x20000010   Data           4  stm32f4xx_hal.o(.data.uwTickPrio)
    ALL_RX                                   0x20000018   Data         255  read_data.o(.bss.ALL_RX)
    ANGLE_Rad                                0x20000118   Data           8  chassis.o(.bss.ANGLE_Rad)
    CANRxheader                              0x20000120   Data          28  can_dev.o(.bss.CANRxheader)
    CANRxmsg                                 0x2000013c   Data           8  can_dev.o(.bss.CANRxmsg)
    DBUS_V_DATA                              0x20000144   Data          56  dbus.o(.bss.DBUS_V_DATA)
    DBUS_V_UNION                             0x2000017c   Data          19  dbus.o(.bss.DBUS_V_UNION)
    Data_length                              0x20000190   Data           2  read_data.o(.bss.Data_length)
    MOTOR_V_ATTACK                           0x20000198   Data         540  tim_dev.o(.bss.MOTOR_V_ATTACK)
    MOTOR_V_CHASSIS                          0x200003b4   Data         720  tim_dev.o(.bss.MOTOR_V_CHASSIS)
    MOTOR_V_GIMBAL                           0x20000684   Data         360  tim_dev.o(.bss.MOTOR_V_GIMBAL)
    ROOT_V_MONITOR_DBUS                      0x200007ec   Data           1  root.o(.bss.ROOT_V_MONITOR_DBUS)
    cc                                       0x20000808   Data           4  chassis.o(.bss.cc)
    cp                                       0x2000080c   Data          44  main.o(.bss.cp)
    data_length                              0x20000838   Data           1  usart_dev.o(.bss.data_length)
    hcan1                                    0x2000083c   Data          40  can.o(.bss.hcan1)
    hcan2                                    0x20000864   Data          40  can.o(.bss.hcan2)
    hdma_spi1_rx                             0x2000088c   Data          96  spi.o(.bss.hdma_spi1_rx)
    hdma_spi1_tx                             0x200008ec   Data          96  spi.o(.bss.hdma_spi1_tx)
    hdma_usart3_rx                           0x2000094c   Data          96  usart.o(.bss.hdma_usart3_rx)
    hdma_usart6_rx                           0x200009ac   Data          96  usart.o(.bss.hdma_usart6_rx)
    hdma_usart6_tx                           0x20000a0c   Data          96  usart.o(.bss.hdma_usart6_tx)
    hspi1                                    0x20000a6c   Data          88  spi.o(.bss.hspi1)
    htim2                                    0x20000ac4   Data          72  tim.o(.bss.htim2)
    htim4                                    0x20000b0c   Data          72  tim.o(.bss.htim4)
    htim6                                    0x20000b54   Data          72  tim.o(.bss.htim6)
    htim9                                    0x20000b9c   Data          72  tim.o(.bss.htim9)
    huart1                                   0x20000be4   Data          68  usart.o(.bss.huart1)
    huart3                                   0x20000c28   Data          68  usart.o(.bss.huart3)
    huart6                                   0x20000c6c   Data          68  usart.o(.bss.huart6)
    mm                                       0x20000cb0   Data           4  chassis.o(.bss.mm)
    nn                                       0x20000cb4   Data           4  chassis.o(.bss.nn)
    rr                                       0x20000cb8   Data           4  chassis.o(.bss.rr)
    ss                                       0x20000cbc   Data           4  chassis.o(.bss.ss)
    user_data                                0x20000cc0   Data         205  read_data.o(.bss.user_data)
    uwTick                                   0x20000d90   Data           4  stm32f4xx_hal.o(.bss.uwTick)
    xx                                       0x20000d94   Data           4  chassis.o(.bss.xx)
    yy                                       0x20000d98   Data           4  chassis.o(.bss.yy)
    __initial_sp                             0x200011a0   Data           0  startup_stm32f407xx.o(STACK)



==============================================================================

Memory Map of the image

  Image Entry point : 0x08000189

  Load Region LR_IROM1 (Base: 0x08000000, Size: 0x00009d58, Max: 0x00100000, ABSOLUTE)

    Execution Region ER_IROM1 (Exec base: 0x08000000, Load base: 0x08000000, Size: 0x00009d40, Max: 0x00100000, ABSOLUTE)

    Exec Addr    Load Addr    Size         Type   Attr      Idx    E Section Name        Object

    0x08000000   0x08000000   0x00000188   Data   RO            3    RESET               startup_stm32f407xx.o
    0x08000188   0x08000188   0x00000000   Code   RO         1680  * .ARM.Collect$$$$00000000  mc_w.l(entry.o)
    0x08000188   0x08000188   0x00000004   Code   RO         1764    .ARM.Collect$$$$00000001  mc_w.l(entry2.o)
    0x0800018c   0x0800018c   0x00000004   Code   RO         1767    .ARM.Collect$$$$00000004  mc_w.l(entry5.o)
    0x08000190   0x08000190   0x00000000   Code   RO         1769    .ARM.Collect$$$$00000008  mc_w.l(entry7b.o)
    0x08000190   0x08000190   0x00000000   Code   RO         1771    .ARM.Collect$$$$0000000A  mc_w.l(entry8b.o)
    0x08000190   0x08000190   0x00000008   Code   RO         1772    .ARM.Collect$$$$0000000B  mc_w.l(entry9a.o)
    0x08000198   0x08000198   0x00000000   Code   RO         1774    .ARM.Collect$$$$0000000D  mc_w.l(entry10a.o)
    0x08000198   0x08000198   0x00000000   Code   RO         1776    .ARM.Collect$$$$0000000F  mc_w.l(entry11a.o)
    0x08000198   0x08000198   0x00000004   Code   RO         1765    .ARM.Collect$$$$00002712  mc_w.l(entry2.o)
    0x0800019c   0x0800019c   0x00000024   Code   RO            4    .text               startup_stm32f407xx.o
    0x080001c0   0x080001c0   0x00000062   Code   RO         1683    .text               mc_w.l(uldiv.o)
    0x08000222   0x08000222   0x00000024   Code   RO         1685    .text               mc_w.l(memcpya.o)
    0x08000246   0x08000246   0x00000024   Code   RO         1687    .text               mc_w.l(memseta.o)
    0x0800026a   0x0800026a   0x0000014e   Code   RO         1721    .text               mf_w.l(dadd.o)
    0x080003b8   0x080003b8   0x000000e4   Code   RO         1723    .text               mf_w.l(dmul.o)
    0x0800049c   0x0800049c   0x000000de   Code   RO         1725    .text               mf_w.l(ddiv.o)
    0x0800057a   0x0800057a   0x00000036   Code   RO         1727    .text               mf_w.l(dcmple.o)
    0x080005b0   0x080005b0   0x00000036   Code   RO         1729    .text               mf_w.l(dcmpgt.o)
    0x080005e6   0x080005e6   0x00000022   Code   RO         1733    .text               mf_w.l(dflti.o)
    0x08000608   0x08000608   0x00000026   Code   RO         1735    .text               mf_w.l(f2d.o)
    0x0800062e   0x0800062e   0x00000038   Code   RO         1737    .text               mf_w.l(d2f.o)
    0x08000666   0x08000666   0x0000001e   Code   RO         1778    .text               mc_w.l(llshl.o)
    0x08000684   0x08000684   0x00000020   Code   RO         1780    .text               mc_w.l(llushr.o)
    0x080006a4   0x080006a4   0x00000024   Code   RO         1782    .text               mc_w.l(llsshr.o)
    0x080006c8   0x080006c8   0x00000000   Code   RO         1793    .text               mc_w.l(iusefp.o)
    0x080006c8   0x080006c8   0x0000006e   Code   RO         1794    .text               mf_w.l(fepilogue.o)
    0x08000736   0x08000736   0x000000ba   Code   RO         1796    .text               mf_w.l(depilogue.o)
    0x080007f0   0x080007f0   0x00000024   Code   RO         1812    .text               mc_w.l(init.o)
    0x08000814   0x08000814   0x0000001a   Code   RO         1814    .text               mf_w.l(dfltui.o)
    0x0800082e   0x0800082e   0x0000003e   Code   RO         1816    .text               mf_w.l(dfixi.o)
    0x0800086c   0x0800086c   0x00000062   Code   RO         1508    .text.BMI088_CONF_INIT  bmi088.o
    0x080008ce   0x080008ce   0x00000002   PAD
    0x080008d0   0x080008d0   0x00000056   Code   RO         1506    .text.BMI088_INIT   bmi088.o
    0x08000926   0x08000926   0x00000002   PAD
    0x08000928   0x08000928   0x00000004   Code   RO          130    .text.BusFault_Handler  stm32f4xx_it.o
    0x0800092c   0x0800092c   0x00000010   Code   RO          144    .text.CAN1_RX0_IRQHandler  stm32f4xx_it.o
    0x0800093c   0x0800093c   0x00000010   Code   RO          164    .text.CAN2_RX0_IRQHandler  stm32f4xx_it.o
    0x0800094c   0x0800094c   0x0000015a   Code   RO         1405    .text.CAN_F_Recv    can_dev.o
    0x08000aa6   0x08000aa6   0x00000002   PAD
    0x08000aa8   0x08000aa8   0x00000088   Code   RO         1407    .text.CAN_F_Send    can_dev.o
    0x08000b30   0x08000b30   0x000000e4   Code   RO         1409    .text.CAN_Filter_Init  can_dev.o
    0x08000c14   0x08000c14   0x00000004   PAD
    0x08000c18   0x08000c18   0x00000458   Code   RO         1319    .text.CHASSIS_F_Ctl  chassis.o
    0x08001070   0x08001070   0x0000019e   Code   RO         1342    .text.DBUS_F_Cal    dbus.o
    0x0800120e   0x0800120e   0x00000002   PAD
    0x08001210   0x08001210   0x00000010   Code   RO          142    .text.DMA1_Stream1_IRQHandler  stm32f4xx_it.o
    0x08001220   0x08001220   0x00000010   Code   RO          158    .text.DMA2_Stream0_IRQHandler  stm32f4xx_it.o
    0x08001230   0x08001230   0x00000010   Code   RO          160    .text.DMA2_Stream2_IRQHandler  stm32f4xx_it.o
    0x08001240   0x08001240   0x00000010   Code   RO          162    .text.DMA2_Stream3_IRQHandler  stm32f4xx_it.o
    0x08001250   0x08001250   0x00000010   Code   RO          166    .text.DMA2_Stream6_IRQHandler  stm32f4xx_it.o
    0x08001260   0x08001260   0x00000056   Code   RO          442    .text.DMA_CalcBaseAndBitshift  stm32f4xx_hal_dma.o
    0x080012b6   0x080012b6   0x00000002   PAD
    0x080012b8   0x080012b8   0x000000f0   Code   RO          440    .text.DMA_CheckFifoParam  stm32f4xx_hal_dma.o
    0x080013a8   0x080013a8   0x00000050   Code   RO          448    .text.DMA_SetConfig  stm32f4xx_hal_dma.o
    0x080013f8   0x080013f8   0x00000002   Code   RO          136    .text.DebugMon_Handler  stm32f4xx_it.o
    0x080013fa   0x080013fa   0x00000002   PAD
    0x080013fc   0x080013fc   0x0000000e   Code   RO           17    .text.Error_Handler  main.o
    0x0800140a   0x0800140a   0x00000002   PAD
    0x0800140c   0x0800140c   0x000000c0   Code   RO         1355    .text.GIMBAL_F_Ctl  gimbal.o
    0x080014cc   0x080014cc   0x00000066   Code   RO         1559    .text.Get_CRC16_Check_Sum  crc_dji.o
    0x08001532   0x08001532   0x00000002   PAD
    0x08001534   0x08001534   0x0000004a   Code   RO         1553    .text.Get_CRC8_Check_Sum  crc_dji.o
    0x0800157e   0x0800157e   0x00000002   PAD
    0x08001580   0x08001580   0x00000052   Code   RO          219    .text.HAL_CAN_ActivateNotification  stm32f4xx_hal_can.o
    0x080015d2   0x080015d2   0x00000002   PAD
    0x080015d4   0x080015d4   0x00000170   Code   RO          205    .text.HAL_CAN_AddTxMessage  stm32f4xx_hal_can.o
    0x08001744   0x08001744   0x000001a4   Code   RO          195    .text.HAL_CAN_ConfigFilter  stm32f4xx_hal_can.o
    0x080018e8   0x080018e8   0x00000008   Code   RO          249    .text.HAL_CAN_ErrorCallback  stm32f4xx_hal_can.o
    0x080018f0   0x080018f0   0x000001f0   Code   RO          215    .text.HAL_CAN_GetRxMessage  stm32f4xx_hal_can.o
    0x08001ae0   0x08001ae0   0x000003f2   Code   RO          223    .text.HAL_CAN_IRQHandler  stm32f4xx_hal_can.o
    0x08001ed2   0x08001ed2   0x00000002   PAD
    0x08001ed4   0x08001ed4   0x000001de   Code   RO          185    .text.HAL_CAN_Init  stm32f4xx_hal_can.o
    0x080020b2   0x080020b2   0x00000002   PAD
    0x080020b4   0x080020b4   0x00000188   Code   RO           40    .text.HAL_CAN_MspInit  can.o
    0x0800223c   0x0800223c   0x00000008   Code   RO          237    .text.HAL_CAN_RxFifo0FullCallback  stm32f4xx_hal_can.o
    0x08002244   0x08002244   0x0000002e   Code   RO         1403    .text.HAL_CAN_RxFifo0MsgPendingCallback  can_dev.o
    0x08002272   0x08002272   0x00000002   PAD
    0x08002274   0x08002274   0x00000008   Code   RO          241    .text.HAL_CAN_RxFifo1FullCallback  stm32f4xx_hal_can.o
    0x0800227c   0x0800227c   0x00000008   Code   RO          243    .text.HAL_CAN_RxFifo1MsgPendingCallback  stm32f4xx_hal_can.o
    0x08002284   0x08002284   0x00000008   Code   RO          245    .text.HAL_CAN_SleepCallback  stm32f4xx_hal_can.o
    0x0800228c   0x0800228c   0x0000008a   Code   RO          197    .text.HAL_CAN_Start  stm32f4xx_hal_can.o
    0x08002316   0x08002316   0x00000002   PAD
    0x08002318   0x08002318   0x00000008   Code   RO          227    .text.HAL_CAN_TxMailbox0AbortCallback  stm32f4xx_hal_can.o
    0x08002320   0x08002320   0x00000008   Code   RO          225    .text.HAL_CAN_TxMailbox0CompleteCallback  stm32f4xx_hal_can.o
    0x08002328   0x08002328   0x00000008   Code   RO          231    .text.HAL_CAN_TxMailbox1AbortCallback  stm32f4xx_hal_can.o
    0x08002330   0x08002330   0x00000008   Code   RO          229    .text.HAL_CAN_TxMailbox1CompleteCallback  stm32f4xx_hal_can.o
    0x08002338   0x08002338   0x00000008   Code   RO          235    .text.HAL_CAN_TxMailbox2AbortCallback  stm32f4xx_hal_can.o
    0x08002340   0x08002340   0x00000008   Code   RO          233    .text.HAL_CAN_TxMailbox2CompleteCallback  stm32f4xx_hal_can.o
    0x08002348   0x08002348   0x00000008   Code   RO          247    .text.HAL_CAN_WakeUpFromRxMsgCallback  stm32f4xx_hal_can.o
    0x08002350   0x08002350   0x000000ec   Code   RO          452    .text.HAL_DMA_Abort  stm32f4xx_hal_dma.o
    0x0800243c   0x0800243c   0x00000044   Code   RO          454    .text.HAL_DMA_Abort_IT  stm32f4xx_hal_dma.o
    0x08002480   0x08002480   0x0000031e   Code   RO          458    .text.HAL_DMA_IRQHandler  stm32f4xx_hal_dma.o
    0x0800279e   0x0800279e   0x00000002   PAD
    0x080027a0   0x080027a0   0x0000016e   Code   RO          438    .text.HAL_DMA_Init  stm32f4xx_hal_dma.o
    0x0800290e   0x0800290e   0x00000002   PAD
    0x08002910   0x08002910   0x000000c2   Code   RO          450    .text.HAL_DMA_Start_IT  stm32f4xx_hal_dma.o
    0x080029d2   0x080029d2   0x00000002   PAD
    0x080029d4   0x080029d4   0x00000042   Code   RO          627    .text.HAL_Delay     stm32f4xx_hal.o
    0x08002a16   0x08002a16   0x00000002   PAD
    0x08002a18   0x08002a18   0x000003b6   Code   RO          400    .text.HAL_GPIO_Init  stm32f4xx_hal_gpio.o
    0x08002dce   0x08002dce   0x00000002   PAD
    0x08002dd0   0x08002dd0   0x0000002e   Code   RO          406    .text.HAL_GPIO_WritePin  stm32f4xx_hal_gpio.o
    0x08002dfe   0x08002dfe   0x00000002   PAD
    0x08002e00   0x08002e00   0x0000000c   Code   RO          619    .text.HAL_GetTick   stm32f4xx_hal.o
    0x08002e0c   0x08002e0c   0x0000001a   Code   RO          617    .text.HAL_IncTick   stm32f4xx_hal.o
    0x08002e26   0x08002e26   0x00000002   PAD
    0x08002e28   0x08002e28   0x00000036   Code   RO          607    .text.HAL_Init      stm32f4xx_hal.o
    0x08002e5e   0x08002e5e   0x00000002   PAD
    0x08002e60   0x08002e60   0x00000070   Code   RO          609    .text.HAL_InitTick  stm32f4xx_hal.o
    0x08002ed0   0x08002ed0   0x0000004a   Code   RO          177    .text.HAL_MspInit   stm32f4xx_hal_msp.o
    0x08002f1a   0x08002f1a   0x00000002   PAD
    0x08002f1c   0x08002f1c   0x00000014   Code   RO          548    .text.HAL_NVIC_EnableIRQ  stm32f4xx_hal_cortex.o
    0x08002f30   0x08002f30   0x00000032   Code   RO          540    .text.HAL_NVIC_SetPriority  stm32f4xx_hal_cortex.o
    0x08002f62   0x08002f62   0x00000002   PAD
    0x08002f64   0x08002f64   0x00000010   Code   RO          536    .text.HAL_NVIC_SetPriorityGrouping  stm32f4xx_hal_cortex.o
    0x08002f74   0x08002f74   0x00000262   Code   RO          268    .text.HAL_RCC_ClockConfig  stm32f4xx_hal_rcc.o
    0x080031d6   0x080031d6   0x00000002   PAD
    0x080031d8   0x080031d8   0x0000000c   Code   RO          278    .text.HAL_RCC_GetHCLKFreq  stm32f4xx_hal_rcc.o
    0x080031e4   0x080031e4   0x00000022   Code   RO          280    .text.HAL_RCC_GetPCLK1Freq  stm32f4xx_hal_rcc.o
    0x08003206   0x08003206   0x00000002   PAD
    0x08003208   0x08003208   0x00000022   Code   RO          282    .text.HAL_RCC_GetPCLK2Freq  stm32f4xx_hal_rcc.o
    0x0800322a   0x0800322a   0x00000002   PAD
    0x0800322c   0x0800322c   0x000000e6   Code   RO          270    .text.HAL_RCC_GetSysClockFreq  stm32f4xx_hal_rcc.o
    0x08003312   0x08003312   0x00000002   PAD
    0x08003314   0x08003314   0x000006be   Code   RO          266    .text.HAL_RCC_OscConfig  stm32f4xx_hal_rcc.o
    0x080039d2   0x080039d2   0x00000002   PAD
    0x080039d4   0x080039d4   0x0000000e   Code   RO          794    .text.HAL_SPI_GetState  stm32f4xx_hal_spi.o
    0x080039e2   0x080039e2   0x00000002   PAD
    0x080039e4   0x080039e4   0x00000100   Code   RO          696    .text.HAL_SPI_Init  stm32f4xx_hal_spi.o
    0x08003ae4   0x08003ae4   0x00000194   Code   RO           64    .text.HAL_SPI_MspInit  spi.o
    0x08003c78   0x08003c78   0x00000230   Code   RO          708    .text.HAL_SPI_Receive  stm32f4xx_hal_spi.o
    0x08003ea8   0x08003ea8   0x00000284   Code   RO          704    .text.HAL_SPI_Transmit  stm32f4xx_hal_spi.o
    0x0800412c   0x0800412c   0x00000366   Code   RO          710    .text.HAL_SPI_TransmitReceive  stm32f4xx_hal_spi.o
    0x08004492   0x08004492   0x00000002   PAD
    0x08004494   0x08004494   0x00000010   Code   RO          560    .text.HAL_SYSTICK_Config  stm32f4xx_hal_cortex.o
    0x080044a4   0x080044a4   0x00000008   Code   RO         1136    .text.HAL_TIMEx_BreakCallback  stm32f4xx_hal_tim_ex.o
    0x080044ac   0x080044ac   0x00000008   Code   RO         1132    .text.HAL_TIMEx_CommutCallback  stm32f4xx_hal_tim_ex.o
    0x080044b4   0x080044b4   0x00000122   Code   RO         1126    .text.HAL_TIMEx_MasterConfigSynchronization  stm32f4xx_hal_tim_ex.o
    0x080045d6   0x080045d6   0x00000002   PAD
    0x080045d8   0x080045d8   0x0000009c   Code   RO          813    .text.HAL_TIM_Base_Init  stm32f4xx_hal_tim.o
    0x08004674   0x08004674   0x0000012a   Code   RO           86    .text.HAL_TIM_Base_MspInit  tim.o
    0x0800479e   0x0800479e   0x00000002   PAD
    0x080047a0   0x080047a0   0x000000f6   Code   RO          827    .text.HAL_TIM_Base_Start_IT  stm32f4xx_hal_tim.o
    0x08004896   0x08004896   0x00000002   PAD
    0x08004898   0x08004898   0x00000184   Code   RO         1005    .text.HAL_TIM_ConfigClockSource  stm32f4xx_hal_tim.o
    0x08004a1c   0x08004a1c   0x00000008   Code   RO          949    .text.HAL_TIM_IC_CaptureCallback  stm32f4xx_hal_tim.o
    0x08004a24   0x08004a24   0x0000027a   Code   RO          947    .text.HAL_TIM_IRQHandler  stm32f4xx_hal_tim.o
    0x08004c9e   0x08004c9e   0x00000002   PAD
    0x08004ca0   0x08004ca0   0x00000008   Code   RO          951    .text.HAL_TIM_OC_DelayElapsedCallback  stm32f4xx_hal_tim.o
    0x08004ca8   0x08004ca8   0x00000008   Code   RO          953    .text.HAL_TIM_PWM_PulseFinishedCallback  stm32f4xx_hal_tim.o
    0x08004cb0   0x08004cb0   0x000000b4   Code   RO         1420    .text.HAL_TIM_PeriodElapsedCallback  tim_dev.o
    0x08004d64   0x08004d64   0x00000008   Code   RO          957    .text.HAL_TIM_TriggerCallback  stm32f4xx_hal_tim.o
    0x08004d6c   0x08004d6c   0x0000000c   Code   RO         1239    .text.HAL_UARTEx_RxEventCallback  stm32f4xx_hal_uart.o
    0x08004d78   0x08004d78   0x000000cc   Code   RO         1193    .text.HAL_UART_DMAStop  stm32f4xx_hal_uart.o
    0x08004e44   0x08004e44   0x00000008   Code   RO         1237    .text.HAL_UART_ErrorCallback  stm32f4xx_hal_uart.o
    0x08004e4c   0x08004e4c   0x0000041e   Code   RO         1231    .text.HAL_UART_IRQHandler  stm32f4xx_hal_uart.o
    0x0800526a   0x0800526a   0x00000002   PAD
    0x0800526c   0x0800526c   0x0000009a   Code   RO         1149    .text.HAL_UART_Init  stm32f4xx_hal_uart.o
    0x08005306   0x08005306   0x00000002   PAD
    0x08005308   0x08005308   0x00000300   Code   RO          107    .text.HAL_UART_MspInit  usart.o
    0x08005608   0x08005608   0x00000078   Code   RO         1185    .text.HAL_UART_Receive_DMA  stm32f4xx_hal_uart.o
    0x08005680   0x08005680   0x00000008   Code   RO         1249    .text.HAL_UART_RxCpltCallback  stm32f4xx_hal_uart.o
    0x08005688   0x08005688   0x00000008   Code   RO         1251    .text.HAL_UART_RxHalfCpltCallback  stm32f4xx_hal_uart.o
    0x08005690   0x08005690   0x00000008   Code   RO         1245    .text.HAL_UART_TxCpltCallback  stm32f4xx_hal_uart.o
    0x08005698   0x08005698   0x00000004   Code   RO          126    .text.HardFault_Handler  stm32f4xx_it.o
    0x0800569c   0x0800569c   0x00000004   PAD
    0x080056a0   0x080056a0   0x00000088   Code   RO         1532    .text.LowPassFilter  bmi088.o
    0x08005728   0x08005728   0x00000048   Code   RO         1363    .text.MOTOR_F_Cal_Data  motor.o
    0x08005770   0x08005770   0x00000058   Code   RO         1365    .text.MOTOR_F_Cal_Round  motor.o
    0x080057c8   0x080057c8   0x0000004e   Code   RO           36    .text.MX_CAN1_Init  can.o
    0x08005816   0x08005816   0x00000002   PAD
    0x08005818   0x08005818   0x0000004e   Code   RO           38    .text.MX_CAN2_Init  can.o
    0x08005866   0x08005866   0x00000002   PAD
    0x08005868   0x08005868   0x000000a8   Code   RO           54    .text.MX_DMA_Init   dma.o
    0x08005910   0x08005910   0x00000152   Code   RO           28    .text.MX_GPIO_Init  gpio.o
    0x08005a62   0x08005a62   0x00000002   PAD
    0x08005a64   0x08005a64   0x0000002e   Code   RO           15    .text.MX_NVIC_Init  main.o
    0x08005a92   0x08005a92   0x00000002   PAD
    0x08005a94   0x08005a94   0x00000052   Code   RO           62    .text.MX_SPI1_Init  spi.o
    0x08005ae6   0x08005ae6   0x00000002   PAD
    0x08005ae8   0x08005ae8   0x00000080   Code   RO           78    .text.MX_TIM2_Init  tim.o
    0x08005b68   0x08005b68   0x00000084   Code   RO           80    .text.MX_TIM4_Init  tim.o
    0x08005bec   0x08005bec   0x0000005a   Code   RO           82    .text.MX_TIM6_Init  tim.o
    0x08005c46   0x08005c46   0x00000002   PAD
    0x08005c48   0x08005c48   0x00000060   Code   RO           84    .text.MX_TIM9_Init  tim.o
    0x08005ca8   0x08005ca8   0x00000040   Code   RO          101    .text.MX_USART1_UART_Init  usart.o
    0x08005ce8   0x08005ce8   0x00000044   Code   RO          103    .text.MX_USART3_UART_Init  usart.o
    0x08005d2c   0x08005d2c   0x00000040   Code   RO          105    .text.MX_USART6_UART_Init  usart.o
    0x08005d6c   0x08005d6c   0x00000004   Code   RO          128    .text.MemManage_Handler  stm32f4xx_it.o
    0x08005d70   0x08005d70   0x00000004   Code   RO          124    .text.NMI_Handler   stm32f4xx_it.o
    0x08005d74   0x08005d74   0x0000006c   Code   RO          546    .text.NVIC_EncodePriority  stm32f4xx_hal_cortex.o
    0x08005de0   0x08005de0   0x0000004e   Code   RO         1380    .text.PID_F_AS      pid.o
    0x08005e2e   0x08005e2e   0x00000002   PAD
    0x08005e30   0x08005e30   0x00000178   Code   RO         1376    .text.PID_F_Cal     pid.o
    0x08005fa8   0x08005fa8   0x0000004c   Code   RO         1374    .text.PID_F_Init    pid.o
    0x08005ff4   0x08005ff4   0x0000003c   Code   RO         1384    .text.PID_F_S       pid.o
    0x08006030   0x08006030   0x00000002   Code   RO          138    .text.PendSV_Handler  stm32f4xx_it.o
    0x08006032   0x08006032   0x00000002   PAD
    0x08006034   0x08006034   0x0000004a   Code   RO         1484    .text.ROOT_F_Init   root.o
    0x0800607e   0x0800607e   0x00000002   PAD
    0x08006080   0x08006080   0x00000030   Code   RO         1480    .text.ROOT_F_MONITOR_DBUS  root.o
    0x080060b0   0x080060b0   0x000002d0   Code   RO         1482    .text.ROOT_F_PIDinit  root.o
    0x08006380   0x08006380   0x000000f0   Code   RO         1530    .text.ReadAccData   bmi088.o
    0x08006470   0x08006470   0x000000e0   Code   RO         1536    .text.ReadAccSensorTime  bmi088.o
    0x08006550   0x08006550   0x0000006e   Code   RO         1538    .text.ReadAccTemperature  bmi088.o
    0x080065be   0x080065be   0x00000002   PAD
    0x080065c0   0x080065c0   0x00000168   Code   RO         1534    .text.ReadGyroData  bmi088.o
    0x08006728   0x08006728   0x000000e4   Code   RO         1526    .text.ReadMultiDataFromAcc  bmi088.o
    0x0800680c   0x0800680c   0x000000be   Code   RO         1528    .text.ReadMultiDataFromGyro  bmi088.o
    0x080068ca   0x080068ca   0x00000002   PAD
    0x080068cc   0x080068cc   0x000000b6   Code   RO         1522    .text.ReadSingleDataFromAcc  bmi088.o
    0x08006982   0x08006982   0x00000002   PAD
    0x08006984   0x08006984   0x00000092   Code   RO         1524    .text.ReadSingleDataFromGyro  bmi088.o
    0x08006a16   0x08006a16   0x00000002   PAD
    0x08006a18   0x08006a18   0x00000076   Code   RO         1577    .text.Read_Data_first  read_data.o
    0x08006a8e   0x08006a8e   0x00000002   PAD
    0x08006a90   0x08006a90   0x00000d8a   Code   RO         1579    .text.Read_Data_system  read_data.o
    0x0800781a   0x0800781a   0x00000002   PAD
    0x0800781c   0x0800781c   0x000000e4   Code   RO          712    .text.SPI_EndRxTransaction  stm32f4xx_hal_spi.o
    0x08007900   0x08007900   0x000000a4   Code   RO          706    .text.SPI_EndRxTxTransaction  stm32f4xx_hal_spi.o
    0x080079a4   0x080079a4   0x0000012a   Code   RO          804    .text.SPI_WaitFlagStateUntilTimeout  stm32f4xx_hal_spi.o
    0x08007ace   0x08007ace   0x00000002   PAD
    0x08007ad0   0x08007ad0   0x00000002   Code   RO          134    .text.SVC_Handler   stm32f4xx_it.o
    0x08007ad2   0x08007ad2   0x00000002   PAD
    0x08007ad4   0x08007ad4   0x00000052   Code   RO          562    .text.SysTick_Config  stm32f4xx_hal_cortex.o
    0x08007b26   0x08007b26   0x00000002   PAD
    0x08007b28   0x08007b28   0x00000008   Code   RO          140    .text.SysTick_Handler  stm32f4xx_it.o
    0x08007b30   0x08007b30   0x000000bc   Code   RO           13    .text.SystemClock_Config  main.o
    0x08007bec   0x08007bec   0x00000012   Code   RO         1278    .text.SystemInit    system_stm32f4xx.o
    0x08007bfe   0x08007bfe   0x00000002   PAD
    0x08007c00   0x08007c00   0x00000010   Code   RO          146    .text.TIM1_BRK_TIM9_IRQHandler  stm32f4xx_it.o
    0x08007c10   0x08007c10   0x00000010   Code   RO          148    .text.TIM2_IRQHandler  stm32f4xx_it.o
    0x08007c20   0x08007c20   0x00000010   Code   RO          150    .text.TIM4_IRQHandler  stm32f4xx_it.o
    0x08007c30   0x08007c30   0x00000010   Code   RO          156    .text.TIM6_DAC_IRQHandler  stm32f4xx_it.o
    0x08007c40   0x08007c40   0x0000019a   Code   RO          817    .text.TIM_Base_SetConfig  stm32f4xx_hal_tim.o
    0x08007dda   0x08007dda   0x00000002   PAD
    0x08007ddc   0x08007ddc   0x00000034   Code   RO         1003    .text.TIM_ETR_SetConfig  stm32f4xx_hal_tim.o
    0x08007e10   0x08007e10   0x0000002a   Code   RO         1009    .text.TIM_ITRx_SetConfig  stm32f4xx_hal_tim.o
    0x08007e3a   0x08007e3a   0x00000002   PAD
    0x08007e3c   0x08007e3c   0x00000050   Code   RO         1007    .text.TIM_TI1_ConfigInputStage  stm32f4xx_hal_tim.o
    0x08007e8c   0x08007e8c   0x00000052   Code   RO         1011    .text.TIM_TI2_ConfigInputStage  stm32f4xx_hal_tim.o
    0x08007ede   0x08007ede   0x00000002   PAD
    0x08007ee0   0x08007ee0   0x00000020   Code   RO         1235    .text.UART_DMAAbortOnError  stm32f4xx_hal_uart.o
    0x08007f00   0x08007f00   0x0000007c   Code   RO         1183    .text.UART_DMAError  stm32f4xx_hal_uart.o
    0x08007f7c   0x08007f7c   0x000000ee   Code   RO         1267    .text.UART_DMAReceiveCplt  stm32f4xx_hal_uart.o
    0x0800806a   0x0800806a   0x00000002   PAD
    0x0800806c   0x0800806c   0x0000002e   Code   RO         1269    .text.UART_DMARxHalfCplt  stm32f4xx_hal_uart.o
    0x0800809a   0x0800809a   0x00000002   PAD
    0x0800809c   0x0800809c   0x00000094   Code   RO         1197    .text.UART_EndRxTransfer  stm32f4xx_hal_uart.o
    0x08008130   0x08008130   0x00000026   Code   RO         1243    .text.UART_EndTransmit_IT  stm32f4xx_hal_uart.o
    0x08008156   0x08008156   0x00000002   PAD
    0x08008158   0x08008158   0x00000036   Code   RO         1195    .text.UART_EndTxTransfer  stm32f4xx_hal_uart.o
    0x0800818e   0x0800818e   0x00000002   PAD
    0x08008190   0x08008190   0x00000164   Code   RO         1233    .text.UART_Receive_IT  stm32f4xx_hal_uart.o
    0x080082f4   0x080082f4   0x0000013a   Code   RO         1153    .text.UART_SetConfig  stm32f4xx_hal_uart.o
    0x0800842e   0x0800842e   0x00000002   PAD
    0x08008430   0x08008430   0x00000118   Code   RO         1187    .text.UART_Start_Receive_DMA  stm32f4xx_hal_uart.o
    0x08008548   0x08008548   0x00000094   Code   RO         1241    .text.UART_Transmit_IT  stm32f4xx_hal_uart.o
    0x080085dc   0x080085dc   0x0000001c   Code   RO          152    .text.USART1_IRQHandler  stm32f4xx_it.o
    0x080085f8   0x080085f8   0x00000038   Code   RO          154    .text.USART3_IRQHandler  stm32f4xx_it.o
    0x08008630   0x08008630   0x0000001c   Code   RO          168    .text.USART6_IRQHandler  stm32f4xx_it.o
    0x0800864c   0x0800864c   0x00000066   Code   RO         1433    .text.USAR_UART_IDLECallback  usart_dev.o
    0x080086b2   0x080086b2   0x00000002   PAD
    0x080086b4   0x080086b4   0x000000da   Code   RO         1435    .text.USER_UART_IRQHandler  usart_dev.o
    0x0800878e   0x0800878e   0x00000002   PAD
    0x08008790   0x08008790   0x00000004   Code   RO          132    .text.UsageFault_Handler  stm32f4xx_it.o
    0x08008794   0x08008794   0x00000030   Code   RO         1510    .text.VerifyAccChipID  bmi088.o
    0x080087c4   0x080087c4   0x00000004   PAD
    0x080087c8   0x080087c8   0x00000170   Code   RO         1514    .text.VerifyAccSelfTest  bmi088.o
    0x08008938   0x08008938   0x00000030   Code   RO         1512    .text.VerifyGyroChipID  bmi088.o
    0x08008968   0x08008968   0x0000006a   Code   RO         1516    .text.VerifyGyroSelfTest  bmi088.o
    0x080089d2   0x080089d2   0x00000002   PAD
    0x080089d4   0x080089d4   0x0000007c   Code   RO         1561    .text.Verify_CRC16_Check_Sum  crc_dji.o
    0x08008a50   0x08008a50   0x0000005c   Code   RO         1555    .text.Verify_CRC8_Check_Sum  crc_dji.o
    0x08008aac   0x08008aac   0x000000a0   Code   RO         1518    .text.WriteDataToAcc  bmi088.o
    0x08008b4c   0x08008b4c   0x000000a6   Code   RO         1520    .text.WriteDataToGyro  bmi088.o
    0x08008bf2   0x08008bf2   0x00000002   PAD
    0x08008bf4   0x08008bf4   0x00000030   Code   RO          550    .text.__NVIC_EnableIRQ  stm32f4xx_hal_cortex.o
    0x08008c24   0x08008c24   0x00000010   Code   RO          542    .text.__NVIC_GetPriorityGrouping  stm32f4xx_hal_cortex.o
    0x08008c34   0x08008c34   0x00000042   Code   RO          544    .text.__NVIC_SetPriority  stm32f4xx_hal_cortex.o
    0x08008c76   0x08008c76   0x00000002   PAD
    0x08008c78   0x08008c78   0x0000003c   Code   RO          538    .text.__NVIC_SetPriorityGrouping  stm32f4xx_hal_cortex.o
    0x08008cb4   0x08008cb4   0x000000fa   Code   RO           11    .text.main          main.o
    0x08008dae   0x08008dae   0x00000030   Code   RO         1808    i.__ARM_fpclassify  m_wm.l(fpclassify.o)
    0x08008dde   0x08008dde   0x00000002   PAD
    0x08008de0   0x08008de0   0x000000c8   Code   RO         1662    i.__hardfp_cos      m_wm.l(cos.o)
    0x08008ea8   0x08008ea8   0x000000c8   Code   RO         1668    i.__hardfp_sin      m_wm.l(sin.o)
    0x08008f70   0x08008f70   0x00000438   Code   RO         1756    i.__ieee754_rem_pio2  m_wm.l(rred.o)
    0x080093a8   0x080093a8   0x00000170   Code   RO         1739    i.__kernel_cos      m_wm.l(cos_i.o)
    0x08009518   0x08009518   0x000000f8   Code   RO         1810    i.__kernel_poly     m_wm.l(poly.o)
    0x08009610   0x08009610   0x00000130   Code   RO         1761    i.__kernel_sin      m_wm.l(sin_i.o)
    0x08009740   0x08009740   0x00000014   Code   RO         1743    i.__mathlib_dbl_infnan  m_wm.l(dunder.o)
    0x08009754   0x08009754   0x00000004   PAD
    0x08009758   0x08009758   0x00000020   Code   RO         1745    i.__mathlib_dbl_invalid  m_wm.l(dunder.o)
    0x08009778   0x08009778   0x00000020   Code   RO         1748    i.__mathlib_dbl_underflow  m_wm.l(dunder.o)
    0x08009798   0x08009798   0x0000000e   Code   RO         1820    i.__scatterload_copy  mc_w.l(handlers.o)
    0x080097a6   0x080097a6   0x00000002   Code   RO         1821    i.__scatterload_null  mc_w.l(handlers.o)
    0x080097a8   0x080097a8   0x0000000e   Code   RO         1822    i.__scatterload_zeroinit  mc_w.l(handlers.o)
    0x080097b6   0x080097b6   0x00000002   PAD
    0x080097b8   0x080097b8   0x0000000c   Code   RO         1788    i.__set_errno       mc_w.l(errno.o)
    0x080097c4   0x080097c4   0x00000018   Code   RO         1804    i.fabs              m_wm.l(fabs.o)
    0x080097dc   0x080097dc   0x00000004   PAD
    0x080097e0   0x080097e0   0x00000030   Data   RO         1740    .constdata          m_wm.l(cos_i.o)
    0x08009810   0x08009810   0x000000cc   Data   RO         1758    .constdata          m_wm.l(rred.o)
    0x080098dc   0x080098dc   0x00000004   PAD
    0x080098e0   0x080098e0   0x00000028   Data   RO         1762    .constdata          m_wm.l(sin_i.o)
    0x08009908   0x08009908   0x00000014   Data   RO         1496    .rodata..L__const.ROOT_F_PIDinit.PID_V_ATTACK_G_ANGLE  root.o
    0x0800991c   0x0800991c   0x00000014   Data   RO         1495    .rodata..L__const.ROOT_F_PIDinit.PID_V_ATTACK_G_SPEED  root.o
    0x08009930   0x08009930   0x00000014   Data   RO         1497    .rodata..L__const.ROOT_F_PIDinit.PID_V_ATTACK_L_CURRENT  root.o
    0x08009944   0x08009944   0x00000014   Data   RO         1493    .rodata..L__const.ROOT_F_PIDinit.PID_V_ATTACK_L_SPEED  root.o
    0x08009958   0x08009958   0x00000014   Data   RO         1498    .rodata..L__const.ROOT_F_PIDinit.PID_V_ATTACK_R_CURRENT  root.o
    0x0800996c   0x0800996c   0x00000014   Data   RO         1494    .rodata..L__const.ROOT_F_PIDinit.PID_V_ATTACK_R_SPEED  root.o
    0x08009980   0x08009980   0x00000014   Data   RO         1488    .rodata..L__const.ROOT_F_PIDinit.PID_V_CHASSIS_CURRENT  root.o
    0x08009994   0x08009994   0x00000014   Data   RO         1487    .rodata..L__const.ROOT_F_PIDinit.PID_V_CHASSIS_SPEED  root.o
    0x080099a8   0x080099a8   0x00000014   Data   RO         1492    .rodata..L__const.ROOT_F_PIDinit.PID_V_GIMBAL_PIT_ANGLE  root.o
    0x080099bc   0x080099bc   0x00000014   Data   RO         1491    .rodata..L__const.ROOT_F_PIDinit.PID_V_GIMBAL_PIT_SPEED  root.o
    0x080099d0   0x080099d0   0x00000014   Data   RO         1490    .rodata..L__const.ROOT_F_PIDinit.PID_V_GIMBAL_YAW_ANGLE  root.o
    0x080099e4   0x080099e4   0x00000014   Data   RO         1489    .rodata..L__const.ROOT_F_PIDinit.PID_V_GIMBAL_YAW_SPEED  root.o
    0x080099f8   0x080099f8   0x00000010   Data   RO         1283    .rodata.AHBPrescTable  system_stm32f4xx.o
    0x08009a08   0x08009a08   0x00000008   Data   RO         1284    .rodata.APBPrescTable  system_stm32f4xx.o
    0x08009a10   0x08009a10   0x00000100   Data   RO         1566    .rodata.CRC8_TAB    crc_dji.o
    0x08009b10   0x08009b10   0x00000008   Data   RO          468    .rodata.DMA_CalcBaseAndBitshift.flagBitshiftOffset  stm32f4xx_hal_dma.o
    0x08009b18   0x08009b18   0x00000008   Data   RO         1333    .rodata.cst8        chassis.o
    0x08009b20   0x08009b20   0x00000200   Data   RO         1569    .rodata.wCRC_Table  crc_dji.o
    0x08009d20   0x08009d20   0x00000020   Data   RO         1819    Region$$Table       anon$$obj.o


    Execution Region RW_IRAM1 (Exec base: 0x20000000, Load base: 0x08009d40, Size: 0x000011a0, Max: 0x0001c000, ABSOLUTE)

    Exec Addr    Load Addr    Size         Type   Attr      Idx    E Section Name        Object

    0x20000000   0x08009d40   0x00000004   Data   RW         1789    .data               mc_w.l(errno.o)
    0x20000004   0x08009d44   0x00000002   Data   RW         1568    .data.CRC_INIT      crc_dji.o
    0x20000006   0x08009d46   0x00000002   PAD
    0x20000008   0x08009d48   0x00000004   Data   RW         1282    .data.SystemCoreClock  system_stm32f4xx.o
    0x2000000c   0x08009d4c   0x00000001   Data   RW          662    .data.uwTickFreq    stm32f4xx_hal.o
    0x2000000d   0x08009d4d   0x00000003   PAD
    0x20000010   0x08009d50   0x00000004   Data   RW          661    .data.uwTickPrio    stm32f4xx_hal.o
    0x20000014   0x08009d54   0x00000004   PAD
    0x20000018        -       0x000000ff   Zero   RW         1581    .bss.ALL_RX         read_data.o
    0x20000117   0x08009d54   0x00000001   PAD
    0x20000118        -       0x00000008   Zero   RW         1332    .bss.ANGLE_Rad      chassis.o
    0x20000120        -       0x0000001c   Zero   RW         1412    .bss.CANRxheader    can_dev.o
    0x2000013c        -       0x00000008   Zero   RW         1411    .bss.CANRxmsg       can_dev.o
    0x20000144        -       0x00000038   Zero   RW         1346    .bss.DBUS_V_DATA    dbus.o
    0x2000017c        -       0x00000013   Zero   RW         1347    .bss.DBUS_V_UNION   dbus.o
    0x2000018f   0x08009d54   0x00000001   PAD
    0x20000190        -       0x00000002   Zero   RW         1583    .bss.Data_length    read_data.o
    0x20000192   0x08009d54   0x00000002   PAD
    0x20000194        -       0x00000004   Zero   RW           46    .bss.HAL_RCC_CAN1_CLK_ENABLED  can.o
    0x20000198        -       0x0000021c   Zero   RW         1424    .bss.MOTOR_V_ATTACK  tim_dev.o
    0x200003b4        -       0x000002d0   Zero   RW         1422    .bss.MOTOR_V_CHASSIS  tim_dev.o
    0x20000684        -       0x00000168   Zero   RW         1423    .bss.MOTOR_V_GIMBAL  tim_dev.o
    0x200007ec        -       0x00000001   Zero   RW         1486    .bss.ROOT_V_MONITOR_DBUS  root.o
    0x200007ed   0x08009d54   0x00000003   PAD
    0x200007f0        -       0x00000004   Zero   RW         1540    .bss.ReadAccData.filtered_x  bmi088.o
    0x200007f4        -       0x00000004   Zero   RW         1541    .bss.ReadAccData.filtered_y  bmi088.o
    0x200007f8        -       0x00000004   Zero   RW         1542    .bss.ReadAccData.filtered_z  bmi088.o
    0x200007fc        -       0x00000004   Zero   RW         1544    .bss.ReadGyroData.filtered_pitch  bmi088.o
    0x20000800        -       0x00000004   Zero   RW         1543    .bss.ReadGyroData.filtered_roll  bmi088.o
    0x20000804        -       0x00000004   Zero   RW         1545    .bss.ReadGyroData.filtered_yaw  bmi088.o
    0x20000808        -       0x00000004   Zero   RW         1330    .bss.cc             chassis.o
    0x2000080c        -       0x0000002c   Zero   RW           19    .bss.cp             main.o
    0x20000838        -       0x00000001   Zero   RW         1439    .bss.data_length    usart_dev.o
    0x20000839   0x08009d54   0x00000003   PAD
    0x2000083c        -       0x00000028   Zero   RW           44    .bss.hcan1          can.o
    0x20000864        -       0x00000028   Zero   RW           45    .bss.hcan2          can.o
    0x2000088c        -       0x00000060   Zero   RW           69    .bss.hdma_spi1_rx   spi.o
    0x200008ec        -       0x00000060   Zero   RW           70    .bss.hdma_spi1_tx   spi.o
    0x2000094c        -       0x00000060   Zero   RW          114    .bss.hdma_usart3_rx  usart.o
    0x200009ac        -       0x00000060   Zero   RW          115    .bss.hdma_usart6_rx  usart.o
    0x20000a0c        -       0x00000060   Zero   RW          116    .bss.hdma_usart6_tx  usart.o
    0x20000a6c        -       0x00000058   Zero   RW           68    .bss.hspi1          spi.o
    0x20000ac4        -       0x00000048   Zero   RW           90    .bss.htim2          tim.o
    0x20000b0c        -       0x00000048   Zero   RW           91    .bss.htim4          tim.o
    0x20000b54        -       0x00000048   Zero   RW           92    .bss.htim6          tim.o
    0x20000b9c        -       0x00000048   Zero   RW           93    .bss.htim9          tim.o
    0x20000be4        -       0x00000044   Zero   RW          111    .bss.huart1         usart.o
    0x20000c28        -       0x00000044   Zero   RW          112    .bss.huart3         usart.o
    0x20000c6c        -       0x00000044   Zero   RW          113    .bss.huart6         usart.o
    0x20000cb0        -       0x00000004   Zero   RW         1325    .bss.mm             chassis.o
    0x20000cb4        -       0x00000004   Zero   RW         1326    .bss.nn             chassis.o
    0x20000cb8        -       0x00000004   Zero   RW         1329    .bss.rr             chassis.o
    0x20000cbc        -       0x00000004   Zero   RW         1331    .bss.ss             chassis.o
    0x20000cc0        -       0x000000cd   Zero   RW         1582    .bss.user_data      read_data.o
    0x20000d8d   0x08009d54   0x00000003   PAD
    0x20000d90        -       0x00000004   Zero   RW          663    .bss.uwTick         stm32f4xx_hal.o
    0x20000d94        -       0x00000004   Zero   RW         1327    .bss.xx             chassis.o
    0x20000d98        -       0x00000004   Zero   RW         1328    .bss.yy             chassis.o
    0x20000d9c   0x08009d54   0x00000004   PAD
    0x20000da0        -       0x00000400   Zero   RW            1    STACK               startup_stm32f407xx.o


    Execution Region RW_IRAM2 (Exec base: 0x2001c000, Load base: 0x08009d58, Size: 0x00000000, Max: 0x00004000, ABSOLUTE)

    **** No section assigned to this execution region ****


==============================================================================

Image component sizes


      Code (inc. data)   RO Data    RW Data    ZI Data      Debug   Object Name

      2896         54          0          0         24       5902   bmi088.o
       548          0          0          0         84       6491   can.o
       756         10          0          0         36       4206   can_dev.o
      1112         16          8          0         36       4561   chassis.o
       392          0        768          2          0       2136   crc_dji.o
       414          0          0          0         75       3260   dbus.o
       168          0          0          0          0       3354   dma.o
       192         16          0          0          0       2978   gimbal.o
       338          0          0          0          0       2249   gpio.o
       498          0          0          0         44       5426   main.o
       160          0          0          0          0       1925   motor.o
       590          0          0          0          0       3539   pid.o
      3584          0          0          0        462      12495   read_data.o
       842          0        240          0          1       2871   root.o
       486          0          0          0        280       5109   spi.o
        36          8        392          0       1024        848   startup_stm32f407xx.o
       270          0          0          5          4       7131   stm32f4xx_hal.o
      3088          0          0          0          0      11337   stm32f4xx_hal_can.o
       482          0          0          0          0       9450   stm32f4xx_hal_cortex.o
      2068          8          8          0          0       8491   stm32f4xx_hal_dma.o
       996          0          0          0          0       5119   stm32f4xx_hal_gpio.o
        74          0          0          0          0       1500   stm32f4xx_hal_msp.o
      2646          0          0          0          0       7597   stm32f4xx_hal_rcc.o
      3034          0          0          0          0      19687   stm32f4xx_hal_spi.o
      2122          0          0          0          0      35775   stm32f4xx_hal_tim.o
       306          0          0          0          0      15279   stm32f4xx_hal_tim_ex.o
      3354          0          0          0          0      20133   stm32f4xx_hal_uart.o
       322          0          0          0          0       2700   stm32f4xx_it.o
        18          0         24          4          0       2547   system_stm32f4xx.o
       744          0          0          0        288       7870   tim.o
       180          0          0          0       1620       4850   tim_dev.o
       964          0          0          0        492       7657   usart.o
       320          0          0          0          1       4134   usart_dev.o

    ----------------------------------------------------------------------
     34150        112       1472         16       4492     238607   Object Totals
         0          0         32          0          0          0   (incl. Generated)
       150          0          0          5         21          0   (incl. Padding)

    ----------------------------------------------------------------------

      Code (inc. data)   RO Data    RW Data    ZI Data      Debug   Library Member Name

       200         20          0          0          0        164   cos.o
       368         46         48          0          0        200   cos_i.o
        84         16          0          0          0        372   dunder.o
        24          0          0          0          0        124   fabs.o
        48          0          0          0          0        124   fpclassify.o
       248          0          0          0          0        152   poly.o
      1080        142        204          0          0        188   rred.o
       200         20          0          0          0        164   sin.o
       304         24         40          0          0        208   sin_i.o
         0          0          0          0          0          0   entry.o
         0          0          0          0          0          0   entry10a.o
         0          0          0          0          0          0   entry11a.o
         8          4          0          0          0          0   entry2.o
         4          0          0          0          0          0   entry5.o
         0          0          0          0          0          0   entry7b.o
         0          0          0          0          0          0   entry8b.o
         8          4          0          0          0          0   entry9a.o
        12          6          0          4          0         68   errno.o
        30          0          0          0          0          0   handlers.o
        36          8          0          0          0         68   init.o
         0          0          0          0          0          0   iusefp.o
        30          0          0          0          0         68   llshl.o
        36          0          0          0          0         68   llsshr.o
        32          0          0          0          0         68   llushr.o
        36          0          0          0          0         68   memcpya.o
        36          0          0          0          0        108   memseta.o
        98          0          0          0          0         92   uldiv.o
        56          0          0          0          0         88   d2f.o
       334          0          0          0          0        148   dadd.o
        54          0          0          0          0         80   dcmpgt.o
        54          0          0          0          0         80   dcmple.o
       222          0          0          0          0        100   ddiv.o
       186          0          0          0          0        176   depilogue.o
        62          0          0          0          0         80   dfixi.o
        34          0          0          0          0         76   dflti.o
        26          0          0          0          0         76   dfltui.o
       228          0          0          0          0         96   dmul.o
        38          0          0          0          0         68   f2d.o
       110          0          0          0          0        168   fepilogue.o

    ----------------------------------------------------------------------
      4338        290        296          4          0       3540   Library Totals
        12          0          4          0          0          0   (incl. Padding)

    ----------------------------------------------------------------------

      Code (inc. data)   RO Data    RW Data    ZI Data      Debug   Library Name

      2556        268        292          0          0       1696   m_wm.l
       366         22          0          4          0        608   mc_w.l
      1404          0          0          0          0       1236   mf_w.l

    ----------------------------------------------------------------------
      4338        290        296          4          0       3540   Library Totals

    ----------------------------------------------------------------------

==============================================================================


      Code (inc. data)   RO Data    RW Data    ZI Data      Debug   

     38488        402       1768         20       4492     239847   Grand Totals
     38488        402       1768         20       4492     239847   ELF Image Totals
     38488        402       1768         20          0          0   ROM Totals

==============================================================================

    Total RO  Size (Code + RO Data)                40256 (  39.31kB)
    Total RW  Size (RW Data + ZI Data)              4512 (   4.41kB)
    Total ROM Size (Code + RO Data + RW Data)      40276 (  39.33kB)

==============================================================================

